Command line invocation:
    /Applications/Xcode.app/Contents/Developer/usr/bin/xcodebuild test -project merian.xcodeproj -scheme Merian -destination "platform=iOS Simulator,name=iPhone 17 Pro" "-only-testing:merianTests/OfflineQueueManagerTests"

Resolve Package Graph


Resolved source packages:
  RevenueCat: https://github.com/RevenueCat/purchases-ios.git @ 5.66.0
  RiveRuntime: https://github.com/rive-app/rive-ios.git @ 6.18.0
  swift-crypto: https://github.com/apple/swift-crypto.git @ 4.3.0
  AppAuth: https://github.com/openid/AppAuth-iOS.git @ 2.0.0
  Promises: https://github.com/google/promises.git @ 2.4.0
  GoogleUtilities: https://github.com/google/GoogleUtilities.git @ 8.1.0
  AppCheck: https://github.com/google/app-check.git @ 11.2.0
  PLCrashReporter: https://github.com/microsoft/plcrashreporter.git @ 1.12.2
  swift-asn1: https://github.com/apple/swift-asn1.git @ 1.6.0
  GTMSessionFetcher: https://github.com/google/gtm-session-fetcher.git @ 3.5.0
  swift-clocks: https://github.com/pointfreeco/swift-clocks @ 1.0.6
  GTMAppAuth: https://github.com/google/GTMAppAuth.git @ 5.0.0
  PostHog: https://github.com/PostHog/posthog-ios.git @ 3.48.2
  GoogleSignIn: https://github.com/google/GoogleSignIn-iOS.git @ 9.1.0
  TelemetryDeck: https://github.com/TelemetryDeck/SwiftClient.git @ 2.12.0
  Supabase: https://github.com/supabase-community/supabase-swift.git @ 2.43.0
  swift-concurrency-extras: https://github.com/pointfreeco/swift-concurrency-extras @ 1.3.2
  swift-http-types: https://github.com/apple/swift-http-types.git @ 1.5.1
  xctest-dynamic-overlay: https://github.com/pointfreeco/xctest-dynamic-overlay @ 1.9.0

ComputePackagePrebuildTargetDependencyGraph

Prepare packages

CreateBuildRequest

SendProjectDescription

CreateBuildOperation

ComputeTargetDependencyGraph
note: Building targets in dependency order
note: Target dependency graph (71 targets)
    Target 'merianUITests' in project 'Merian'
        ➜ Explicit dependency on target 'Merian' in project 'Merian'
    Target 'merianTests' in project 'Merian'
        ➜ Explicit dependency on target 'Merian' in project 'Merian'
    Target 'Merian' in project 'Merian'
        ➜ Explicit dependency on target 'MerianWatch' in project 'Merian'
        ➜ Explicit dependency on target 'RevenueCat' in project 'RevenueCat'
        ➜ Explicit dependency on target 'PostHog' in project 'PostHog'
        ➜ Explicit dependency on target 'Supabase' in project 'Supabase'
        ➜ Explicit dependency on target 'TelemetryClient' in project 'TelemetryDeck'
        ➜ Explicit dependency on target 'RiveRuntime' in project 'RiveRuntime'
        ➜ Explicit dependency on target 'GoogleSignIn' in project 'GoogleSignIn'
    Target 'GoogleSignIn' in project 'GoogleSignIn'
        ➜ Explicit dependency on target 'GoogleSignIn' in project 'GoogleSignIn'
        ➜ Explicit dependency on target 'GoogleSignIn_GoogleSignIn' in project 'GoogleSignIn'
        ➜ Explicit dependency on target 'AppAuth' in project 'AppAuth'
        ➜ Explicit dependency on target 'AppAuthCore' in project 'AppAuth'
        ➜ Explicit dependency on target 'AppCheckCore' in project 'AppCheck'
        ➜ Explicit dependency on target 'GTMAppAuth' in project 'GTMAppAuth'
        ➜ Explicit dependency on target 'GTMSessionFetcherCore' in project 'GTMSessionFetcher'
    Target 'GoogleSignIn' in project 'GoogleSignIn'
        ➜ Explicit dependency on target 'GoogleSignIn_GoogleSignIn' in project 'GoogleSignIn'
        ➜ Explicit dependency on target 'AppAuth' in project 'AppAuth'
        ➜ Explicit dependency on target 'AppAuthCore' in project 'AppAuth'
        ➜ Explicit dependency on target 'AppCheckCore' in project 'AppCheck'
        ➜ Explicit dependency on target 'GTMAppAuth' in project 'GTMAppAuth'
        ➜ Explicit dependency on target 'GTMSessionFetcherCore' in project 'GTMSessionFetcher'
    Target 'GTMAppAuth' in project 'GTMAppAuth'
        ➜ Explicit dependency on target 'GTMAppAuth' in project 'GTMAppAuth'
        ➜ Explicit dependency on target 'GTMAppAuth_GTMAppAuth' in project 'GTMAppAuth'
        ➜ Explicit dependency on target 'GTMSessionFetcherCore' in project 'GTMSessionFetcher'
        ➜ Explicit dependency on target 'AppAuthCore' in project 'AppAuth'
    Target 'GTMAppAuth' in project 'GTMAppAuth'
        ➜ Explicit dependency on target 'GTMAppAuth_GTMAppAuth' in project 'GTMAppAuth'
        ➜ Explicit dependency on target 'GTMSessionFetcherCore' in project 'GTMSessionFetcher'
        ➜ Explicit dependency on target 'AppAuthCore' in project 'AppAuth'
    Target 'GTMSessionFetcherCore' in project 'GTMSessionFetcher'
        ➜ Explicit dependency on target 'GTMSessionFetcherCore' in project 'GTMSessionFetcher'
        ➜ Explicit dependency on target 'GTMSessionFetcher_GTMSessionFetcherCore' in project 'GTMSessionFetcher'
    Target 'GTMSessionFetcherCore' in project 'GTMSessionFetcher'
        ➜ Explicit dependency on target 'GTMSessionFetcher_GTMSessionFetcherCore' in project 'GTMSessionFetcher'
    Target 'GTMSessionFetcher_GTMSessionFetcherCore' in project 'GTMSessionFetcher' (no dependencies)
    Target 'GTMAppAuth_GTMAppAuth' in project 'GTMAppAuth' (no dependencies)
    Target 'AppCheckCore' in project 'AppCheck'
        ➜ Explicit dependency on target 'AppCheckCore' in project 'AppCheck'
        ➜ Explicit dependency on target 'FBLPromises' in project 'Promises'
        ➜ Explicit dependency on target 'GULEnvironment' in project 'GoogleUtilities'
        ➜ Explicit dependency on target 'GULUserDefaults' in project 'GoogleUtilities'
    Target 'AppCheckCore' in project 'AppCheck'
        ➜ Explicit dependency on target 'FBLPromises' in project 'Promises'
        ➜ Explicit dependency on target 'GULEnvironment' in project 'GoogleUtilities'
        ➜ Explicit dependency on target 'GULUserDefaults' in project 'GoogleUtilities'
    Target 'GULUserDefaults' in project 'GoogleUtilities'
        ➜ Explicit dependency on target 'GoogleUtilities-UserDefaults' in project 'GoogleUtilities'
        ➜ Explicit dependency on target 'GoogleUtilities_GoogleUtilities-UserDefaults' in project 'GoogleUtilities'
        ➜ Explicit dependency on target 'third-party-IsAppEncrypted' in project 'GoogleUtilities'
        ➜ Explicit dependency on target 'GoogleUtilities-Environment' in project 'GoogleUtilities'
        ➜ Explicit dependency on target 'GoogleUtilities-Logger' in project 'GoogleUtilities'
    Target 'GoogleUtilities-UserDefaults' in project 'GoogleUtilities'
        ➜ Explicit dependency on target 'GoogleUtilities_GoogleUtilities-UserDefaults' in project 'GoogleUtilities'
        ➜ Explicit dependency on target 'third-party-IsAppEncrypted' in project 'GoogleUtilities'
        ➜ Explicit dependency on target 'GoogleUtilities-Environment' in project 'GoogleUtilities'
        ➜ Explicit dependency on target 'GoogleUtilities-Logger' in project 'GoogleUtilities'
    Target 'GoogleUtilities-Logger' in project 'GoogleUtilities'
        ➜ Explicit dependency on target 'GoogleUtilities_GoogleUtilities-Logger' in project 'GoogleUtilities'
        ➜ Explicit dependency on target 'third-party-IsAppEncrypted' in project 'GoogleUtilities'
        ➜ Explicit dependency on target 'GoogleUtilities-Environment' in project 'GoogleUtilities'
    Target 'GoogleUtilities_GoogleUtilities-Logger' in project 'GoogleUtilities' (no dependencies)
    Target 'GoogleUtilities_GoogleUtilities-UserDefaults' in project 'GoogleUtilities' (no dependencies)
    Target 'GULEnvironment' in project 'GoogleUtilities'
        ➜ Explicit dependency on target 'GoogleUtilities-Environment' in project 'GoogleUtilities'
        ➜ Explicit dependency on target 'GoogleUtilities_GoogleUtilities-Environment' in project 'GoogleUtilities'
        ➜ Explicit dependency on target 'third-party-IsAppEncrypted' in project 'GoogleUtilities'
    Target 'GoogleUtilities-Environment' in project 'GoogleUtilities'
        ➜ Explicit dependency on target 'GoogleUtilities_GoogleUtilities-Environment' in project 'GoogleUtilities'
        ➜ Explicit dependency on target 'third-party-IsAppEncrypted' in project 'GoogleUtilities'
    Target 'third-party-IsAppEncrypted' in project 'GoogleUtilities' (no dependencies)
    Target 'GoogleUtilities_GoogleUtilities-Environment' in project 'GoogleUtilities' (no dependencies)
    Target 'FBLPromises' in project 'Promises'
        ➜ Explicit dependency on target 'FBLPromises' in project 'Promises'
        ➜ Explicit dependency on target 'Promises_FBLPromises' in project 'Promises'
    Target 'FBLPromises' in project 'Promises'
        ➜ Explicit dependency on target 'Promises_FBLPromises' in project 'Promises'
    Target 'Promises_FBLPromises' in project 'Promises' (no dependencies)
    Target 'AppAuthCore' in project 'AppAuth'
        ➜ Explicit dependency on target 'AppAuthCore' in project 'AppAuth'
        ➜ Explicit dependency on target 'AppAuth_AppAuthCore' in project 'AppAuth'
    Target 'AppAuth' in project 'AppAuth'
        ➜ Explicit dependency on target 'AppAuth' in project 'AppAuth'
        ➜ Explicit dependency on target 'AppAuth_AppAuth' in project 'AppAuth'
        ➜ Explicit dependency on target 'AppAuthCore' in project 'AppAuth'
    Target 'AppAuth' in project 'AppAuth'
        ➜ Explicit dependency on target 'AppAuth_AppAuth' in project 'AppAuth'
        ➜ Explicit dependency on target 'AppAuthCore' in project 'AppAuth'
    Target 'AppAuthCore' in project 'AppAuth'
        ➜ Explicit dependency on target 'AppAuth_AppAuthCore' in project 'AppAuth'
    Target 'AppAuth_AppAuthCore' in project 'AppAuth' (no dependencies)
    Target 'AppAuth_AppAuth' in project 'AppAuth' (no dependencies)
    Target 'GoogleSignIn_GoogleSignIn' in project 'GoogleSignIn' (no dependencies)
    Target 'RiveRuntime' in project 'RiveRuntime' (no dependencies)
    Target 'TelemetryClient' in project 'TelemetryDeck'
        ➜ Explicit dependency on target 'TelemetryClient' in project 'TelemetryDeck'
        ➜ Explicit dependency on target 'TelemetryDeck_TelemetryClient' in project 'TelemetryDeck'
        ➜ Explicit dependency on target 'TelemetryDeck' in project 'TelemetryDeck'
    Target 'TelemetryClient' in project 'TelemetryDeck'
        ➜ Explicit dependency on target 'TelemetryDeck_TelemetryClient' in project 'TelemetryDeck'
        ➜ Explicit dependency on target 'TelemetryDeck' in project 'TelemetryDeck'
    Target 'TelemetryDeck' in project 'TelemetryDeck'
        ➜ Explicit dependency on target 'TelemetryDeck_TelemetryDeck' in project 'TelemetryDeck'
    Target 'TelemetryDeck_TelemetryDeck' in project 'TelemetryDeck' (no dependencies)
    Target 'TelemetryDeck_TelemetryClient' in project 'TelemetryDeck' (no dependencies)
    Target 'Supabase' in project 'Supabase'
        ➜ Explicit dependency on target 'Supabase' in project 'Supabase'
        ➜ Explicit dependency on target 'Functions' in project 'Supabase'
        ➜ Explicit dependency on target 'PostgREST' in project 'Supabase'
        ➜ Explicit dependency on target 'Auth' in project 'Supabase'
        ➜ Explicit dependency on target 'Realtime' in project 'Supabase'
        ➜ Explicit dependency on target 'Storage' in project 'Supabase'
        ➜ Explicit dependency on target 'Helpers' in project 'Supabase'
        ➜ Explicit dependency on target 'ConcurrencyExtras' in project 'swift-concurrency-extras'
        ➜ Explicit dependency on target 'HTTPTypes' in project 'swift-http-types'
        ➜ Explicit dependency on target 'Clocks' in project 'swift-clocks'
        ➜ Explicit dependency on target 'XCTestDynamicOverlay' in project 'xctest-dynamic-overlay'
        ➜ Explicit dependency on target 'Crypto' in project 'swift-crypto'
        ➜ Explicit dependency on target 'IssueReporting' in project 'xctest-dynamic-overlay'
    Target 'Supabase' in project 'Supabase'
        ➜ Explicit dependency on target 'Helpers' in project 'Supabase'
        ➜ Explicit dependency on target 'Auth' in project 'Supabase'
        ➜ Explicit dependency on target 'Functions' in project 'Supabase'
        ➜ Explicit dependency on target 'PostgREST' in project 'Supabase'
        ➜ Explicit dependency on target 'Realtime' in project 'Supabase'
        ➜ Explicit dependency on target 'Storage' in project 'Supabase'
        ➜ Explicit dependency on target 'ConcurrencyExtras' in project 'swift-concurrency-extras'
        ➜ Explicit dependency on target 'HTTPTypes' in project 'swift-http-types'
        ➜ Explicit dependency on target 'Clocks' in project 'swift-clocks'
        ➜ Explicit dependency on target 'XCTestDynamicOverlay' in project 'xctest-dynamic-overlay'
        ➜ Explicit dependency on target 'Crypto' in project 'swift-crypto'
        ➜ Explicit dependency on target 'IssueReporting' in project 'xctest-dynamic-overlay'
    Target 'Storage' in project 'Supabase'
        ➜ Explicit dependency on target 'Helpers' in project 'Supabase'
        ➜ Explicit dependency on target 'ConcurrencyExtras' in project 'swift-concurrency-extras'
        ➜ Explicit dependency on target 'HTTPTypes' in project 'swift-http-types'
        ➜ Explicit dependency on target 'Clocks' in project 'swift-clocks'
        ➜ Explicit dependency on target 'XCTestDynamicOverlay' in project 'xctest-dynamic-overlay'
    Target 'Realtime' in project 'Supabase'
        ➜ Explicit dependency on target 'Helpers' in project 'Supabase'
        ➜ Explicit dependency on target 'ConcurrencyExtras' in project 'swift-concurrency-extras'
        ➜ Explicit dependency on target 'HTTPTypes' in project 'swift-http-types'
        ➜ Explicit dependency on target 'Clocks' in project 'swift-clocks'
        ➜ Explicit dependency on target 'XCTestDynamicOverlay' in project 'xctest-dynamic-overlay'
        ➜ Explicit dependency on target 'IssueReporting' in project 'xctest-dynamic-overlay'
    Target 'PostgREST' in project 'Supabase'
        ➜ Explicit dependency on target 'Helpers' in project 'Supabase'
        ➜ Explicit dependency on target 'ConcurrencyExtras' in project 'swift-concurrency-extras'
        ➜ Explicit dependency on target 'HTTPTypes' in project 'swift-http-types'
        ➜ Explicit dependency on target 'Clocks' in project 'swift-clocks'
        ➜ Explicit dependency on target 'XCTestDynamicOverlay' in project 'xctest-dynamic-overlay'
    Target 'Functions' in project 'Supabase'
        ➜ Explicit dependency on target 'Helpers' in project 'Supabase'
        ➜ Explicit dependency on target 'ConcurrencyExtras' in project 'swift-concurrency-extras'
        ➜ Explicit dependency on target 'HTTPTypes' in project 'swift-http-types'
        ➜ Explicit dependency on target 'Clocks' in project 'swift-clocks'
        ➜ Explicit dependency on target 'XCTestDynamicOverlay' in project 'xctest-dynamic-overlay'
    Target 'Auth' in project 'Supabase'
        ➜ Explicit dependency on target 'Helpers' in project 'Supabase'
        ➜ Explicit dependency on target 'ConcurrencyExtras' in project 'swift-concurrency-extras'
        ➜ Explicit dependency on target 'HTTPTypes' in project 'swift-http-types'
        ➜ Explicit dependency on target 'Clocks' in project 'swift-clocks'
        ➜ Explicit dependency on target 'XCTestDynamicOverlay' in project 'xctest-dynamic-overlay'
        ➜ Explicit dependency on target 'Crypto' in project 'swift-crypto'
    Target 'Crypto' in project 'swift-crypto'
        ➜ Explicit dependency on target 'Crypto' in project 'swift-crypto'
        ➜ Explicit dependency on target 'swift-crypto_Crypto' in project 'swift-crypto'
    Target 'Crypto' in project 'swift-crypto'
        ➜ Explicit dependency on target 'swift-crypto_Crypto' in project 'swift-crypto'
    Target 'swift-crypto_Crypto' in project 'swift-crypto' (no dependencies)
    Target 'Helpers' in project 'Supabase'
        ➜ Explicit dependency on target 'ConcurrencyExtras' in project 'swift-concurrency-extras'
        ➜ Explicit dependency on target 'HTTPTypes' in project 'swift-http-types'
        ➜ Explicit dependency on target 'Clocks' in project 'swift-clocks'
        ➜ Explicit dependency on target 'XCTestDynamicOverlay' in project 'xctest-dynamic-overlay'
    Target 'XCTestDynamicOverlay' in project 'xctest-dynamic-overlay'
        ➜ Explicit dependency on target 'XCTestDynamicOverlay' in project 'xctest-dynamic-overlay'
        ➜ Explicit dependency on target 'IssueReportingPackageSupport' in project 'xctest-dynamic-overlay'
        ➜ Explicit dependency on target 'IssueReporting' in project 'xctest-dynamic-overlay'
    Target 'XCTestDynamicOverlay' in project 'xctest-dynamic-overlay'
        ➜ Explicit dependency on target 'IssueReportingPackageSupport' in project 'xctest-dynamic-overlay'
        ➜ Explicit dependency on target 'IssueReporting' in project 'xctest-dynamic-overlay'
    Target 'Clocks' in project 'swift-clocks'
        ➜ Explicit dependency on target 'Clocks' in project 'swift-clocks'
        ➜ Explicit dependency on target 'ConcurrencyExtras' in project 'swift-concurrency-extras'
        ➜ Explicit dependency on target 'IssueReporting' in project 'xctest-dynamic-overlay'
    Target 'Clocks' in project 'swift-clocks'
        ➜ Explicit dependency on target 'ConcurrencyExtras' in project 'swift-concurrency-extras'
        ➜ Explicit dependency on target 'IssueReporting' in project 'xctest-dynamic-overlay'
    Target 'IssueReporting' in project 'xctest-dynamic-overlay'
        ➜ Explicit dependency on target 'IssueReporting' in project 'xctest-dynamic-overlay'
        ➜ Explicit dependency on target 'IssueReportingPackageSupport' in project 'xctest-dynamic-overlay'
    Target 'IssueReporting' in project 'xctest-dynamic-overlay'
        ➜ Explicit dependency on target 'IssueReportingPackageSupport' in project 'xctest-dynamic-overlay'
    Target 'IssueReportingPackageSupport' in project 'xctest-dynamic-overlay' (no dependencies)
    Target 'HTTPTypes' in project 'swift-http-types'
        ➜ Explicit dependency on target 'HTTPTypes' in project 'swift-http-types'
    Target 'HTTPTypes' in project 'swift-http-types' (no dependencies)
    Target 'ConcurrencyExtras' in project 'swift-concurrency-extras'
        ➜ Explicit dependency on target 'ConcurrencyExtras' in project 'swift-concurrency-extras'
    Target 'ConcurrencyExtras' in project 'swift-concurrency-extras' (no dependencies)
    Target 'PostHog' in project 'PostHog'
        ➜ Explicit dependency on target 'PostHog' in project 'PostHog'
        ➜ Explicit dependency on target 'PostHog_PostHog' in project 'PostHog'
        ➜ Explicit dependency on target 'phlibwebp' in project 'PostHog'
        ➜ Explicit dependency on target 'CrashReporter' in project 'PLCrashReporter'
    Target 'PostHog' in project 'PostHog'
        ➜ Explicit dependency on target 'PostHog_PostHog' in project 'PostHog'
        ➜ Explicit dependency on target 'phlibwebp' in project 'PostHog'
        ➜ Explicit dependency on target 'CrashReporter' in project 'PLCrashReporter'
    Target 'CrashReporter' in project 'PLCrashReporter'
        ➜ Explicit dependency on target 'CrashReporter' in project 'PLCrashReporter'
        ➜ Explicit dependency on target 'PLCrashReporter_CrashReporter' in project 'PLCrashReporter'
    Target 'CrashReporter' in project 'PLCrashReporter'
        ➜ Explicit dependency on target 'PLCrashReporter_CrashReporter' in project 'PLCrashReporter'
    Target 'PLCrashReporter_CrashReporter' in project 'PLCrashReporter' (no dependencies)
    Target 'phlibwebp' in project 'PostHog' (no dependencies)
    Target 'PostHog_PostHog' in project 'PostHog' (no dependencies)
    Target 'RevenueCat' in project 'RevenueCat'
        ➜ Explicit dependency on target 'RevenueCat' in project 'RevenueCat'
        ➜ Explicit dependency on target 'RevenueCat_RevenueCat' in project 'RevenueCat'
    Target 'RevenueCat' in project 'RevenueCat'
        ➜ Explicit dependency on target 'RevenueCat_RevenueCat' in project 'RevenueCat'
    Target 'RevenueCat_RevenueCat' in project 'RevenueCat' (no dependencies)
    Target 'MerianWatch' in project 'Merian' (no dependencies)

GatherProvisioningInputs

CreateBuildDescription

ClangStatCache /Applications/Xcode.app/Contents/Developer/Toolchains/XcodeDefault.xctoolchain/usr/bin/clang-stat-cache /Applications/Xcode.app/Contents/Developer/Platforms/iPhoneSimulator.platform/Developer/SDKs/iPhoneSimulator26.2.sdk /Users/emreerdener/Library/Developer/Xcode/DerivedData/SDKStatCaches.noindex/iphonesimulator26.2-23C57-7d00a8b37fbd7999ea79df8ebc024bf0.sdkstatcache
    cd /Users/emreerdener/Developer/merian/Merian.xcodeproj
    /Applications/Xcode.app/Contents/Developer/Toolchains/XcodeDefault.xctoolchain/usr/bin/clang-stat-cache /Applications/Xcode.app/Contents/Developer/Platforms/iPhoneSimulator.platform/Developer/SDKs/iPhoneSimulator26.2.sdk -o /Users/emreerdener/Library/Developer/Xcode/DerivedData/SDKStatCaches.noindex/iphonesimulator26.2-23C57-7d00a8b37fbd7999ea79df8ebc024bf0.sdkstatcache

ClangStatCache /Applications/Xcode.app/Contents/Developer/Toolchains/XcodeDefault.xctoolchain/usr/bin/clang-stat-cache /Applications/Xcode.app/Contents/Developer/Platforms/WatchSimulator.platform/Developer/SDKs/WatchSimulator26.2.sdk /Users/emreerdener/Library/Developer/Xcode/DerivedData/SDKStatCaches.noindex/watchsimulator26.2-23S303-963ebdd26732d23a23bcca82c2045e26.sdkstatcache
    cd /Users/emreerdener/Developer/merian/Merian.xcodeproj
    /Applications/Xcode.app/Contents/Developer/Toolchains/XcodeDefault.xctoolchain/usr/bin/clang-stat-cache /Applications/Xcode.app/Contents/Developer/Platforms/WatchSimulator.platform/Developer/SDKs/WatchSimulator26.2.sdk -o /Users/emreerdener/Library/Developer/Xcode/DerivedData/SDKStatCaches.noindex/watchsimulator26.2-23S303-963ebdd26732d23a23bcca82c2045e26.sdkstatcache

ProcessInfoPlistFile /Users/emreerdener/Library/Developer/Xcode/DerivedData/Merian-bsmebnfnhwnbdncricvwvveooidw/Build/Products/Debug-iphonesimulator/TelemetryDeck_TelemetryDeck.bundle/Info.plist /Users/emreerdener/Library/Developer/Xcode/DerivedData/Merian-bsmebnfnhwnbdncricvwvveooidw/Build/Intermediates.noindex/TelemetryDeck.build/Debug-iphonesimulator/TelemetryDeck_TelemetryDeck.build/empty-TelemetryDeck_TelemetryDeck.plist (in target 'TelemetryDeck_TelemetryDeck' from project 'TelemetryDeck')
    cd /Users/emreerdener/Library/Developer/Xcode/DerivedData/Merian-bsmebnfnhwnbdncricvwvveooidw/SourcePackages/checkouts/SwiftClient
    builtin-infoPlistUtility /Users/emreerdener/Library/Developer/Xcode/DerivedData/Merian-bsmebnfnhwnbdncricvwvveooidw/Build/Intermediates.noindex/TelemetryDeck.build/Debug-iphonesimulator/TelemetryDeck_TelemetryDeck.build/empty-TelemetryDeck_TelemetryDeck.plist -producttype com.apple.product-type.bundle -expandbuildsettings -format binary -platform iphonesimulator -o /Users/emreerdener/Library/Developer/Xcode/DerivedData/Merian-bsmebnfnhwnbdncricvwvveooidw/Build/Products/Debug-iphonesimulator/TelemetryDeck_TelemetryDeck.bundle/Info.plist

ProcessInfoPlistFile /Users/emreerdener/Library/Developer/Xcode/DerivedData/Merian-bsmebnfnhwnbdncricvwvveooidw/Build/Products/Debug-iphonesimulator/TelemetryDeck_TelemetryClient.bundle/Info.plist /Users/emreerdener/Library/Developer/Xcode/DerivedData/Merian-bsmebnfnhwnbdncricvwvveooidw/Build/Intermediates.noindex/TelemetryDeck.build/Debug-iphonesimulator/TelemetryDeck_TelemetryClient.build/empty-TelemetryDeck_TelemetryClient.plist (in target 'TelemetryDeck_TelemetryClient' from project 'TelemetryDeck')
    cd /Users/emreerdener/Library/Developer/Xcode/DerivedData/Merian-bsmebnfnhwnbdncricvwvveooidw/SourcePackages/checkouts/SwiftClient
    builtin-infoPlistUtility /Users/emreerdener/Library/Developer/Xcode/DerivedData/Merian-bsmebnfnhwnbdncricvwvveooidw/Build/Intermediates.noindex/TelemetryDeck.build/Debug-iphonesimulator/TelemetryDeck_TelemetryClient.build/empty-TelemetryDeck_TelemetryClient.plist -producttype com.apple.product-type.bundle -expandbuildsettings -format binary -platform iphonesimulator -o /Users/emreerdener/Library/Developer/Xcode/DerivedData/Merian-bsmebnfnhwnbdncricvwvveooidw/Build/Products/Debug-iphonesimulator/TelemetryDeck_TelemetryClient.bundle/Info.plist

ProcessInfoPlistFile /Users/emreerdener/Library/Developer/Xcode/DerivedData/Merian-bsmebnfnhwnbdncricvwvveooidw/Build/Products/Debug-iphonesimulator/swift-crypto_Crypto.bundle/Info.plist /Users/emreerdener/Library/Developer/Xcode/DerivedData/Merian-bsmebnfnhwnbdncricvwvveooidw/Build/Intermediates.noindex/swift-crypto.build/Debug-iphonesimulator/swift-crypto_Crypto.build/empty-swift-crypto_Crypto.plist (in target 'swift-crypto_Crypto' from project 'swift-crypto')
    cd /Users/emreerdener/Library/Developer/Xcode/DerivedData/Merian-bsmebnfnhwnbdncricvwvveooidw/SourcePackages/checkouts/swift-crypto
    builtin-infoPlistUtility /Users/emreerdener/Library/Developer/Xcode/DerivedData/Merian-bsmebnfnhwnbdncricvwvveooidw/Build/Intermediates.noindex/swift-crypto.build/Debug-iphonesimulator/swift-crypto_Crypto.build/empty-swift-crypto_Crypto.plist -producttype com.apple.product-type.bundle -expandbuildsettings -format binary -platform iphonesimulator -o /Users/emreerdener/Library/Developer/Xcode/DerivedData/Merian-bsmebnfnhwnbdncricvwvveooidw/Build/Products/Debug-iphonesimulator/swift-crypto_Crypto.bundle/Info.plist

ProcessInfoPlistFile /Users/emreerdener/Library/Developer/Xcode/DerivedData/Merian-bsmebnfnhwnbdncricvwvveooidw/Build/Products/Debug-iphonesimulator/RevenueCat_RevenueCat.bundle/Info.plist /Users/emreerdener/Library/Developer/Xcode/DerivedData/Merian-bsmebnfnhwnbdncricvwvveooidw/Build/Intermediates.noindex/RevenueCat.build/Debug-iphonesimulator/RevenueCat_RevenueCat.build/empty-RevenueCat_RevenueCat.plist (in target 'RevenueCat_RevenueCat' from project 'RevenueCat')
    cd /Users/emreerdener/Library/Developer/Xcode/DerivedData/Merian-bsmebnfnhwnbdncricvwvveooidw/SourcePackages/checkouts/purchases-ios
    builtin-infoPlistUtility /Users/emreerdener/Library/Developer/Xcode/DerivedData/Merian-bsmebnfnhwnbdncricvwvveooidw/Build/Intermediates.noindex/RevenueCat.build/Debug-iphonesimulator/RevenueCat_RevenueCat.build/empty-RevenueCat_RevenueCat.plist -producttype com.apple.product-type.bundle -expandbuildsettings -format binary -platform iphonesimulator -o /Users/emreerdener/Library/Developer/Xcode/DerivedData/Merian-bsmebnfnhwnbdncricvwvveooidw/Build/Products/Debug-iphonesimulator/RevenueCat_RevenueCat.bundle/Info.plist

ProcessInfoPlistFile /Users/emreerdener/Library/Developer/Xcode/DerivedData/Merian-bsmebnfnhwnbdncricvwvveooidw/Build/Products/Debug-iphonesimulator/Promises_FBLPromises.bundle/Info.plist /Users/emreerdener/Library/Developer/Xcode/DerivedData/Merian-bsmebnfnhwnbdncricvwvveooidw/Build/Intermediates.noindex/Promises.build/Debug-iphonesimulator/Promises_FBLPromises.build/empty-Promises_FBLPromises.plist (in target 'Promises_FBLPromises' from project 'Promises')
    cd /Users/emreerdener/Library/Developer/Xcode/DerivedData/Merian-bsmebnfnhwnbdncricvwvveooidw/SourcePackages/checkouts/promises
    builtin-infoPlistUtility /Users/emreerdener/Library/Developer/Xcode/DerivedData/Merian-bsmebnfnhwnbdncricvwvveooidw/Build/Intermediates.noindex/Promises.build/Debug-iphonesimulator/Promises_FBLPromises.build/empty-Promises_FBLPromises.plist -producttype com.apple.product-type.bundle -expandbuildsettings -format binary -platform iphonesimulator -o /Users/emreerdener/Library/Developer/Xcode/DerivedData/Merian-bsmebnfnhwnbdncricvwvveooidw/Build/Products/Debug-iphonesimulator/Promises_FBLPromises.bundle/Info.plist

ProcessInfoPlistFile /Users/emreerdener/Library/Developer/Xcode/DerivedData/Merian-bsmebnfnhwnbdncricvwvveooidw/Build/Products/Debug-iphonesimulator/PLCrashReporter_CrashReporter.bundle/Info.plist /Users/emreerdener/Library/Developer/Xcode/DerivedData/Merian-bsmebnfnhwnbdncricvwvveooidw/Build/Intermediates.noindex/PLCrashReporter.build/Debug-iphonesimulator/PLCrashReporter_CrashReporter.build/empty-PLCrashReporter_CrashReporter.plist (in target 'PLCrashReporter_CrashReporter' from project 'PLCrashReporter')
    cd /Users/emreerdener/Library/Developer/Xcode/DerivedData/Merian-bsmebnfnhwnbdncricvwvveooidw/SourcePackages/checkouts/plcrashreporter
    builtin-infoPlistUtility /Users/emreerdener/Library/Developer/Xcode/DerivedData/Merian-bsmebnfnhwnbdncricvwvveooidw/Build/Intermediates.noindex/PLCrashReporter.build/Debug-iphonesimulator/PLCrashReporter_CrashReporter.build/empty-PLCrashReporter_CrashReporter.plist -producttype com.apple.product-type.bundle -expandbuildsettings -format binary -platform iphonesimulator -o /Users/emreerdener/Library/Developer/Xcode/DerivedData/Merian-bsmebnfnhwnbdncricvwvveooidw/Build/Products/Debug-iphonesimulator/PLCrashReporter_CrashReporter.bundle/Info.plist

ProcessInfoPlistFile /Users/emreerdener/Library/Developer/Xcode/DerivedData/Merian-bsmebnfnhwnbdncricvwvveooidw/Build/Products/Debug-iphonesimulator/PostHog_PostHog.bundle/Info.plist /Users/emreerdener/Library/Developer/Xcode/DerivedData/Merian-bsmebnfnhwnbdncricvwvveooidw/Build/Intermediates.noindex/PostHog.build/Debug-iphonesimulator/PostHog_PostHog.build/empty-PostHog_PostHog.plist (in target 'PostHog_PostHog' from project 'PostHog')
    cd /Users/emreerdener/Library/Developer/Xcode/DerivedData/Merian-bsmebnfnhwnbdncricvwvveooidw/SourcePackages/checkouts/posthog-ios
    builtin-infoPlistUtility /Users/emreerdener/Library/Developer/Xcode/DerivedData/Merian-bsmebnfnhwnbdncricvwvveooidw/Build/Intermediates.noindex/PostHog.build/Debug-iphonesimulator/PostHog_PostHog.build/empty-PostHog_PostHog.plist -producttype com.apple.product-type.bundle -expandbuildsettings -format binary -platform iphonesimulator -o /Users/emreerdener/Library/Developer/Xcode/DerivedData/Merian-bsmebnfnhwnbdncricvwvveooidw/Build/Products/Debug-iphonesimulator/PostHog_PostHog.bundle/Info.plist

ProcessProductPackaging "" /Users/emreerdener/Library/Developer/Xcode/DerivedData/Merian-bsmebnfnhwnbdncricvwvveooidw/Build/Intermediates.noindex/Merian.build/Debug-watchsimulator/MerianWatch.build/MerianWatch.app-Simulated.xcent (in target 'MerianWatch' from project 'Merian')
    cd /Users/emreerdener/Developer/merian
    
    Entitlements:
    
    {
    "application-identifier" = "TA8S64ST9W.app.merian.Merian.watchkitapp";
}
    
    builtin-productPackagingUtility -entitlements -format xml -o /Users/emreerdener/Library/Developer/Xcode/DerivedData/Merian-bsmebnfnhwnbdncricvwvveooidw/Build/Intermediates.noindex/Merian.build/Debug-watchsimulator/MerianWatch.build/MerianWatch.app-Simulated.xcent

ProcessInfoPlistFile /Users/emreerdener/Library/Developer/Xcode/DerivedData/Merian-bsmebnfnhwnbdncricvwvveooidw/Build/Products/Debug-iphonesimulator/GoogleUtilities_GoogleUtilities-UserDefaults.bundle/Info.plist /Users/emreerdener/Library/Developer/Xcode/DerivedData/Merian-bsmebnfnhwnbdncricvwvveooidw/Build/Intermediates.noindex/GoogleUtilities.build/Debug-iphonesimulator/GoogleUtilities_GoogleUtilities-UserDefaults.build/empty-GoogleUtilities_GoogleUtilities-UserDefaults.plist (in target 'GoogleUtilities_GoogleUtilities-UserDefaults' from project 'GoogleUtilities')
    cd /Users/emreerdener/Library/Developer/Xcode/DerivedData/Merian-bsmebnfnhwnbdncricvwvveooidw/SourcePackages/checkouts/GoogleUtilities
    builtin-infoPlistUtility /Users/emreerdener/Library/Developer/Xcode/DerivedData/Merian-bsmebnfnhwnbdncricvwvveooidw/Build/Intermediates.noindex/GoogleUtilities.build/Debug-iphonesimulator/GoogleUtilities_GoogleUtilities-UserDefaults.build/empty-GoogleUtilities_GoogleUtilities-UserDefaults.plist -producttype com.apple.product-type.bundle -expandbuildsettings -format binary -platform iphonesimulator -o /Users/emreerdener/Library/Developer/Xcode/DerivedData/Merian-bsmebnfnhwnbdncricvwvveooidw/Build/Products/Debug-iphonesimulator/GoogleUtilities_GoogleUtilities-UserDefaults.bundle/Info.plist

ProcessInfoPlistFile /Users/emreerdener/Library/Developer/Xcode/DerivedData/Merian-bsmebnfnhwnbdncricvwvveooidw/Build/Products/Debug-iphonesimulator/GoogleUtilities_GoogleUtilities-Logger.bundle/Info.plist /Users/emreerdener/Library/Developer/Xcode/DerivedData/Merian-bsmebnfnhwnbdncricvwvveooidw/Build/Intermediates.noindex/GoogleUtilities.build/Debug-iphonesimulator/GoogleUtilities_GoogleUtilities-Logger.build/empty-GoogleUtilities_GoogleUtilities-Logger.plist (in target 'GoogleUtilities_GoogleUtilities-Logger' from project 'GoogleUtilities')
    cd /Users/emreerdener/Library/Developer/Xcode/DerivedData/Merian-bsmebnfnhwnbdncricvwvveooidw/SourcePackages/checkouts/GoogleUtilities
    builtin-infoPlistUtility /Users/emreerdener/Library/Developer/Xcode/DerivedData/Merian-bsmebnfnhwnbdncricvwvveooidw/Build/Intermediates.noindex/GoogleUtilities.build/Debug-iphonesimulator/GoogleUtilities_GoogleUtilities-Logger.build/empty-GoogleUtilities_GoogleUtilities-Logger.plist -producttype com.apple.product-type.bundle -expandbuildsettings -format binary -platform iphonesimulator -o /Users/emreerdener/Library/Developer/Xcode/DerivedData/Merian-bsmebnfnhwnbdncricvwvveooidw/Build/Products/Debug-iphonesimulator/GoogleUtilities_GoogleUtilities-Logger.bundle/Info.plist

ProcessInfoPlistFile /Users/emreerdener/Library/Developer/Xcode/DerivedData/Merian-bsmebnfnhwnbdncricvwvveooidw/Build/Products/Debug-iphonesimulator/GoogleUtilities_GoogleUtilities-Environment.bundle/Info.plist /Users/emreerdener/Library/Developer/Xcode/DerivedData/Merian-bsmebnfnhwnbdncricvwvveooidw/Build/Intermediates.noindex/GoogleUtilities.build/Debug-iphonesimulator/GoogleUtilities_GoogleUtilities-Environment.build/empty-GoogleUtilities_GoogleUtilities-Environment.plist (in target 'GoogleUtilities_GoogleUtilities-Environment' from project 'GoogleUtilities')
    cd /Users/emreerdener/Library/Developer/Xcode/DerivedData/Merian-bsmebnfnhwnbdncricvwvveooidw/SourcePackages/checkouts/GoogleUtilities
    builtin-infoPlistUtility /Users/emreerdener/Library/Developer/Xcode/DerivedData/Merian-bsmebnfnhwnbdncricvwvveooidw/Build/Intermediates.noindex/GoogleUtilities.build/Debug-iphonesimulator/GoogleUtilities_GoogleUtilities-Environment.build/empty-GoogleUtilities_GoogleUtilities-Environment.plist -producttype com.apple.product-type.bundle -expandbuildsettings -format binary -platform iphonesimulator -o /Users/emreerdener/Library/Developer/Xcode/DerivedData/Merian-bsmebnfnhwnbdncricvwvveooidw/Build/Products/Debug-iphonesimulator/GoogleUtilities_GoogleUtilities-Environment.bundle/Info.plist

ProcessInfoPlistFile /Users/emreerdener/Library/Developer/Xcode/DerivedData/Merian-bsmebnfnhwnbdncricvwvveooidw/Build/Products/Debug-iphonesimulator/GoogleSignIn_GoogleSignIn.bundle/Info.plist /Users/emreerdener/Library/Developer/Xcode/DerivedData/Merian-bsmebnfnhwnbdncricvwvveooidw/Build/Intermediates.noindex/GoogleSignIn.build/Debug-iphonesimulator/GoogleSignIn_GoogleSignIn.build/empty-GoogleSignIn_GoogleSignIn.plist (in target 'GoogleSignIn_GoogleSignIn' from project 'GoogleSignIn')
    cd /Users/emreerdener/Library/Developer/Xcode/DerivedData/Merian-bsmebnfnhwnbdncricvwvveooidw/SourcePackages/checkouts/GoogleSignIn-iOS
    builtin-infoPlistUtility /Users/emreerdener/Library/Developer/Xcode/DerivedData/Merian-bsmebnfnhwnbdncricvwvveooidw/Build/Intermediates.noindex/GoogleSignIn.build/Debug-iphonesimulator/GoogleSignIn_GoogleSignIn.build/empty-GoogleSignIn_GoogleSignIn.plist -producttype com.apple.product-type.bundle -expandbuildsettings -format binary -platform iphonesimulator -o /Users/emreerdener/Library/Developer/Xcode/DerivedData/Merian-bsmebnfnhwnbdncricvwvveooidw/Build/Products/Debug-iphonesimulator/GoogleSignIn_GoogleSignIn.bundle/Info.plist

ProcessInfoPlistFile /Users/emreerdener/Library/Developer/Xcode/DerivedData/Merian-bsmebnfnhwnbdncricvwvveooidw/Build/Products/Debug-iphonesimulator/GTMSessionFetcher_GTMSessionFetcherCore.bundle/Info.plist /Users/emreerdener/Library/Developer/Xcode/DerivedData/Merian-bsmebnfnhwnbdncricvwvveooidw/Build/Intermediates.noindex/GTMSessionFetcher.build/Debug-iphonesimulator/GTMSessionFetcher_GTMSessionFetcherCore.build/empty-GTMSessionFetcher_GTMSessionFetcherCore.plist (in target 'GTMSessionFetcher_GTMSessionFetcherCore' from project 'GTMSessionFetcher')
    cd /Users/emreerdener/Library/Developer/Xcode/DerivedData/Merian-bsmebnfnhwnbdncricvwvveooidw/SourcePackages/checkouts/gtm-session-fetcher
    builtin-infoPlistUtility /Users/emreerdener/Library/Developer/Xcode/DerivedData/Merian-bsmebnfnhwnbdncricvwvveooidw/Build/Intermediates.noindex/GTMSessionFetcher.build/Debug-iphonesimulator/GTMSessionFetcher_GTMSessionFetcherCore.build/empty-GTMSessionFetcher_GTMSessionFetcherCore.plist -producttype com.apple.product-type.bundle -expandbuildsettings -format binary -platform iphonesimulator -o /Users/emreerdener/Library/Developer/Xcode/DerivedData/Merian-bsmebnfnhwnbdncricvwvveooidw/Build/Products/Debug-iphonesimulator/GTMSessionFetcher_GTMSessionFetcherCore.bundle/Info.plist

ProcessInfoPlistFile /Users/emreerdener/Library/Developer/Xcode/DerivedData/Merian-bsmebnfnhwnbdncricvwvveooidw/Build/Products/Debug-iphonesimulator/GTMAppAuth_GTMAppAuth.bundle/Info.plist /Users/emreerdener/Library/Developer/Xcode/DerivedData/Merian-bsmebnfnhwnbdncricvwvveooidw/Build/Intermediates.noindex/GTMAppAuth.build/Debug-iphonesimulator/GTMAppAuth_GTMAppAuth.build/empty-GTMAppAuth_GTMAppAuth.plist (in target 'GTMAppAuth_GTMAppAuth' from project 'GTMAppAuth')
    cd /Users/emreerdener/Library/Developer/Xcode/DerivedData/Merian-bsmebnfnhwnbdncricvwvveooidw/SourcePackages/checkouts/GTMAppAuth
    builtin-infoPlistUtility /Users/emreerdener/Library/Developer/Xcode/DerivedData/Merian-bsmebnfnhwnbdncricvwvveooidw/Build/Intermediates.noindex/GTMAppAuth.build/Debug-iphonesimulator/GTMAppAuth_GTMAppAuth.build/empty-GTMAppAuth_GTMAppAuth.plist -producttype com.apple.product-type.bundle -expandbuildsettings -format binary -platform iphonesimulator -o /Users/emreerdener/Library/Developer/Xcode/DerivedData/Merian-bsmebnfnhwnbdncricvwvveooidw/Build/Products/Debug-iphonesimulator/GTMAppAuth_GTMAppAuth.bundle/Info.plist

ProcessInfoPlistFile /Users/emreerdener/Library/Developer/Xcode/DerivedData/Merian-bsmebnfnhwnbdncricvwvveooidw/Build/Products/Debug-iphonesimulator/AppAuth_AppAuthCore.bundle/Info.plist /Users/emreerdener/Library/Developer/Xcode/DerivedData/Merian-bsmebnfnhwnbdncricvwvveooidw/Build/Intermediates.noindex/AppAuth.build/Debug-iphonesimulator/AppAuth_AppAuthCore.build/empty-AppAuth_AppAuthCore.plist (in target 'AppAuth_AppAuthCore' from project 'AppAuth')
    cd /Users/emreerdener/Library/Developer/Xcode/DerivedData/Merian-bsmebnfnhwnbdncricvwvveooidw/SourcePackages/checkouts/AppAuth-iOS
    builtin-infoPlistUtility /Users/emreerdener/Library/Developer/Xcode/DerivedData/Merian-bsmebnfnhwnbdncricvwvveooidw/Build/Intermediates.noindex/AppAuth.build/Debug-iphonesimulator/AppAuth_AppAuthCore.build/empty-AppAuth_AppAuthCore.plist -producttype com.apple.product-type.bundle -expandbuildsettings -format binary -platform iphonesimulator -o /Users/emreerdener/Library/Developer/Xcode/DerivedData/Merian-bsmebnfnhwnbdncricvwvveooidw/Build/Products/Debug-iphonesimulator/AppAuth_AppAuthCore.bundle/Info.plist

ProcessInfoPlistFile /Users/emreerdener/Library/Developer/Xcode/DerivedData/Merian-bsmebnfnhwnbdncricvwvveooidw/Build/Products/Debug-iphonesimulator/AppAuth_AppAuth.bundle/Info.plist /Users/emreerdener/Library/Developer/Xcode/DerivedData/Merian-bsmebnfnhwnbdncricvwvveooidw/Build/Intermediates.noindex/AppAuth.build/Debug-iphonesimulator/AppAuth_AppAuth.build/empty-AppAuth_AppAuth.plist (in target 'AppAuth_AppAuth' from project 'AppAuth')
    cd /Users/emreerdener/Library/Developer/Xcode/DerivedData/Merian-bsmebnfnhwnbdncricvwvveooidw/SourcePackages/checkouts/AppAuth-iOS
    builtin-infoPlistUtility /Users/emreerdener/Library/Developer/Xcode/DerivedData/Merian-bsmebnfnhwnbdncricvwvveooidw/Build/Intermediates.noindex/AppAuth.build/Debug-iphonesimulator/AppAuth_AppAuth.build/empty-AppAuth_AppAuth.plist -producttype com.apple.product-type.bundle -expandbuildsettings -format binary -platform iphonesimulator -o /Users/emreerdener/Library/Developer/Xcode/DerivedData/Merian-bsmebnfnhwnbdncricvwvveooidw/Build/Products/Debug-iphonesimulator/AppAuth_AppAuth.bundle/Info.plist

ProcessProductPackagingDER /Users/emreerdener/Library/Developer/Xcode/DerivedData/Merian-bsmebnfnhwnbdncricvwvveooidw/Build/Intermediates.noindex/Merian.build/Debug-watchsimulator/MerianWatch.build/MerianWatch.app-Simulated.xcent /Users/emreerdener/Library/Developer/Xcode/DerivedData/Merian-bsmebnfnhwnbdncricvwvveooidw/Build/Intermediates.noindex/Merian.build/Debug-watchsimulator/MerianWatch.build/MerianWatch.app-Simulated.xcent.der (in target 'MerianWatch' from project 'Merian')
    cd /Users/emreerdener/Developer/merian
    /usr/bin/derq query -f xml -i /Users/emreerdener/Library/Developer/Xcode/DerivedData/Merian-bsmebnfnhwnbdncricvwvveooidw/Build/Intermediates.noindex/Merian.build/Debug-watchsimulator/MerianWatch.build/MerianWatch.app-Simulated.xcent -o /Users/emreerdener/Library/Developer/Xcode/DerivedData/Merian-bsmebnfnhwnbdncricvwvveooidw/Build/Intermediates.noindex/Merian.build/Debug-watchsimulator/MerianWatch.build/MerianWatch.app-Simulated.xcent.der --raw

note: Run script build phase 'SwiftLint Validation' will be run during every build because the option to run the script phase "Based on dependency analysis" is unchecked. (in target 'Merian' from project 'Merian')
ProcessProductPackaging /Users/emreerdener/Developer/merian/Merian/Configuration/Merian.entitlements /Users/emreerdener/Library/Developer/Xcode/DerivedData/Merian-bsmebnfnhwnbdncricvwvveooidw/Build/Intermediates.noindex/Merian.build/Debug-iphonesimulator/Merian.build/Merian.app.xcent (in target 'Merian' from project 'Merian')
    cd /Users/emreerdener/Developer/merian
    
    Entitlements:
    
    {
}
    
    builtin-productPackagingUtility /Users/emreerdener/Developer/merian/Merian/Configuration/Merian.entitlements -entitlements -format xml -o /Users/emreerdener/Library/Developer/Xcode/DerivedData/Merian-bsmebnfnhwnbdncricvwvveooidw/Build/Intermediates.noindex/Merian.build/Debug-iphonesimulator/Merian.build/Merian.app.xcent

ProcessProductPackaging /Users/emreerdener/Developer/merian/Merian/Configuration/Merian.entitlements /Users/emreerdener/Library/Developer/Xcode/DerivedData/Merian-bsmebnfnhwnbdncricvwvveooidw/Build/Intermediates.noindex/Merian.build/Debug-iphonesimulator/Merian.build/Merian.app-Simulated.xcent (in target 'Merian' from project 'Merian')
    cd /Users/emreerdener/Developer/merian
    
    Entitlements:
    
    {
    "application-identifier" = "TA8S64ST9W.app.merian.Merian";
    "com.apple.developer.applesignin" =     (
        Default
    );
    "com.apple.developer.weatherkit" = 1;
}
    
    builtin-productPackagingUtility /Users/emreerdener/Developer/merian/Merian/Configuration/Merian.entitlements -entitlements -format xml -o /Users/emreerdener/Library/Developer/Xcode/DerivedData/Merian-bsmebnfnhwnbdncricvwvveooidw/Build/Intermediates.noindex/Merian.build/Debug-iphonesimulator/Merian.build/Merian.app-Simulated.xcent

Ld /Users/emreerdener/Library/Developer/Xcode/DerivedData/Merian-bsmebnfnhwnbdncricvwvveooidw/Build/Intermediates.noindex/Merian.build/Debug-watchsimulator/MerianWatch.build/Objects-normal/arm64/Binary/MerianWatch.debug.dylib normal arm64 (in target 'MerianWatch' from project 'Merian')
    cd /Users/emreerdener/Developer/merian
    /Applications/Xcode.app/Contents/Developer/Toolchains/XcodeDefault.xctoolchain/usr/bin/clang -Xlinker -reproducible -target arm64-apple-watchos10.0-simulator -dynamiclib -isysroot /Applications/Xcode.app/Contents/Developer/Platforms/WatchSimulator.platform/Developer/SDKs/WatchSimulator26.2.sdk -O0 -L/Users/emreerdener/Library/Developer/Xcode/DerivedData/Merian-bsmebnfnhwnbdncricvwvveooidw/Build/Intermediates.noindex/EagerLinkingTBDs/Debug-watchsimulator -L/Users/emreerdener/Library/Developer/Xcode/DerivedData/Merian-bsmebnfnhwnbdncricvwvveooidw/Build/Products/Debug-watchsimulator -F/Users/emreerdener/Library/Developer/Xcode/DerivedData/Merian-bsmebnfnhwnbdncricvwvveooidw/Build/Intermediates.noindex/EagerLinkingTBDs/Debug-watchsimulator -F/Users/emreerdener/Library/Developer/Xcode/DerivedData/Merian-bsmebnfnhwnbdncricvwvveooidw/Build/Products/Debug-watchsimulator -filelist /Users/emreerdener/Library/Developer/Xcode/DerivedData/Merian-bsmebnfnhwnbdncricvwvveooidw/Build/Intermediates.noindex/Merian.build/Debug-watchsimulator/MerianWatch.build/Objects-normal/arm64/MerianWatch.LinkFileList -install_name @rpath/MerianWatch.debug.dylib -Xlinker -rpath -Xlinker /usr/lib/swift -dead_strip -Xlinker -object_path_lto -Xlinker /Users/emreerdener/Library/Developer/Xcode/DerivedData/Merian-bsmebnfnhwnbdncricvwvveooidw/Build/Intermediates.noindex/Merian.build/Debug-watchsimulator/MerianWatch.build/Objects-normal/arm64/MerianWatch_lto.o -rdynamic -Xlinker -no_deduplicate -Xlinker -objc_abi_version -Xlinker 2 -Xlinker -dependency_info -Xlinker /Users/emreerdener/Library/Developer/Xcode/DerivedData/Merian-bsmebnfnhwnbdncricvwvveooidw/Build/Intermediates.noindex/Merian.build/Debug-watchsimulator/MerianWatch.build/Objects-normal/arm64/MerianWatch_dependency_info.dat -fobjc-link-runtime -L/Applications/Xcode.app/Contents/Developer/Toolchains/XcodeDefault.xctoolchain/usr/lib/swift/watchsimulator -L/usr/lib/swift -Xlinker -add_ast_path -Xlinker /Users/emreerdener/Library/Developer/Xcode/DerivedData/Merian-bsmebnfnhwnbdncricvwvveooidw/Build/Intermediates.noindex/Merian.build/Debug-watchsimulator/MerianWatch.build/Objects-normal/arm64/MerianWatch.swiftmodule @/Users/emreerdener/Library/Developer/Xcode/DerivedData/Merian-bsmebnfnhwnbdncricvwvveooidw/Build/Intermediates.noindex/Merian.build/Debug-watchsimulator/MerianWatch.build/Objects-normal/arm64/MerianWatch-linker-args.resp -Xlinker -alias -Xlinker _main -Xlinker ___debug_main_executable_dylib_entry_point -Xlinker -no_adhoc_codesign -o /Users/emreerdener/Library/Developer/Xcode/DerivedData/Merian-bsmebnfnhwnbdncricvwvveooidw/Build/Intermediates.noindex/Merian.build/Debug-watchsimulator/MerianWatch.build/Objects-normal/arm64/Binary/MerianWatch.debug.dylib

ProcessInfoPlistFile /Users/emreerdener/Library/Developer/Xcode/DerivedData/Merian-bsmebnfnhwnbdncricvwvveooidw/Build/Products/Debug-watchsimulator/MerianWatch.app/Info.plist /Users/emreerdener/Library/Developer/Xcode/DerivedData/Merian-bsmebnfnhwnbdncricvwvveooidw/Build/Intermediates.noindex/Merian.build/Debug-watchsimulator/MerianWatch.build/empty-MerianWatch.plist (in target 'MerianWatch' from project 'Merian')
    cd /Users/emreerdener/Developer/merian
    builtin-infoPlistUtility /Users/emreerdener/Library/Developer/Xcode/DerivedData/Merian-bsmebnfnhwnbdncricvwvveooidw/Build/Intermediates.noindex/Merian.build/Debug-watchsimulator/MerianWatch.build/empty-MerianWatch.plist -producttype com.apple.product-type.application -genpkginfo /Users/emreerdener/Library/Developer/Xcode/DerivedData/Merian-bsmebnfnhwnbdncricvwvveooidw/Build/Products/Debug-watchsimulator/MerianWatch.app/PkgInfo -expandbuildsettings -format binary -platform watchsimulator -additionalcontentfile /Users/emreerdener/Library/Developer/Xcode/DerivedData/Merian-bsmebnfnhwnbdncricvwvveooidw/Build/Intermediates.noindex/Merian.build/Debug-watchsimulator/MerianWatch.build/assetcatalog_generated_info.plist -o /Users/emreerdener/Library/Developer/Xcode/DerivedData/Merian-bsmebnfnhwnbdncricvwvveooidw/Build/Products/Debug-watchsimulator/MerianWatch.app/Info.plist

ProcessProductPackagingDER /Users/emreerdener/Library/Developer/Xcode/DerivedData/Merian-bsmebnfnhwnbdncricvwvveooidw/Build/Intermediates.noindex/Merian.build/Debug-iphonesimulator/Merian.build/Merian.app.xcent /Users/emreerdener/Library/Developer/Xcode/DerivedData/Merian-bsmebnfnhwnbdncricvwvveooidw/Build/Intermediates.noindex/Merian.build/Debug-iphonesimulator/Merian.build/Merian.app.xcent.der (in target 'Merian' from project 'Merian')
    cd /Users/emreerdener/Developer/merian
    /usr/bin/derq query -f xml -i /Users/emreerdener/Library/Developer/Xcode/DerivedData/Merian-bsmebnfnhwnbdncricvwvveooidw/Build/Intermediates.noindex/Merian.build/Debug-iphonesimulator/Merian.build/Merian.app.xcent -o /Users/emreerdener/Library/Developer/Xcode/DerivedData/Merian-bsmebnfnhwnbdncricvwvveooidw/Build/Intermediates.noindex/Merian.build/Debug-iphonesimulator/Merian.build/Merian.app.xcent.der --raw

ProcessProductPackagingDER /Users/emreerdener/Library/Developer/Xcode/DerivedData/Merian-bsmebnfnhwnbdncricvwvveooidw/Build/Intermediates.noindex/Merian.build/Debug-iphonesimulator/Merian.build/Merian.app-Simulated.xcent /Users/emreerdener/Library/Developer/Xcode/DerivedData/Merian-bsmebnfnhwnbdncricvwvveooidw/Build/Intermediates.noindex/Merian.build/Debug-iphonesimulator/Merian.build/Merian.app-Simulated.xcent.der (in target 'Merian' from project 'Merian')
    cd /Users/emreerdener/Developer/merian
    /usr/bin/derq query -f xml -i /Users/emreerdener/Library/Developer/Xcode/DerivedData/Merian-bsmebnfnhwnbdncricvwvveooidw/Build/Intermediates.noindex/Merian.build/Debug-iphonesimulator/Merian.build/Merian.app-Simulated.xcent -o /Users/emreerdener/Library/Developer/Xcode/DerivedData/Merian-bsmebnfnhwnbdncricvwvveooidw/Build/Intermediates.noindex/Merian.build/Debug-iphonesimulator/Merian.build/Merian.app-Simulated.xcent.der --raw

ConstructStubExecutorLinkFileList /Users/emreerdener/Library/Developer/Xcode/DerivedData/Merian-bsmebnfnhwnbdncricvwvveooidw/Build/Intermediates.noindex/Merian.build/Debug-watchsimulator/MerianWatch.build/MerianWatch-ExecutorLinkFileList-normal-arm64.txt (in target 'MerianWatch' from project 'Merian')
    cd /Users/emreerdener/Developer/merian
    construct-stub-executor-link-file-list /Users/emreerdener/Library/Developer/Xcode/DerivedData/Merian-bsmebnfnhwnbdncricvwvveooidw/Build/Intermediates.noindex/Merian.build/Debug-watchsimulator/MerianWatch.build/Objects-normal/arm64/Binary/MerianWatch.debug.dylib /Applications/Xcode.app/Contents/Developer/Platforms/WatchSimulator.platform/Developer/usr/lib/libPreviewsJITStubExecutor_no_swift_entry_point.a /Applications/Xcode.app/Contents/Developer/Platforms/WatchSimulator.platform/Developer/usr/lib/libPreviewsJITStubExecutor.a --output /Users/emreerdener/Library/Developer/Xcode/DerivedData/Merian-bsmebnfnhwnbdncricvwvveooidw/Build/Intermediates.noindex/Merian.build/Debug-watchsimulator/MerianWatch.build/MerianWatch-ExecutorLinkFileList-normal-arm64.txt
note: Using stub executor library with Swift entry point. (in target 'MerianWatch' from project 'Merian')

Ld /Users/emreerdener/Library/Developer/Xcode/DerivedData/Merian-bsmebnfnhwnbdncricvwvveooidw/Build/Intermediates.noindex/Merian.build/Debug-watchsimulator/MerianWatch.build/Objects-normal/x86_64/Binary/MerianWatch.debug.dylib normal x86_64 (in target 'MerianWatch' from project 'Merian')
    cd /Users/emreerdener/Developer/merian
    /Applications/Xcode.app/Contents/Developer/Toolchains/XcodeDefault.xctoolchain/usr/bin/clang -Xlinker -reproducible -target x86_64-apple-watchos10.0-simulator -dynamiclib -isysroot /Applications/Xcode.app/Contents/Developer/Platforms/WatchSimulator.platform/Developer/SDKs/WatchSimulator26.2.sdk -O0 -L/Users/emreerdener/Library/Developer/Xcode/DerivedData/Merian-bsmebnfnhwnbdncricvwvveooidw/Build/Intermediates.noindex/EagerLinkingTBDs/Debug-watchsimulator -L/Users/emreerdener/Library/Developer/Xcode/DerivedData/Merian-bsmebnfnhwnbdncricvwvveooidw/Build/Products/Debug-watchsimulator -F/Users/emreerdener/Library/Developer/Xcode/DerivedData/Merian-bsmebnfnhwnbdncricvwvveooidw/Build/Intermediates.noindex/EagerLinkingTBDs/Debug-watchsimulator -F/Users/emreerdener/Library/Developer/Xcode/DerivedData/Merian-bsmebnfnhwnbdncricvwvveooidw/Build/Products/Debug-watchsimulator -filelist /Users/emreerdener/Library/Developer/Xcode/DerivedData/Merian-bsmebnfnhwnbdncricvwvveooidw/Build/Intermediates.noindex/Merian.build/Debug-watchsimulator/MerianWatch.build/Objects-normal/x86_64/MerianWatch.LinkFileList -install_name @rpath/MerianWatch.debug.dylib -Xlinker -rpath -Xlinker /usr/lib/swift -dead_strip -Xlinker -object_path_lto -Xlinker /Users/emreerdener/Library/Developer/Xcode/DerivedData/Merian-bsmebnfnhwnbdncricvwvveooidw/Build/Intermediates.noindex/Merian.build/Debug-watchsimulator/MerianWatch.build/Objects-normal/x86_64/MerianWatch_lto.o -rdynamic -Xlinker -no_deduplicate -Xlinker -objc_abi_version -Xlinker 2 -Xlinker -dependency_info -Xlinker /Users/emreerdener/Library/Developer/Xcode/DerivedData/Merian-bsmebnfnhwnbdncricvwvveooidw/Build/Intermediates.noindex/Merian.build/Debug-watchsimulator/MerianWatch.build/Objects-normal/x86_64/MerianWatch_dependency_info.dat -fobjc-link-runtime -L/Applications/Xcode.app/Contents/Developer/Toolchains/XcodeDefault.xctoolchain/usr/lib/swift/watchsimulator -L/usr/lib/swift -Xlinker -add_ast_path -Xlinker /Users/emreerdener/Library/Developer/Xcode/DerivedData/Merian-bsmebnfnhwnbdncricvwvveooidw/Build/Intermediates.noindex/Merian.build/Debug-watchsimulator/MerianWatch.build/Objects-normal/x86_64/MerianWatch.swiftmodule @/Users/emreerdener/Library/Developer/Xcode/DerivedData/Merian-bsmebnfnhwnbdncricvwvveooidw/Build/Intermediates.noindex/Merian.build/Debug-watchsimulator/MerianWatch.build/Objects-normal/x86_64/MerianWatch-linker-args.resp -Xlinker -alias -Xlinker _main -Xlinker ___debug_main_executable_dylib_entry_point -Xlinker -no_adhoc_codesign -o /Users/emreerdener/Library/Developer/Xcode/DerivedData/Merian-bsmebnfnhwnbdncricvwvveooidw/Build/Intermediates.noindex/Merian.build/Debug-watchsimulator/MerianWatch.build/Objects-normal/x86_64/Binary/MerianWatch.debug.dylib

Ld /Users/emreerdener/Library/Developer/Xcode/DerivedData/Merian-bsmebnfnhwnbdncricvwvveooidw/Build/Intermediates.noindex/Merian.build/Debug-watchsimulator/MerianWatch.build/Objects-normal/arm64/Binary/MerianWatch normal arm64 (in target 'MerianWatch' from project 'Merian')
    cd /Users/emreerdener/Developer/merian
    /Applications/Xcode.app/Contents/Developer/Toolchains/XcodeDefault.xctoolchain/usr/bin/clang -Xlinker -reproducible -target arm64-apple-watchos10.0-simulator -isysroot /Applications/Xcode.app/Contents/Developer/Platforms/WatchSimulator.platform/Developer/SDKs/WatchSimulator26.2.sdk -O0 -L/Users/emreerdener/Library/Developer/Xcode/DerivedData/Merian-bsmebnfnhwnbdncricvwvveooidw/Build/Products/Debug-watchsimulator -F/Users/emreerdener/Library/Developer/Xcode/DerivedData/Merian-bsmebnfnhwnbdncricvwvveooidw/Build/Products/Debug-watchsimulator -Xlinker -rpath -Xlinker @executable_path -rdynamic -Xlinker -no_deduplicate -Xlinker -objc_abi_version -Xlinker 2 -e ___debug_blank_executor_main -Xlinker -sectcreate -Xlinker __TEXT -Xlinker __debug_dylib -Xlinker /Users/emreerdener/Library/Developer/Xcode/DerivedData/Merian-bsmebnfnhwnbdncricvwvveooidw/Build/Intermediates.noindex/Merian.build/Debug-watchsimulator/MerianWatch.build/MerianWatch-DebugDylibPath-normal-arm64.txt -Xlinker -sectcreate -Xlinker __TEXT -Xlinker __debug_instlnm -Xlinker /Users/emreerdener/Library/Developer/Xcode/DerivedData/Merian-bsmebnfnhwnbdncricvwvveooidw/Build/Intermediates.noindex/Merian.build/Debug-watchsimulator/MerianWatch.build/MerianWatch-DebugDylibInstallName-normal-arm64.txt -Xlinker -filelist -Xlinker /Users/emreerdener/Library/Developer/Xcode/DerivedData/Merian-bsmebnfnhwnbdncricvwvveooidw/Build/Intermediates.noindex/Merian.build/Debug-watchsimulator/MerianWatch.build/MerianWatch-ExecutorLinkFileList-normal-arm64.txt -Xlinker -sectcreate -Xlinker __TEXT -Xlinker __entitlements -Xlinker /Users/emreerdener/Library/Developer/Xcode/DerivedData/Merian-bsmebnfnhwnbdncricvwvveooidw/Build/Intermediates.noindex/Merian.build/Debug-watchsimulator/MerianWatch.build/MerianWatch.app-Simulated.xcent -Xlinker -sectcreate -Xlinker __TEXT -Xlinker __ents_der -Xlinker /Users/emreerdener/Library/Developer/Xcode/DerivedData/Merian-bsmebnfnhwnbdncricvwvveooidw/Build/Intermediates.noindex/Merian.build/Debug-watchsimulator/MerianWatch.build/MerianWatch.app-Simulated.xcent.der /Users/emreerdener/Library/Developer/Xcode/DerivedData/Merian-bsmebnfnhwnbdncricvwvveooidw/Build/Intermediates.noindex/Merian.build/Debug-watchsimulator/MerianWatch.build/Objects-normal/arm64/Binary/MerianWatch.debug.dylib -Xlinker -no_adhoc_codesign -o /Users/emreerdener/Library/Developer/Xcode/DerivedData/Merian-bsmebnfnhwnbdncricvwvveooidw/Build/Intermediates.noindex/Merian.build/Debug-watchsimulator/MerianWatch.build/Objects-normal/arm64/Binary/MerianWatch

ConstructStubExecutorLinkFileList /Users/emreerdener/Library/Developer/Xcode/DerivedData/Merian-bsmebnfnhwnbdncricvwvveooidw/Build/Intermediates.noindex/Merian.build/Debug-watchsimulator/MerianWatch.build/MerianWatch-ExecutorLinkFileList-normal-x86_64.txt (in target 'MerianWatch' from project 'Merian')
    cd /Users/emreerdener/Developer/merian
    construct-stub-executor-link-file-list /Users/emreerdener/Library/Developer/Xcode/DerivedData/Merian-bsmebnfnhwnbdncricvwvveooidw/Build/Intermediates.noindex/Merian.build/Debug-watchsimulator/MerianWatch.build/Objects-normal/x86_64/Binary/MerianWatch.debug.dylib /Applications/Xcode.app/Contents/Developer/Platforms/WatchSimulator.platform/Developer/usr/lib/libPreviewsJITStubExecutor_no_swift_entry_point.a /Applications/Xcode.app/Contents/Developer/Platforms/WatchSimulator.platform/Developer/usr/lib/libPreviewsJITStubExecutor.a --output /Users/emreerdener/Library/Developer/Xcode/DerivedData/Merian-bsmebnfnhwnbdncricvwvveooidw/Build/Intermediates.noindex/Merian.build/Debug-watchsimulator/MerianWatch.build/MerianWatch-ExecutorLinkFileList-normal-x86_64.txt
note: Using stub executor library with Swift entry point. (in target 'MerianWatch' from project 'Merian')

CreateUniversalBinary /Users/emreerdener/Library/Developer/Xcode/DerivedData/Merian-bsmebnfnhwnbdncricvwvveooidw/Build/Products/Debug-watchsimulator/MerianWatch.app/MerianWatch.debug.dylib normal arm64\ x86_64 (in target 'MerianWatch' from project 'Merian')
    cd /Users/emreerdener/Developer/merian
    /Applications/Xcode.app/Contents/Developer/Toolchains/XcodeDefault.xctoolchain/usr/bin/lipo -create /Users/emreerdener/Library/Developer/Xcode/DerivedData/Merian-bsmebnfnhwnbdncricvwvveooidw/Build/Intermediates.noindex/Merian.build/Debug-watchsimulator/MerianWatch.build/Objects-normal/arm64/Binary/MerianWatch.debug.dylib /Users/emreerdener/Library/Developer/Xcode/DerivedData/Merian-bsmebnfnhwnbdncricvwvveooidw/Build/Intermediates.noindex/Merian.build/Debug-watchsimulator/MerianWatch.build/Objects-normal/x86_64/Binary/MerianWatch.debug.dylib -output /Users/emreerdener/Library/Developer/Xcode/DerivedData/Merian-bsmebnfnhwnbdncricvwvveooidw/Build/Products/Debug-watchsimulator/MerianWatch.app/MerianWatch.debug.dylib

Ld /Users/emreerdener/Library/Developer/Xcode/DerivedData/Merian-bsmebnfnhwnbdncricvwvveooidw/Build/Intermediates.noindex/Merian.build/Debug-watchsimulator/MerianWatch.build/Objects-normal/x86_64/Binary/MerianWatch normal x86_64 (in target 'MerianWatch' from project 'Merian')
    cd /Users/emreerdener/Developer/merian
    /Applications/Xcode.app/Contents/Developer/Toolchains/XcodeDefault.xctoolchain/usr/bin/clang -Xlinker -reproducible -target x86_64-apple-watchos10.0-simulator -isysroot /Applications/Xcode.app/Contents/Developer/Platforms/WatchSimulator.platform/Developer/SDKs/WatchSimulator26.2.sdk -O0 -L/Users/emreerdener/Library/Developer/Xcode/DerivedData/Merian-bsmebnfnhwnbdncricvwvveooidw/Build/Products/Debug-watchsimulator -F/Users/emreerdener/Library/Developer/Xcode/DerivedData/Merian-bsmebnfnhwnbdncricvwvveooidw/Build/Products/Debug-watchsimulator -Xlinker -rpath -Xlinker @executable_path -rdynamic -Xlinker -no_deduplicate -Xlinker -objc_abi_version -Xlinker 2 -e ___debug_blank_executor_main -Xlinker -sectcreate -Xlinker __TEXT -Xlinker __debug_dylib -Xlinker /Users/emreerdener/Library/Developer/Xcode/DerivedData/Merian-bsmebnfnhwnbdncricvwvveooidw/Build/Intermediates.noindex/Merian.build/Debug-watchsimulator/MerianWatch.build/MerianWatch-DebugDylibPath-normal-x86_64.txt -Xlinker -sectcreate -Xlinker __TEXT -Xlinker __debug_instlnm -Xlinker /Users/emreerdener/Library/Developer/Xcode/DerivedData/Merian-bsmebnfnhwnbdncricvwvveooidw/Build/Intermediates.noindex/Merian.build/Debug-watchsimulator/MerianWatch.build/MerianWatch-DebugDylibInstallName-normal-x86_64.txt -Xlinker -filelist -Xlinker /Users/emreerdener/Library/Developer/Xcode/DerivedData/Merian-bsmebnfnhwnbdncricvwvveooidw/Build/Intermediates.noindex/Merian.build/Debug-watchsimulator/MerianWatch.build/MerianWatch-ExecutorLinkFileList-normal-x86_64.txt -Xlinker -sectcreate -Xlinker __TEXT -Xlinker __entitlements -Xlinker /Users/emreerdener/Library/Developer/Xcode/DerivedData/Merian-bsmebnfnhwnbdncricvwvveooidw/Build/Intermediates.noindex/Merian.build/Debug-watchsimulator/MerianWatch.build/MerianWatch.app-Simulated.xcent -Xlinker -sectcreate -Xlinker __TEXT -Xlinker __ents_der -Xlinker /Users/emreerdener/Library/Developer/Xcode/DerivedData/Merian-bsmebnfnhwnbdncricvwvveooidw/Build/Intermediates.noindex/Merian.build/Debug-watchsimulator/MerianWatch.build/MerianWatch.app-Simulated.xcent.der /Users/emreerdener/Library/Developer/Xcode/DerivedData/Merian-bsmebnfnhwnbdncricvwvveooidw/Build/Intermediates.noindex/Merian.build/Debug-watchsimulator/MerianWatch.build/Objects-normal/x86_64/Binary/MerianWatch.debug.dylib -Xlinker -no_adhoc_codesign -o /Users/emreerdener/Library/Developer/Xcode/DerivedData/Merian-bsmebnfnhwnbdncricvwvveooidw/Build/Intermediates.noindex/Merian.build/Debug-watchsimulator/MerianWatch.build/Objects-normal/x86_64/Binary/MerianWatch

CreateUniversalBinary /Users/emreerdener/Library/Developer/Xcode/DerivedData/Merian-bsmebnfnhwnbdncricvwvveooidw/Build/Products/Debug-watchsimulator/MerianWatch.app/MerianWatch normal arm64\ x86_64 (in target 'MerianWatch' from project 'Merian')
    cd /Users/emreerdener/Developer/merian
    /Applications/Xcode.app/Contents/Developer/Toolchains/XcodeDefault.xctoolchain/usr/bin/lipo -create /Users/emreerdener/Library/Developer/Xcode/DerivedData/Merian-bsmebnfnhwnbdncricvwvveooidw/Build/Intermediates.noindex/Merian.build/Debug-watchsimulator/MerianWatch.build/Objects-normal/arm64/Binary/MerianWatch /Users/emreerdener/Library/Developer/Xcode/DerivedData/Merian-bsmebnfnhwnbdncricvwvveooidw/Build/Intermediates.noindex/Merian.build/Debug-watchsimulator/MerianWatch.build/Objects-normal/x86_64/Binary/MerianWatch -output /Users/emreerdener/Library/Developer/Xcode/DerivedData/Merian-bsmebnfnhwnbdncricvwvveooidw/Build/Products/Debug-watchsimulator/MerianWatch.app/MerianWatch

CopySwiftLibs /Users/emreerdener/Library/Developer/Xcode/DerivedData/Merian-bsmebnfnhwnbdncricvwvveooidw/Build/Products/Debug-watchsimulator/MerianWatch.app (in target 'MerianWatch' from project 'Merian')
    cd /Users/emreerdener/Developer/merian
    builtin-swiftStdLibTool --copy --verbose --sign - --scan-executable /Users/emreerdener/Library/Developer/Xcode/DerivedData/Merian-bsmebnfnhwnbdncricvwvveooidw/Build/Products/Debug-watchsimulator/MerianWatch.app/MerianWatch.debug.dylib --scan-folder /Users/emreerdener/Library/Developer/Xcode/DerivedData/Merian-bsmebnfnhwnbdncricvwvveooidw/Build/Products/Debug-watchsimulator/MerianWatch.app/Frameworks --scan-folder /Users/emreerdener/Library/Developer/Xcode/DerivedData/Merian-bsmebnfnhwnbdncricvwvveooidw/Build/Products/Debug-watchsimulator/MerianWatch.app/PlugIns --scan-folder /Users/emreerdener/Library/Developer/Xcode/DerivedData/Merian-bsmebnfnhwnbdncricvwvveooidw/Build/Products/Debug-watchsimulator/MerianWatch.app/SystemExtensions --scan-folder /Users/emreerdener/Library/Developer/Xcode/DerivedData/Merian-bsmebnfnhwnbdncricvwvveooidw/Build/Products/Debug-watchsimulator/MerianWatch.app/Extensions --platform watchsimulator --toolchain /Applications/Xcode.app/Contents/Developer/Toolchains/XcodeDefault.xctoolchain --destination /Users/emreerdener/Library/Developer/Xcode/DerivedData/Merian-bsmebnfnhwnbdncricvwvveooidw/Build/Products/Debug-watchsimulator/MerianWatch.app/Frameworks --strip-bitcode --strip-bitcode-tool /Applications/Xcode.app/Contents/Developer/Toolchains/XcodeDefault.xctoolchain/usr/bin/bitcode_strip --emit-dependency-info /Users/emreerdener/Library/Developer/Xcode/DerivedData/Merian-bsmebnfnhwnbdncricvwvveooidw/Build/Intermediates.noindex/Merian.build/Debug-watchsimulator/MerianWatch.build/SwiftStdLibToolInputDependencies.dep --filter-for-swift-os --back-deploy-swift-span

ExtractAppIntentsMetadata (in target 'MerianWatch' from project 'Merian')
    cd /Users/emreerdener/Developer/merian
    /Applications/Xcode.app/Contents/Developer/Toolchains/XcodeDefault.xctoolchain/usr/bin/appintentsmetadataprocessor --toolchain-dir /Applications/Xcode.app/Contents/Developer/Toolchains/XcodeDefault.xctoolchain --module-name MerianWatch --sdk-root /Applications/Xcode.app/Contents/Developer/Platforms/WatchSimulator.platform/Developer/SDKs/WatchSimulator26.2.sdk --xcode-version 17C529 --platform-family watchOS --deployment-target 10.0 --bundle-identifier app.merian.Merian.watchkitapp --output /Users/emreerdener/Library/Developer/Xcode/DerivedData/Merian-bsmebnfnhwnbdncricvwvveooidw/Build/Products/Debug-watchsimulator/MerianWatch.app --target-triple arm64-apple-watchos10.0-simulator --target-triple x86_64-apple-watchos10.0-simulator --binary-file /Users/emreerdener/Library/Developer/Xcode/DerivedData/Merian-bsmebnfnhwnbdncricvwvveooidw/Build/Products/Debug-watchsimulator/MerianWatch.app/MerianWatch --dependency-file /Users/emreerdener/Library/Developer/Xcode/DerivedData/Merian-bsmebnfnhwnbdncricvwvveooidw/Build/Intermediates.noindex/Merian.build/Debug-watchsimulator/MerianWatch.build/Objects-normal/arm64/MerianWatch_dependency_info.dat --dependency-file /Users/emreerdener/Library/Developer/Xcode/DerivedData/Merian-bsmebnfnhwnbdncricvwvveooidw/Build/Intermediates.noindex/Merian.build/Debug-watchsimulator/MerianWatch.build/Objects-normal/x86_64/MerianWatch_dependency_info.dat --stringsdata-file /Users/emreerdener/Library/Developer/Xcode/DerivedData/Merian-bsmebnfnhwnbdncricvwvveooidw/Build/Intermediates.noindex/Merian.build/Debug-watchsimulator/MerianWatch.build/Objects-normal/arm64/ExtractedAppShortcutsMetadata.stringsdata --stringsdata-file /Users/emreerdener/Library/Developer/Xcode/DerivedData/Merian-bsmebnfnhwnbdncricvwvveooidw/Build/Intermediates.noindex/Merian.build/Debug-watchsimulator/MerianWatch.build/Objects-normal/x86_64/ExtractedAppShortcutsMetadata.stringsdata --source-file-list /Users/emreerdener/Library/Developer/Xcode/DerivedData/Merian-bsmebnfnhwnbdncricvwvveooidw/Build/Intermediates.noindex/Merian.build/Debug-watchsimulator/MerianWatch.build/Objects-normal/arm64/MerianWatch.SwiftFileList --source-file-list /Users/emreerdener/Library/Developer/Xcode/DerivedData/Merian-bsmebnfnhwnbdncricvwvveooidw/Build/Intermediates.noindex/Merian.build/Debug-watchsimulator/MerianWatch.build/Objects-normal/x86_64/MerianWatch.SwiftFileList --metadata-file-list /Users/emreerdener/Library/Developer/Xcode/DerivedData/Merian-bsmebnfnhwnbdncricvwvveooidw/Build/Intermediates.noindex/Merian.build/Debug-watchsimulator/MerianWatch.build/MerianWatch.DependencyMetadataFileList --static-metadata-file-list /Users/emreerdener/Library/Developer/Xcode/DerivedData/Merian-bsmebnfnhwnbdncricvwvveooidw/Build/Intermediates.noindex/Merian.build/Debug-watchsimulator/MerianWatch.build/MerianWatch.DependencyStaticMetadataFileList --swift-const-vals-list /Users/emreerdener/Library/Developer/Xcode/DerivedData/Merian-bsmebnfnhwnbdncricvwvveooidw/Build/Intermediates.noindex/Merian.build/Debug-watchsimulator/MerianWatch.build/Objects-normal/arm64/MerianWatch.SwiftConstValuesFileList --swift-const-vals-list /Users/emreerdener/Library/Developer/Xcode/DerivedData/Merian-bsmebnfnhwnbdncricvwvveooidw/Build/Intermediates.noindex/Merian.build/Debug-watchsimulator/MerianWatch.build/Objects-normal/x86_64/MerianWatch.SwiftConstValuesFileList --compile-time-extraction --deployment-aware-processing --validate-assistant-intents --no-app-shortcuts-localization
2026-04-24 00:36:14.154 appintentsmetadataprocessor[57281:70993541] Starting appintentsmetadataprocessor export
2026-04-24 00:36:14.156 appintentsmetadataprocessor[57281:70993541] warning: Metadata extraction skipped. No AppIntents.framework dependency found.

CodeSign /Users/emreerdener/Library/Developer/Xcode/DerivedData/Merian-bsmebnfnhwnbdncricvwvveooidw/Build/Products/Debug-watchsimulator/MerianWatch.app/MerianWatch.debug.dylib (in target 'MerianWatch' from project 'Merian')
    cd /Users/emreerdener/Developer/merian
    
    Signing Identity:     "Sign to Run Locally"
    
    /usr/bin/codesign --force --sign - --timestamp\=none --generate-entitlement-der /Users/emreerdener/Library/Developer/Xcode/DerivedData/Merian-bsmebnfnhwnbdncricvwvveooidw/Build/Products/Debug-watchsimulator/MerianWatch.app/MerianWatch.debug.dylib

CodeSign /Users/emreerdener/Library/Developer/Xcode/DerivedData/Merian-bsmebnfnhwnbdncricvwvveooidw/Build/Products/Debug-watchsimulator/MerianWatch.app (in target 'MerianWatch' from project 'Merian')
    cd /Users/emreerdener/Developer/merian
    
    Signing Identity:     "Sign to Run Locally"
    
    /usr/bin/codesign --force --sign - --timestamp\=none --generate-entitlement-der /Users/emreerdener/Library/Developer/Xcode/DerivedData/Merian-bsmebnfnhwnbdncricvwvveooidw/Build/Products/Debug-watchsimulator/MerianWatch.app

Validate /Users/emreerdener/Library/Developer/Xcode/DerivedData/Merian-bsmebnfnhwnbdncricvwvveooidw/Build/Products/Debug-watchsimulator/MerianWatch.app (in target 'MerianWatch' from project 'Merian')
    cd /Users/emreerdener/Developer/merian
    builtin-validationUtility /Users/emreerdener/Library/Developer/Xcode/DerivedData/Merian-bsmebnfnhwnbdncricvwvveooidw/Build/Products/Debug-watchsimulator/MerianWatch.app -shallow-bundle -infoplist-subpath Info.plist

Ld /Users/emreerdener/Library/Developer/Xcode/DerivedData/Merian-bsmebnfnhwnbdncricvwvveooidw/Build/Products/Debug-iphonesimulator/Merian.app/Merian.debug.dylib normal (in target 'Merian' from project 'Merian')
    cd /Users/emreerdener/Developer/merian
    /Applications/Xcode.app/Contents/Developer/Toolchains/XcodeDefault.xctoolchain/usr/bin/clang -Xlinker -reproducible -target arm64-apple-ios17.2-simulator -dynamiclib -isysroot /Applications/Xcode.app/Contents/Developer/Platforms/iPhoneSimulator.platform/Developer/SDKs/iPhoneSimulator26.2.sdk -O0 -L/Users/emreerdener/Library/Developer/Xcode/DerivedData/Merian-bsmebnfnhwnbdncricvwvveooidw/Build/Intermediates.noindex/EagerLinkingTBDs/Debug-iphonesimulator -L/Users/emreerdener/Library/Developer/Xcode/DerivedData/Merian-bsmebnfnhwnbdncricvwvveooidw/Build/Products/Debug-iphonesimulator -F/Users/emreerdener/Library/Developer/Xcode/DerivedData/Merian-bsmebnfnhwnbdncricvwvveooidw/Build/Intermediates.noindex/EagerLinkingTBDs/Debug-iphonesimulator -F/Users/emreerdener/Library/Developer/Xcode/DerivedData/Merian-bsmebnfnhwnbdncricvwvveooidw/Build/Products/Debug-iphonesimulator/PackageFrameworks -F/Users/emreerdener/Library/Developer/Xcode/DerivedData/Merian-bsmebnfnhwnbdncricvwvveooidw/Build/Products/Debug-iphonesimulator/PackageFrameworks -F/Users/emreerdener/Library/Developer/Xcode/DerivedData/Merian-bsmebnfnhwnbdncricvwvveooidw/Build/Products/Debug-iphonesimulator/PackageFrameworks -F/Users/emreerdener/Library/Developer/Xcode/DerivedData/Merian-bsmebnfnhwnbdncricvwvveooidw/Build/Products/Debug-iphonesimulator/PackageFrameworks -F/Users/emreerdener/Library/Developer/Xcode/DerivedData/Merian-bsmebnfnhwnbdncricvwvveooidw/Build/Products/Debug-iphonesimulator/PackageFrameworks -F/Users/emreerdener/Library/Developer/Xcode/DerivedData/Merian-bsmebnfnhwnbdncricvwvveooidw/Build/Products/Debug-iphonesimulator/PackageFrameworks -F/Users/emreerdener/Library/Developer/Xcode/DerivedData/Merian-bsmebnfnhwnbdncricvwvveooidw/Build/Products/Debug-iphonesimulator/PackageFrameworks -F/Users/emreerdener/Library/Developer/Xcode/DerivedData/Merian-bsmebnfnhwnbdncricvwvveooidw/Build/Products/Debug-iphonesimulator/PackageFrameworks -F/Users/emreerdener/Library/Developer/Xcode/DerivedData/Merian-bsmebnfnhwnbdncricvwvveooidw/Build/Products/Debug-iphonesimulator/PackageFrameworks -F/Users/emreerdener/Library/Developer/Xcode/DerivedData/Merian-bsmebnfnhwnbdncricvwvveooidw/Build/Products/Debug-iphonesimulator/PackageFrameworks -F/Users/emreerdener/Library/Developer/Xcode/DerivedData/Merian-bsmebnfnhwnbdncricvwvveooidw/Build/Products/Debug-iphonesimulator/PackageFrameworks -F/Users/emreerdener/Library/Developer/Xcode/DerivedData/Merian-bsmebnfnhwnbdncricvwvveooidw/Build/Products/Debug-iphonesimulator/PackageFrameworks -F/Users/emreerdener/Library/Developer/Xcode/DerivedData/Merian-bsmebnfnhwnbdncricvwvveooidw/Build/Products/Debug-iphonesimulator/PackageFrameworks -F/Users/emreerdener/Library/Developer/Xcode/DerivedData/Merian-bsmebnfnhwnbdncricvwvveooidw/Build/Products/Debug-iphonesimulator/PackageFrameworks -F/Users/emreerdener/Library/Developer/Xcode/DerivedData/Merian-bsmebnfnhwnbdncricvwvveooidw/Build/Products/Debug-iphonesimulator/PackageFrameworks -F/Users/emreerdener/Library/Developer/Xcode/DerivedData/Merian-bsmebnfnhwnbdncricvwvveooidw/Build/Products/Debug-iphonesimulator/PackageFrameworks -F/Users/emreerdener/Library/Developer/Xcode/DerivedData/Merian-bsmebnfnhwnbdncricvwvveooidw/Build/Products/Debug-iphonesimulator/PackageFrameworks -F/Users/emreerdener/Library/Developer/Xcode/DerivedData/Merian-bsmebnfnhwnbdncricvwvveooidw/Build/Products/Debug-iphonesimulator/PackageFrameworks -F/Users/emreerdener/Library/Developer/Xcode/DerivedData/Merian-bsmebnfnhwnbdncricvwvveooidw/Build/Products/Debug-iphonesimulator/PackageFrameworks -F/Users/emreerdener/Library/Developer/Xcode/DerivedData/Merian-bsmebnfnhwnbdncricvwvveooidw/Build/Products/Debug-iphonesimulator/PackageFrameworks -F/Users/emreerdener/Library/Developer/Xcode/DerivedData/Merian-bsmebnfnhwnbdncricvwvveooidw/Build/Products/Debug-iphonesimulator/PackageFrameworks -F/Users/emreerdener/Library/Developer/Xcode/DerivedData/Merian-bsmebnfnhwnbdncricvwvveooidw/Build/Products/Debug-iphonesimulator/PackageFrameworks -F/Users/emreerdener/Library/Developer/Xcode/DerivedData/Merian-bsmebnfnhwnbdncricvwvveooidw/Build/Products/Debug-iphonesimulator/PackageFrameworks -F/Users/emreerdener/Library/Developer/Xcode/DerivedData/Merian-bsmebnfnhwnbdncricvwvveooidw/Build/Products/Debug-iphonesimulator/PackageFrameworks -F/Users/emreerdener/Library/Developer/Xcode/DerivedData/Merian-bsmebnfnhwnbdncricvwvveooidw/Build/Products/Debug-iphonesimulator/PackageFrameworks -F/Users/emreerdener/Library/Developer/Xcode/DerivedData/Merian-bsmebnfnhwnbdncricvwvveooidw/Build/Products/Debug-iphonesimulator/PackageFrameworks -F/Users/emreerdener/Library/Developer/Xcode/DerivedData/Merian-bsmebnfnhwnbdncricvwvveooidw/Build/Products/Debug-iphonesimulator/PackageFrameworks -F/Users/emreerdener/Library/Developer/Xcode/DerivedData/Merian-bsmebnfnhwnbdncricvwvveooidw/Build/Products/Debug-iphonesimulator/PackageFrameworks -F/Users/emreerdener/Library/Developer/Xcode/DerivedData/Merian-bsmebnfnhwnbdncricvwvveooidw/Build/Products/Debug-iphonesimulator/PackageFrameworks -F/Users/emreerdener/Library/Developer/Xcode/DerivedData/Merian-bsmebnfnhwnbdncricvwvveooidw/Build/Products/Debug-iphonesimulator/PackageFrameworks -F/Users/emreerdener/Library/Developer/Xcode/DerivedData/Merian-bsmebnfnhwnbdncricvwvveooidw/Build/Products/Debug-iphonesimulator/PackageFrameworks -F/Users/emreerdener/Library/Developer/Xcode/DerivedData/Merian-bsmebnfnhwnbdncricvwvveooidw/Build/Products/Debug-iphonesimulator -filelist /Users/emreerdener/Library/Developer/Xcode/DerivedData/Merian-bsmebnfnhwnbdncricvwvveooidw/Build/Intermediates.noindex/Merian.build/Debug-iphonesimulator/Merian.build/Objects-normal/arm64/Merian.LinkFileList -install_name @rpath/Merian.debug.dylib -Xlinker -rpath -Xlinker /usr/lib/swift -Xlinker -rpath -Xlinker /Users/emreerdener/Library/Developer/Xcode/DerivedData/Merian-bsmebnfnhwnbdncricvwvveooidw/Build/Products/Debug-iphonesimulator/PackageFrameworks -Xlinker -rpath -Xlinker @executable_path/Frameworks -dead_strip -Xlinker -object_path_lto -Xlinker /Users/emreerdener/Library/Developer/Xcode/DerivedData/Merian-bsmebnfnhwnbdncricvwvveooidw/Build/Intermediates.noindex/Merian.build/Debug-iphonesimulator/Merian.build/Objects-normal/arm64/Merian_lto.o -rdynamic -Xlinker -no_deduplicate -Xlinker -objc_abi_version -Xlinker 2 -Xlinker -dependency_info -Xlinker /Users/emreerdener/Library/Developer/Xcode/DerivedData/Merian-bsmebnfnhwnbdncricvwvveooidw/Build/Intermediates.noindex/Merian.build/Debug-iphonesimulator/Merian.build/Objects-normal/arm64/Merian_dependency_info.dat -fobjc-link-runtime -L/Applications/Xcode.app/Contents/Developer/Toolchains/XcodeDefault.xctoolchain/usr/lib/swift/iphonesimulator -L/usr/lib/swift -Xlinker -add_ast_path -Xlinker /Users/emreerdener/Library/Developer/Xcode/DerivedData/Merian-bsmebnfnhwnbdncricvwvveooidw/Build/Intermediates.noindex/Merian.build/Debug-iphonesimulator/Merian.build/Objects-normal/arm64/Merian.swiftmodule @/Users/emreerdener/Library/Developer/Xcode/DerivedData/Merian-bsmebnfnhwnbdncricvwvveooidw/Build/Intermediates.noindex/Merian.build/Debug-iphonesimulator/Merian.build/Objects-normal/arm64/Merian-linker-args.resp -Wl,-no_warn_duplicate_libraries -lc++ -Wl,-no_warn_duplicate_libraries -Wl,-no_warn_duplicate_libraries -Wl,-no_warn_duplicate_libraries -Wl,-no_warn_duplicate_libraries -Wl,-no_warn_duplicate_libraries -Wl,-no_warn_duplicate_libraries -Wl,-no_warn_duplicate_libraries -Wl,-no_warn_duplicate_libraries -Wl,-no_warn_duplicate_libraries -Wl,-no_warn_duplicate_libraries -Wl,-no_warn_duplicate_libraries -Wl,-no_warn_duplicate_libraries -Wl,-no_warn_duplicate_libraries -Wl,-no_warn_duplicate_libraries -Wl,-no_warn_duplicate_libraries -Wl,-no_warn_duplicate_libraries -Wl,-no_warn_duplicate_libraries -Wl,-no_warn_duplicate_libraries -Wl,-no_warn_duplicate_libraries -Wl,-no_warn_duplicate_libraries -Wl,-no_warn_duplicate_libraries -Wl,-no_warn_duplicate_libraries -Wl,-no_warn_duplicate_libraries -Wl,-no_warn_duplicate_libraries -Wl,-no_warn_duplicate_libraries -Wl,-no_warn_duplicate_libraries -Wl,-no_warn_duplicate_libraries -Wl,-no_warn_duplicate_libraries -Wl,-no_warn_duplicate_libraries -Wl,-no_warn_duplicate_libraries -framework CoreGraphics -framework CoreText -framework Foundation -framework LocalAuthentication -framework Security -framework UIKit -framework Security -framework DeviceCheck -framework Foundation -Xlinker -alias -Xlinker _main -Xlinker ___debug_main_executable_dylib_entry_point -framework RiveRuntime -Xlinker -no_adhoc_codesign -o /Users/emreerdener/Library/Developer/Xcode/DerivedData/Merian-bsmebnfnhwnbdncricvwvveooidw/Build/Products/Debug-iphonesimulator/Merian.app/Merian.debug.dylib -Xlinker -add_ast_path -Xlinker /Users/emreerdener/Library/Developer/Xcode/DerivedData/Merian-bsmebnfnhwnbdncricvwvveooidw/Build/Intermediates.noindex/RevenueCat.build/Debug-iphonesimulator/RevenueCat.build/Objects-normal/arm64/RevenueCat.swiftmodule @/Users/emreerdener/Library/Developer/Xcode/DerivedData/Merian-bsmebnfnhwnbdncricvwvveooidw/Build/Intermediates.noindex/RevenueCat.build/Debug-iphonesimulator/RevenueCat.build/Objects-normal/arm64/RevenueCat-linker-args.resp -Xlinker -add_ast_path -Xlinker /Users/emreerdener/Library/Developer/Xcode/DerivedData/Merian-bsmebnfnhwnbdncricvwvveooidw/Build/Intermediates.noindex/PostHog.build/Debug-iphonesimulator/PostHog.build/Objects-normal/arm64/PostHog.swiftmodule @/Users/emreerdener/Library/Developer/Xcode/DerivedData/Merian-bsmebnfnhwnbdncricvwvveooidw/Build/Intermediates.noindex/PostHog.build/Debug-iphonesimulator/PostHog.build/Objects-normal/arm64/PostHog-linker-args.resp -Xlinker -add_ast_path -Xlinker /Users/emreerdener/Library/Developer/Xcode/DerivedData/Merian-bsmebnfnhwnbdncricvwvveooidw/Build/Intermediates.noindex/Supabase.build/Debug-iphonesimulator/Supabase.build/Objects-normal/arm64/Supabase.swiftmodule @/Users/emreerdener/Library/Developer/Xcode/DerivedData/Merian-bsmebnfnhwnbdncricvwvveooidw/Build/Intermediates.noindex/Supabase.build/Debug-iphonesimulator/Supabase.build/Objects-normal/arm64/Supabase-linker-args.resp -Xlinker -add_ast_path -Xlinker /Users/emreerdener/Library/Developer/Xcode/DerivedData/Merian-bsmebnfnhwnbdncricvwvveooidw/Build/Intermediates.noindex/Supabase.build/Debug-iphonesimulator/Functions.build/Objects-normal/arm64/Functions.swiftmodule @/Users/emreerdener/Library/Developer/Xcode/DerivedData/Merian-bsmebnfnhwnbdncricvwvveooidw/Build/Intermediates.noindex/Supabase.build/Debug-iphonesimulator/Functions.build/Objects-normal/arm64/Functions-linker-args.resp -Xlinker -add_ast_path -Xlinker /Users/emreerdener/Library/Developer/Xcode/DerivedData/Merian-bsmebnfnhwnbdncricvwvveooidw/Build/Intermediates.noindex/Supabase.build/Debug-iphonesimulator/PostgREST.build/Objects-normal/arm64/PostgREST.swiftmodule @/Users/emreerdener/Library/Developer/Xcode/DerivedData/Merian-bsmebnfnhwnbdncricvwvveooidw/Build/Intermediates.noindex/Supabase.build/Debug-iphonesimulator/PostgREST.build/Objects-normal/arm64/PostgREST-linker-args.resp -Xlinker -add_ast_path -Xlinker /Users/emreerdener/Library/Developer/Xcode/DerivedData/Merian-bsmebnfnhwnbdncricvwvveooidw/Build/Intermediates.noindex/Supabase.build/Debug-iphonesimulator/Auth.build/Objects-normal/arm64/Auth.swiftmodule @/Users/emreerdener/Library/Developer/Xcode/DerivedData/Merian-bsmebnfnhwnbdncricvwvveooidw/Build/Intermediates.noindex/Supabase.build/Debug-iphonesimulator/Auth.build/Objects-normal/arm64/Auth-linker-args.resp -Xlinker -add_ast_path -Xlinker /Users/emreerdener/Library/Developer/Xcode/DerivedData/Merian-bsmebnfnhwnbdncricvwvveooidw/Build/Intermediates.noindex/Supabase.build/Debug-iphonesimulator/Realtime.build/Objects-normal/arm64/Realtime.swiftmodule @/Users/emreerdener/Library/Developer/Xcode/DerivedData/Merian-bsmebnfnhwnbdncricvwvveooidw/Build/Intermediates.noindex/Supabase.build/Debug-iphonesimulator/Realtime.build/Objects-normal/arm64/Realtime-linker-args.resp -Xlinker -add_ast_path -Xlinker /Users/emreerdener/Library/Developer/Xcode/DerivedData/Merian-bsmebnfnhwnbdncricvwvveooidw/Build/Intermediates.noindex/Supabase.build/Debug-iphonesimulator/Storage.build/Objects-normal/arm64/Storage.swiftmodule @/Users/emreerdener/Library/Developer/Xcode/DerivedData/Merian-bsmebnfnhwnbdncricvwvveooidw/Build/Intermediates.noindex/Supabase.build/Debug-iphonesimulator/Storage.build/Objects-normal/arm64/Storage-linker-args.resp -Xlinker -add_ast_path -Xlinker /Users/emreerdener/Library/Developer/Xcode/DerivedData/Merian-bsmebnfnhwnbdncricvwvveooidw/Build/Intermediates.noindex/swift-concurrency-extras.build/Debug-iphonesimulator/ConcurrencyExtras.build/Objects-normal/arm64/ConcurrencyExtras.swiftmodule @/Users/emreerdener/Library/Developer/Xcode/DerivedData/Merian-bsmebnfnhwnbdncricvwvveooidw/Build/Intermediates.noindex/swift-concurrency-extras.build/Debug-iphonesimulator/ConcurrencyExtras.build/Objects-normal/arm64/ConcurrencyExtras-linker-args.resp -Xlinker -add_ast_path -Xlinker /Users/emreerdener/Library/Developer/Xcode/DerivedData/Merian-bsmebnfnhwnbdncricvwvveooidw/Build/Intermediates.noindex/swift-http-types.build/Debug-iphonesimulator/HTTPTypes.build/Objects-normal/arm64/HTTPTypes.swiftmodule @/Users/emreerdener/Library/Developer/Xcode/DerivedData/Merian-bsmebnfnhwnbdncricvwvveooidw/Build/Intermediates.noindex/swift-http-types.build/Debug-iphonesimulator/HTTPTypes.build/Objects-normal/arm64/HTTPTypes-linker-args.resp -Xlinker -add_ast_path -Xlinker /Users/emreerdener/Library/Developer/Xcode/DerivedData/Merian-bsmebnfnhwnbdncricvwvveooidw/Build/Intermediates.noindex/swift-clocks.build/Debug-iphonesimulator/Clocks.build/Objects-normal/arm64/Clocks.swiftmodule @/Users/emreerdener/Library/Developer/Xcode/DerivedData/Merian-bsmebnfnhwnbdncricvwvveooidw/Build/Intermediates.noindex/swift-clocks.build/Debug-iphonesimulator/Clocks.build/Objects-normal/arm64/Clocks-linker-args.resp -Xlinker -add_ast_path -Xlinker /Users/emreerdener/Library/Developer/Xcode/DerivedData/Merian-bsmebnfnhwnbdncricvwvveooidw/Build/Intermediates.noindex/xctest-dynamic-overlay.build/Debug-iphonesimulator/IssueReporting.build/Objects-normal/arm64/IssueReporting.swiftmodule @/Users/emreerdener/Library/Developer/Xcode/DerivedData/Merian-bsmebnfnhwnbdncricvwvveooidw/Build/Intermediates.noindex/xctest-dynamic-overlay.build/Debug-iphonesimulator/IssueReporting.build/Objects-normal/arm64/IssueReporting-linker-args.resp -Xlinker -add_ast_path -Xlinker /Users/emreerdener/Library/Developer/Xcode/DerivedData/Merian-bsmebnfnhwnbdncricvwvveooidw/Build/Intermediates.noindex/xctest-dynamic-overlay.build/Debug-iphonesimulator/IssueReportingPackageSupport.build/Objects-normal/arm64/IssueReportingPackageSupport.swiftmodule @/Users/emreerdener/Library/Developer/Xcode/DerivedData/Merian-bsmebnfnhwnbdncricvwvveooidw/Build/Intermediates.noindex/xctest-dynamic-overlay.build/Debug-iphonesimulator/IssueReportingPackageSupport.build/Objects-normal/arm64/IssueReportingPackageSupport-linker-args.resp -Xlinker -add_ast_path -Xlinker /Users/emreerdener/Library/Developer/Xcode/DerivedData/Merian-bsmebnfnhwnbdncricvwvveooidw/Build/Intermediates.noindex/xctest-dynamic-overlay.build/Debug-iphonesimulator/XCTestDynamicOverlay.build/Objects-normal/arm64/XCTestDynamicOverlay.swiftmodule @/Users/emreerdener/Library/Developer/Xcode/DerivedData/Merian-bsmebnfnhwnbdncricvwvveooidw/Build/Intermediates.noindex/xctest-dynamic-overlay.build/Debug-iphonesimulator/XCTestDynamicOverlay.build/Objects-normal/arm64/XCTestDynamicOverlay-linker-args.resp -Xlinker -add_ast_path -Xlinker /Users/emreerdener/Library/Developer/Xcode/DerivedData/Merian-bsmebnfnhwnbdncricvwvveooidw/Build/Intermediates.noindex/Supabase.build/Debug-iphonesimulator/Helpers.build/Objects-normal/arm64/Helpers.swiftmodule @/Users/emreerdener/Library/Developer/Xcode/DerivedData/Merian-bsmebnfnhwnbdncricvwvveooidw/Build/Intermediates.noindex/Supabase.build/Debug-iphonesimulator/Helpers.build/Objects-normal/arm64/Helpers-linker-args.resp -Xlinker -add_ast_path -Xlinker /Users/emreerdener/Library/Developer/Xcode/DerivedData/Merian-bsmebnfnhwnbdncricvwvveooidw/Build/Intermediates.noindex/swift-crypto.build/Debug-iphonesimulator/Crypto.build/Objects-normal/arm64/Crypto.swiftmodule @/Users/emreerdener/Library/Developer/Xcode/DerivedData/Merian-bsmebnfnhwnbdncricvwvveooidw/Build/Intermediates.noindex/swift-crypto.build/Debug-iphonesimulator/Crypto.build/Objects-normal/arm64/Crypto-linker-args.resp -Xlinker -add_ast_path -Xlinker /Users/emreerdener/Library/Developer/Xcode/DerivedData/Merian-bsmebnfnhwnbdncricvwvveooidw/Build/Intermediates.noindex/TelemetryDeck.build/Debug-iphonesimulator/TelemetryClient.build/Objects-normal/arm64/TelemetryClient.swiftmodule @/Users/emreerdener/Library/Developer/Xcode/DerivedData/Merian-bsmebnfnhwnbdncricvwvveooidw/Build/Intermediates.noindex/TelemetryDeck.build/Debug-iphonesimulator/TelemetryClient.build/Objects-normal/arm64/TelemetryClient-linker-args.resp -Xlinker -add_ast_path -Xlinker /Users/emreerdener/Library/Developer/Xcode/DerivedData/Merian-bsmebnfnhwnbdncricvwvveooidw/Build/Intermediates.noindex/TelemetryDeck.build/Debug-iphonesimulator/TelemetryDeck.build/Objects-normal/arm64/TelemetryDeck.swiftmodule @/Users/emreerdener/Library/Developer/Xcode/DerivedData/Merian-bsmebnfnhwnbdncricvwvveooidw/Build/Intermediates.noindex/TelemetryDeck.build/Debug-iphonesimulator/TelemetryDeck.build/Objects-normal/arm64/TelemetryDeck-linker-args.resp -Xlinker -add_ast_path -Xlinker /Users/emreerdener/Library/Developer/Xcode/DerivedData/Merian-bsmebnfnhwnbdncricvwvveooidw/Build/Intermediates.noindex/GTMAppAuth.build/Debug-iphonesimulator/GTMAppAuth.build/Objects-normal/arm64/GTMAppAuth.swiftmodule @/Users/emreerdener/Library/Developer/Xcode/DerivedData/Merian-bsmebnfnhwnbdncricvwvveooidw/Build/Intermediates.noindex/GTMAppAuth.build/Debug-iphonesimulator/GTMAppAuth.build/Objects-normal/arm64/GTMAppAuth-linker-args.resp

ConstructStubExecutorLinkFileList /Users/emreerdener/Library/Developer/Xcode/DerivedData/Merian-bsmebnfnhwnbdncricvwvveooidw/Build/Intermediates.noindex/Merian.build/Debug-iphonesimulator/Merian.build/Merian-ExecutorLinkFileList-normal-arm64.txt (in target 'Merian' from project 'Merian')
    cd /Users/emreerdener/Developer/merian
    construct-stub-executor-link-file-list /Users/emreerdener/Library/Developer/Xcode/DerivedData/Merian-bsmebnfnhwnbdncricvwvveooidw/Build/Products/Debug-iphonesimulator/Merian.app/Merian.debug.dylib /Applications/Xcode.app/Contents/Developer/Platforms/iPhoneSimulator.platform/Developer/usr/lib/libPreviewsJITStubExecutor_no_swift_entry_point.a /Applications/Xcode.app/Contents/Developer/Platforms/iPhoneSimulator.platform/Developer/usr/lib/libPreviewsJITStubExecutor.a --output /Users/emreerdener/Library/Developer/Xcode/DerivedData/Merian-bsmebnfnhwnbdncricvwvveooidw/Build/Intermediates.noindex/Merian.build/Debug-iphonesimulator/Merian.build/Merian-ExecutorLinkFileList-normal-arm64.txt
note: Using stub executor library with Swift entry point. (in target 'Merian' from project 'Merian')

Ld /Users/emreerdener/Library/Developer/Xcode/DerivedData/Merian-bsmebnfnhwnbdncricvwvveooidw/Build/Products/Debug-iphonesimulator/Merian.app/Merian normal (in target 'Merian' from project 'Merian')
    cd /Users/emreerdener/Developer/merian
    /Applications/Xcode.app/Contents/Developer/Toolchains/XcodeDefault.xctoolchain/usr/bin/clang -Xlinker -reproducible -target arm64-apple-ios17.2-simulator -isysroot /Applications/Xcode.app/Contents/Developer/Platforms/iPhoneSimulator.platform/Developer/SDKs/iPhoneSimulator26.2.sdk -O0 -L/Users/emreerdener/Library/Developer/Xcode/DerivedData/Merian-bsmebnfnhwnbdncricvwvveooidw/Build/Products/Debug-iphonesimulator -F/Users/emreerdener/Library/Developer/Xcode/DerivedData/Merian-bsmebnfnhwnbdncricvwvveooidw/Build/Products/Debug-iphonesimulator/PackageFrameworks -F/Users/emreerdener/Library/Developer/Xcode/DerivedData/Merian-bsmebnfnhwnbdncricvwvveooidw/Build/Products/Debug-iphonesimulator/PackageFrameworks -F/Users/emreerdener/Library/Developer/Xcode/DerivedData/Merian-bsmebnfnhwnbdncricvwvveooidw/Build/Products/Debug-iphonesimulator/PackageFrameworks -F/Users/emreerdener/Library/Developer/Xcode/DerivedData/Merian-bsmebnfnhwnbdncricvwvveooidw/Build/Products/Debug-iphonesimulator/PackageFrameworks -F/Users/emreerdener/Library/Developer/Xcode/DerivedData/Merian-bsmebnfnhwnbdncricvwvveooidw/Build/Products/Debug-iphonesimulator/PackageFrameworks -F/Users/emreerdener/Library/Developer/Xcode/DerivedData/Merian-bsmebnfnhwnbdncricvwvveooidw/Build/Products/Debug-iphonesimulator/PackageFrameworks -F/Users/emreerdener/Library/Developer/Xcode/DerivedData/Merian-bsmebnfnhwnbdncricvwvveooidw/Build/Products/Debug-iphonesimulator/PackageFrameworks -F/Users/emreerdener/Library/Developer/Xcode/DerivedData/Merian-bsmebnfnhwnbdncricvwvveooidw/Build/Products/Debug-iphonesimulator/PackageFrameworks -F/Users/emreerdener/Library/Developer/Xcode/DerivedData/Merian-bsmebnfnhwnbdncricvwvveooidw/Build/Products/Debug-iphonesimulator/PackageFrameworks -F/Users/emreerdener/Library/Developer/Xcode/DerivedData/Merian-bsmebnfnhwnbdncricvwvveooidw/Build/Products/Debug-iphonesimulator/PackageFrameworks -F/Users/emreerdener/Library/Developer/Xcode/DerivedData/Merian-bsmebnfnhwnbdncricvwvveooidw/Build/Products/Debug-iphonesimulator/PackageFrameworks -F/Users/emreerdener/Library/Developer/Xcode/DerivedData/Merian-bsmebnfnhwnbdncricvwvveooidw/Build/Products/Debug-iphonesimulator/PackageFrameworks -F/Users/emreerdener/Library/Developer/Xcode/DerivedData/Merian-bsmebnfnhwnbdncricvwvveooidw/Build/Products/Debug-iphonesimulator/PackageFrameworks -F/Users/emreerdener/Library/Developer/Xcode/DerivedData/Merian-bsmebnfnhwnbdncricvwvveooidw/Build/Products/Debug-iphonesimulator/PackageFrameworks -F/Users/emreerdener/Library/Developer/Xcode/DerivedData/Merian-bsmebnfnhwnbdncricvwvveooidw/Build/Products/Debug-iphonesimulator/PackageFrameworks -F/Users/emreerdener/Library/Developer/Xcode/DerivedData/Merian-bsmebnfnhwnbdncricvwvveooidw/Build/Products/Debug-iphonesimulator/PackageFrameworks -F/Users/emreerdener/Library/Developer/Xcode/DerivedData/Merian-bsmebnfnhwnbdncricvwvveooidw/Build/Products/Debug-iphonesimulator/PackageFrameworks -F/Users/emreerdener/Library/Developer/Xcode/DerivedData/Merian-bsmebnfnhwnbdncricvwvveooidw/Build/Products/Debug-iphonesimulator/PackageFrameworks -F/Users/emreerdener/Library/Developer/Xcode/DerivedData/Merian-bsmebnfnhwnbdncricvwvveooidw/Build/Products/Debug-iphonesimulator/PackageFrameworks -F/Users/emreerdener/Library/Developer/Xcode/DerivedData/Merian-bsmebnfnhwnbdncricvwvveooidw/Build/Products/Debug-iphonesimulator/PackageFrameworks -F/Users/emreerdener/Library/Developer/Xcode/DerivedData/Merian-bsmebnfnhwnbdncricvwvveooidw/Build/Products/Debug-iphonesimulator/PackageFrameworks -F/Users/emreerdener/Library/Developer/Xcode/DerivedData/Merian-bsmebnfnhwnbdncricvwvveooidw/Build/Products/Debug-iphonesimulator/PackageFrameworks -F/Users/emreerdener/Library/Developer/Xcode/DerivedData/Merian-bsmebnfnhwnbdncricvwvveooidw/Build/Products/Debug-iphonesimulator/PackageFrameworks -F/Users/emreerdener/Library/Developer/Xcode/DerivedData/Merian-bsmebnfnhwnbdncricvwvveooidw/Build/Products/Debug-iphonesimulator/PackageFrameworks -F/Users/emreerdener/Library/Developer/Xcode/DerivedData/Merian-bsmebnfnhwnbdncricvwvveooidw/Build/Products/Debug-iphonesimulator/PackageFrameworks -F/Users/emreerdener/Library/Developer/Xcode/DerivedData/Merian-bsmebnfnhwnbdncricvwvveooidw/Build/Products/Debug-iphonesimulator/PackageFrameworks -F/Users/emreerdener/Library/Developer/Xcode/DerivedData/Merian-bsmebnfnhwnbdncricvwvveooidw/Build/Products/Debug-iphonesimulator/PackageFrameworks -F/Users/emreerdener/Library/Developer/Xcode/DerivedData/Merian-bsmebnfnhwnbdncricvwvveooidw/Build/Products/Debug-iphonesimulator/PackageFrameworks -F/Users/emreerdener/Library/Developer/Xcode/DerivedData/Merian-bsmebnfnhwnbdncricvwvveooidw/Build/Products/Debug-iphonesimulator/PackageFrameworks -F/Users/emreerdener/Library/Developer/Xcode/DerivedData/Merian-bsmebnfnhwnbdncricvwvveooidw/Build/Products/Debug-iphonesimulator/PackageFrameworks -F/Users/emreerdener/Library/Developer/Xcode/DerivedData/Merian-bsmebnfnhwnbdncricvwvveooidw/Build/Products/Debug-iphonesimulator/PackageFrameworks -F/Users/emreerdener/Library/Developer/Xcode/DerivedData/Merian-bsmebnfnhwnbdncricvwvveooidw/Build/Products/Debug-iphonesimulator -Xlinker -rpath -Xlinker @executable_path -Xlinker -rpath -Xlinker /Users/emreerdener/Library/Developer/Xcode/DerivedData/Merian-bsmebnfnhwnbdncricvwvveooidw/Build/Products/Debug-iphonesimulator/PackageFrameworks -Xlinker -rpath -Xlinker @executable_path/Frameworks -rdynamic -Xlinker -no_deduplicate -Xlinker -objc_abi_version -Xlinker 2 -e ___debug_blank_executor_main -Xlinker -sectcreate -Xlinker __TEXT -Xlinker __debug_dylib -Xlinker /Users/emreerdener/Library/Developer/Xcode/DerivedData/Merian-bsmebnfnhwnbdncricvwvveooidw/Build/Intermediates.noindex/Merian.build/Debug-iphonesimulator/Merian.build/Merian-DebugDylibPath-normal-arm64.txt -Xlinker -sectcreate -Xlinker __TEXT -Xlinker __debug_instlnm -Xlinker /Users/emreerdener/Library/Developer/Xcode/DerivedData/Merian-bsmebnfnhwnbdncricvwvveooidw/Build/Intermediates.noindex/Merian.build/Debug-iphonesimulator/Merian.build/Merian-DebugDylibInstallName-normal-arm64.txt -Xlinker -filelist -Xlinker /Users/emreerdener/Library/Developer/Xcode/DerivedData/Merian-bsmebnfnhwnbdncricvwvveooidw/Build/Intermediates.noindex/Merian.build/Debug-iphonesimulator/Merian.build/Merian-ExecutorLinkFileList-normal-arm64.txt -Xlinker -sectcreate -Xlinker __TEXT -Xlinker __entitlements -Xlinker /Users/emreerdener/Library/Developer/Xcode/DerivedData/Merian-bsmebnfnhwnbdncricvwvveooidw/Build/Intermediates.noindex/Merian.build/Debug-iphonesimulator/Merian.build/Merian.app-Simulated.xcent -Xlinker -sectcreate -Xlinker __TEXT -Xlinker __ents_der -Xlinker /Users/emreerdener/Library/Developer/Xcode/DerivedData/Merian-bsmebnfnhwnbdncricvwvveooidw/Build/Intermediates.noindex/Merian.build/Debug-iphonesimulator/Merian.build/Merian.app-Simulated.xcent.der /Users/emreerdener/Library/Developer/Xcode/DerivedData/Merian-bsmebnfnhwnbdncricvwvveooidw/Build/Products/Debug-iphonesimulator/Merian.app/Merian.debug.dylib -Xlinker -no_adhoc_codesign -o /Users/emreerdener/Library/Developer/Xcode/DerivedData/Merian-bsmebnfnhwnbdncricvwvveooidw/Build/Products/Debug-iphonesimulator/Merian.app/Merian

Copy /Users/emreerdener/Library/Developer/Xcode/DerivedData/Merian-bsmebnfnhwnbdncricvwvveooidw/Build/Products/Debug-iphonesimulator/Merian.app/Watch/MerianWatch.app /Users/emreerdener/Library/Developer/Xcode/DerivedData/Merian-bsmebnfnhwnbdncricvwvveooidw/Build/Products/Debug-watchsimulator/MerianWatch.app (in target 'Merian' from project 'Merian')
    cd /Users/emreerdener/Developer/merian
    builtin-copy -exclude .DS_Store -exclude CVS -exclude .svn -exclude .git -exclude .hg -exclude Headers -exclude PrivateHeaders -exclude Modules -exclude \*.tbd -resolve-src-symlinks -remove-static-executable /Users/emreerdener/Library/Developer/Xcode/DerivedData/Merian-bsmebnfnhwnbdncricvwvveooidw/Build/Products/Debug-watchsimulator/MerianWatch.app /Users/emreerdener/Library/Developer/Xcode/DerivedData/Merian-bsmebnfnhwnbdncricvwvveooidw/Build/Products/Debug-iphonesimulator/Merian.app/Watch

PhaseScriptExecution SwiftLint\ Validation /Users/emreerdener/Library/Developer/Xcode/DerivedData/Merian-bsmebnfnhwnbdncricvwvveooidw/Build/Intermediates.noindex/Merian.build/Debug-iphonesimulator/Merian.build/Script-8DF4334D5BA49F07F9CD8D10.sh (in target 'Merian' from project 'Merian')
    cd /Users/emreerdener/Developer/merian
    export ACTION\=build
    export AD_HOC_CODE_SIGNING_ALLOWED\=YES
    export AGGREGATE_TRACKED_DOMAINS\=YES
    export ALLOW_BUILD_REQUEST_OVERRIDES\=NO
    export ALLOW_TARGET_PLATFORM_SPECIALIZATION\=NO
    export ALTERNATE_GROUP\=staff
    export ALTERNATE_MODE\=u+w,go-w,a+rX
    export ALTERNATE_OWNER\=emreerdener
    export ALTERNATIVE_DISTRIBUTION_WEB\=NO
    export ALWAYS_EMBED_SWIFT_STANDARD_LIBRARIES\=NO
    export ALWAYS_SEARCH_USER_PATHS\=NO
    export ALWAYS_USE_SEPARATE_HEADERMAPS\=NO
    export APPLICATION_EXTENSION_API_ONLY\=NO
    export APPLY_RULES_IN_COPY_FILES\=NO
    export APPLY_RULES_IN_COPY_HEADERS\=NO
    export APP_SHORTCUTS_ENABLE_FLEXIBLE_MATCHING\=YES
    export ARCHS\=arm64
    export ARCHS_STANDARD\=arm64\ x86_64
    export ARCHS_STANDARD_32_64_BIT\=arm64\ x86_64
    export ARCHS_STANDARD_64_BIT\=arm64\ x86_64
    export ARCHS_STANDARD_INCLUDING_64_BIT\=arm64\ x86_64
    export ARCHS_UNIVERSAL_IPHONE_OS\=arm64\ x86_64
    export ASSETCATALOG_COMPILER_APPICON_NAME\=AppIcon
    export ASSETCATALOG_FILTER_FOR_DEVICE_MODEL\=iPhone18,1
    export ASSETCATALOG_FILTER_FOR_DEVICE_OS_VERSION\=26.3.1
    export ASSETCATALOG_FILTER_FOR_THINNING_DEVICE_CONFIGURATION\=iPhone18,1
    export AUTOMATICALLY_MERGE_DEPENDENCIES\=NO
    export AUTOMATION_APPLE_EVENTS\=NO
    export AVAILABLE_PLATFORMS\=android\ appletvos\ appletvsimulator\ driverkit\ iphoneos\ iphonesimulator\ macosx\ qnx\ watchos\ watchsimulator\ webassembly\ xros\ xrsimulator
    export AppIdentifierPrefix\=TA8S64ST9W.
    export BUILD_ACTIVE_RESOURCES_ONLY\=YES
    export BUILD_COMPONENTS\=headers\ build
    export BUILD_DIR\=/Users/emreerdener/Library/Developer/Xcode/DerivedData/Merian-bsmebnfnhwnbdncricvwvveooidw/Build/Products
    export BUILD_LIBRARY_FOR_DISTRIBUTION\=NO
    export BUILD_ROOT\=/Users/emreerdener/Library/Developer/Xcode/DerivedData/Merian-bsmebnfnhwnbdncricvwvveooidw/Build/Products
    export BUILD_STYLE\=
    export BUILD_VARIANTS\=normal
    export BUILT_PRODUCTS_DIR\=/Users/emreerdener/Library/Developer/Xcode/DerivedData/Merian-bsmebnfnhwnbdncricvwvveooidw/Build/Products/Debug-iphonesimulator
    export BUNDLE_CONTENTS_FOLDER_PATH_deep\=Contents/
    export BUNDLE_EXECUTABLE_FOLDER_NAME_deep\=MacOS
    export BUNDLE_EXTENSIONS_FOLDER_PATH\=Extensions
    export BUNDLE_FORMAT\=shallow
    export BUNDLE_FRAMEWORKS_FOLDER_PATH\=Frameworks
    export BUNDLE_PLUGINS_FOLDER_PATH\=PlugIns
    export BUNDLE_PRIVATE_HEADERS_FOLDER_PATH\=PrivateHeaders
    export BUNDLE_PUBLIC_HEADERS_FOLDER_PATH\=Headers
    export CACHE_ROOT\=/var/folders/ht/zysy4q_d2pz2bvqq0ss02jz40000gn/C/com.apple.DeveloperTools/26.3-17C529/Xcode
    export CCHROOT\=/var/folders/ht/zysy4q_d2pz2bvqq0ss02jz40000gn/C/com.apple.DeveloperTools/26.3-17C529/Xcode
    export CHMOD\=/bin/chmod
    export CHOWN\=/usr/sbin/chown
    export CLANG_ANALYZER_NONNULL\=YES
    export CLANG_ANALYZER_NUMBER_OBJECT_CONVERSION\=YES_AGGRESSIVE
    export CLANG_CACHE_FINE_GRAINED_OUTPUTS\=YES
    export CLANG_CXX_LANGUAGE_STANDARD\=gnu++14
    export CLANG_CXX_LIBRARY\=libc++
    export CLANG_ENABLE_EXPLICIT_MODULES\=YES
    export CLANG_ENABLE_MODULES\=YES
    export CLANG_ENABLE_OBJC_ARC\=YES
    export CLANG_ENABLE_OBJC_WEAK\=YES
    export CLANG_MODULES_BUILD_SESSION_FILE\=/Users/emreerdener/Library/Developer/Xcode/DerivedData/ModuleCache.noindex/Session.modulevalidation
    export CLANG_WARN_BLOCK_CAPTURE_AUTORELEASING\=YES
    export CLANG_WARN_BOOL_CONVERSION\=YES
    export CLANG_WARN_COMMA\=YES
    export CLANG_WARN_CONSTANT_CONVERSION\=YES
    export CLANG_WARN_DEPRECATED_OBJC_IMPLEMENTATIONS\=YES
    export CLANG_WARN_DIRECT_OBJC_ISA_USAGE\=YES_ERROR
    export CLANG_WARN_DOCUMENTATION_COMMENTS\=YES
    export CLANG_WARN_EMPTY_BODY\=YES
    export CLANG_WARN_ENUM_CONVERSION\=YES
    export CLANG_WARN_INFINITE_RECURSION\=YES
    export CLANG_WARN_INT_CONVERSION\=YES
    export CLANG_WARN_NON_LITERAL_NULL_CONVERSION\=YES
    export CLANG_WARN_OBJC_IMPLICIT_RETAIN_SELF\=YES
    export CLANG_WARN_OBJC_LITERAL_CONVERSION\=YES
    export CLANG_WARN_OBJC_ROOT_CLASS\=YES_ERROR
    export CLANG_WARN_QUOTED_INCLUDE_IN_FRAMEWORK_HEADER\=YES
    export CLANG_WARN_RANGE_LOOP_ANALYSIS\=YES
    export CLANG_WARN_STRICT_PROTOTYPES\=YES
    export CLANG_WARN_SUSPICIOUS_MOVE\=YES
    export CLANG_WARN_UNGUARDED_AVAILABILITY\=YES_AGGRESSIVE
    export CLANG_WARN_UNREACHABLE_CODE\=YES
    export CLANG_WARN__DUPLICATE_METHOD_MATCH\=YES
    export CLASS_FILE_DIR\=/Users/emreerdener/Library/Developer/Xcode/DerivedData/Merian-bsmebnfnhwnbdncricvwvveooidw/Build/Intermediates.noindex/Merian.build/Debug-iphonesimulator/Merian.build/JavaClasses
    export CLEAN_PRECOMPS\=YES
    export CLONE_HEADERS\=NO
    export CODESIGNING_FOLDER_PATH\=/Users/emreerdener/Library/Developer/Xcode/DerivedData/Merian-bsmebnfnhwnbdncricvwvveooidw/Build/Products/Debug-iphonesimulator/Merian.app
    export CODE_SIGNING_ALLOWED\=YES
    export CODE_SIGNING_REQUIRED\=YES
    export CODE_SIGN_CONTEXT_CLASS\=XCiPhoneSimulatorCodeSignContext
    export CODE_SIGN_ENTITLEMENTS\=Merian/Configuration/Merian.entitlements
    export CODE_SIGN_IDENTITY\=iPhone\ Developer
    export CODE_SIGN_INJECT_BASE_ENTITLEMENTS\=YES
    export CODE_SIGN_STYLE\=Automatic
    export COLOR_DIAGNOSTICS\=NO
    export COMBINE_HIDPI_IMAGES\=NO
    export COMPILATION_CACHE_CAS_PATH\=/Users/emreerdener/Library/Developer/Xcode/DerivedData/CompilationCache.noindex
    export COMPILATION_CACHE_KEEP_CAS_DIRECTORY\=YES
    export COMPILER_INDEX_STORE_ENABLE\=Default
    export COMPOSITE_SDK_DIRS\=/Users/emreerdener/Library/Developer/Xcode/DerivedData/Merian-bsmebnfnhwnbdncricvwvveooidw/Build/Intermediates.noindex/CompositeSDKs
    export COMPRESS_PNG_FILES\=YES
    export CONFIGURATION\=Debug
    export CONFIGURATION_BUILD_DIR\=/Users/emreerdener/Library/Developer/Xcode/DerivedData/Merian-bsmebnfnhwnbdncricvwvveooidw/Build/Products/Debug-iphonesimulator
    export CONFIGURATION_TEMP_DIR\=/Users/emreerdener/Library/Developer/Xcode/DerivedData/Merian-bsmebnfnhwnbdncricvwvveooidw/Build/Intermediates.noindex/Merian.build/Debug-iphonesimulator
    export CONTENTS_FOLDER_PATH\=Merian.app
    export CONTENTS_FOLDER_PATH_SHALLOW_BUNDLE_NO\=Merian.app/Contents
    export CONTENTS_FOLDER_PATH_SHALLOW_BUNDLE_YES\=Merian.app
    export COPYING_PRESERVES_HFS_DATA\=NO
    export COPY_HEADERS_RUN_UNIFDEF\=NO
    export COPY_PHASE_STRIP\=NO
    export CORRESPONDING_DEVICE_PLATFORM_DIR\=/Applications/Xcode.app/Contents/Developer/Platforms/iPhoneOS.platform
    export CORRESPONDING_DEVICE_PLATFORM_NAME\=iphoneos
    export CORRESPONDING_DEVICE_SDK_DIR\=/Applications/Xcode.app/Contents/Developer/Platforms/iPhoneOS.platform/Developer/SDKs/iPhoneOS26.2.sdk
    export CORRESPONDING_DEVICE_SDK_NAME\=iphoneos26.2
    export CP\=/bin/cp
    export CREATE_INFOPLIST_SECTION_IN_BINARY\=NO
    export CURRENT_ARCH\=undefined_arch
    export CURRENT_PROJECT_VERSION\=199
    export CURRENT_VARIANT\=normal
    export DEAD_CODE_STRIPPING\=YES
    export DEBUGGING_SYMBOLS\=YES
    export DEBUG_INFORMATION_FORMAT\=dwarf
    export DEBUG_INFORMATION_VERSION\=compiler-default
    export DEFAULT_COMPILER\=com.apple.compilers.llvm.clang.1_0
    export DEFAULT_DEXT_INSTALL_PATH\=/System/Library/DriverExtensions
    export DEFAULT_KEXT_INSTALL_PATH\=/System/Library/Extensions
    export DEFINES_MODULE\=NO
    export DEPLOYMENT_LOCATION\=NO
    export DEPLOYMENT_POSTPROCESSING\=NO
    export DEPLOYMENT_TARGET_SETTING_NAME\=IPHONEOS_DEPLOYMENT_TARGET
    export DEPLOYMENT_TARGET_SUGGESTED_VALUES\=12.0\ 12.1\ 12.2\ 12.3\ 12.4\ 13.0\ 13.1\ 13.2\ 13.3\ 13.4\ 13.5\ 13.6\ 14.0\ 14.1\ 14.2\ 14.3\ 14.4\ 14.5\ 14.6\ 14.7\ 15.0\ 15.1\ 15.2\ 15.3\ 15.4\ 15.5\ 15.6\ 16.0\ 16.1\ 16.2\ 16.3\ 16.4\ 16.5\ 16.6\ 17.0\ 17.1\ 17.2\ 17.3\ 17.4\ 17.5\ 17.6\ 18.0\ 18.1\ 18.2\ 18.3\ 18.4\ 18.5\ 18.6\ 26.0\ 26.1\ 26.2
    export DERIVED_FILES_DIR\=/Users/emreerdener/Library/Developer/Xcode/DerivedData/Merian-bsmebnfnhwnbdncricvwvveooidw/Build/Intermediates.noindex/Merian.build/Debug-iphonesimulator/Merian.build/DerivedSources
    export DERIVED_FILE_DIR\=/Users/emreerdener/Library/Developer/Xcode/DerivedData/Merian-bsmebnfnhwnbdncricvwvveooidw/Build/Intermediates.noindex/Merian.build/Debug-iphonesimulator/Merian.build/DerivedSources
    export DERIVED_SOURCES_DIR\=/Users/emreerdener/Library/Developer/Xcode/DerivedData/Merian-bsmebnfnhwnbdncricvwvveooidw/Build/Intermediates.noindex/Merian.build/Debug-iphonesimulator/Merian.build/DerivedSources
    export DEVELOPER_APPLICATIONS_DIR\=/Applications/Xcode.app/Contents/Developer/Applications
    export DEVELOPER_BIN_DIR\=/Applications/Xcode.app/Contents/Developer/usr/bin
    export DEVELOPER_DIR\=/Applications/Xcode.app/Contents/Developer
    export DEVELOPER_FRAMEWORKS_DIR\=/Applications/Xcode.app/Contents/Developer/Library/Frameworks
    export DEVELOPER_FRAMEWORKS_DIR_QUOTED\=/Applications/Xcode.app/Contents/Developer/Library/Frameworks
    export DEVELOPER_LIBRARY_DIR\=/Applications/Xcode.app/Contents/Developer/Library
    export DEVELOPER_SDK_DIR\=/Applications/Xcode.app/Contents/Developer/Platforms/MacOSX.platform/Developer/SDKs
    export DEVELOPER_TOOLS_DIR\=/Applications/Xcode.app/Contents/Developer/Tools
    export DEVELOPER_USR_DIR\=/Applications/Xcode.app/Contents/Developer/usr
    export DEVELOPMENT_LANGUAGE\=en
    export DEVELOPMENT_TEAM\=TA8S64ST9W
    export DIAGNOSE_MISSING_TARGET_DEPENDENCIES\=YES
    export DIFF\=/usr/bin/diff
    export DOCUMENTATION_FOLDER_PATH\=Merian.app/en.lproj/Documentation
    export DONT_GENERATE_INFOPLIST_FILE\=NO
    export DSTROOT\=/tmp/Merian.dst
    export DT_TOOLCHAIN_DIR\=/Applications/Xcode.app/Contents/Developer/Toolchains/XcodeDefault.xctoolchain
    export DWARF_DSYM_FILE_NAME\=Merian.app.dSYM
    export DWARF_DSYM_FILE_SHOULD_ACCOMPANY_PRODUCT\=NO
    export DWARF_DSYM_FOLDER_PATH\=/Users/emreerdener/Library/Developer/Xcode/DerivedData/Merian-bsmebnfnhwnbdncricvwvveooidw/Build/Products/Debug-iphonesimulator
    export DYNAMIC_LIBRARY_EXTENSION\=dylib
    export EAGER_COMPILATION_ALLOW_SCRIPTS\=NO
    export EAGER_LINKING\=NO
    export EFFECTIVE_PLATFORM_NAME\=-iphonesimulator
    export EMBEDDED_CONTENT_CONTAINS_SWIFT\=NO
    export EMBED_ASSET_PACKS_IN_PRODUCT_BUNDLE\=NO
    export EMBED_PACKAGE_RESOURCE_BUNDLE_NAMES\=\ GoogleSignIn_GoogleSignIn\ GTMSessionFetcher_GTMSessionFetcherCore\ GTMAppAuth_GTMAppAuth\ GoogleUtilities_GoogleUtilities-UserDefaults\ GoogleUtilities_GoogleUtilities-Environment\ GoogleUtilities_GoogleUtilities-Logger\ Promises_FBLPromises\ AppAuth_AppAuthCore\ AppAuth_AppAuth\ TelemetryDeck_TelemetryClient\ TelemetryDeck_TelemetryDeck\ swift-crypto_Crypto\ PostHog_PostHog\ PLCrashReporter_CrashReporter\ RevenueCat_RevenueCat
    export ENABLE_APP_SANDBOX\=NO
    export ENABLE_CODE_COVERAGE\=YES
    export ENABLE_CPLUSPLUS_BOUNDS_SAFE_BUFFERS\=NO
    export ENABLE_C_BOUNDS_SAFETY\=NO
    export ENABLE_DEBUG_DYLIB\=YES
    export ENABLE_DEFAULT_HEADER_SEARCH_PATHS\=YES
    export ENABLE_DEFAULT_SEARCH_PATHS\=YES
    export ENABLE_ENHANCED_SECURITY\=NO
    export ENABLE_HARDENED_RUNTIME\=NO
    export ENABLE_HEADER_DEPENDENCIES\=YES
    export ENABLE_INCOMING_NETWORK_CONNECTIONS\=NO
    export ENABLE_ON_DEMAND_RESOURCES\=YES
    export ENABLE_OUTGOING_NETWORK_CONNECTIONS\=NO
    export ENABLE_POINTER_AUTHENTICATION\=NO
    export ENABLE_PREVIEWS\=NO
    export ENABLE_RESOURCE_ACCESS_AUDIO_INPUT\=NO
    export ENABLE_RESOURCE_ACCESS_BLUETOOTH\=NO
    export ENABLE_RESOURCE_ACCESS_CALENDARS\=NO
    export ENABLE_RESOURCE_ACCESS_CAMERA\=NO
    export ENABLE_RESOURCE_ACCESS_CONTACTS\=NO
    export ENABLE_RESOURCE_ACCESS_LOCATION\=NO
    export ENABLE_RESOURCE_ACCESS_PHOTO_LIBRARY\=NO
    export ENABLE_RESOURCE_ACCESS_PRINTING\=NO
    export ENABLE_RESOURCE_ACCESS_USB\=NO
    export ENABLE_SDK_IMPORTS\=NO
    export ENABLE_SECURITY_COMPILER_WARNINGS\=NO
    export ENABLE_STRICT_OBJC_MSGSEND\=YES
    export ENABLE_TESTABILITY\=YES
    export ENABLE_TESTING_SEARCH_PATHS\=NO
    export ENABLE_USER_SCRIPT_SANDBOXING\=NO
    export ENABLE_XOJIT_PREVIEWS\=YES
    export ENFORCE_VALID_ARCHS\=YES
    export ENTITLEMENTS_ALLOWED\=NO
    export ENTITLEMENTS_DESTINATION\=__entitlements
    export ENTITLEMENTS_REQUIRED\=NO
    export EXCLUDED_INSTALLSRC_SUBDIRECTORY_PATTERNS\=.DS_Store\ .svn\ .git\ .hg\ CVS
    export EXCLUDED_RECURSIVE_SEARCH_PATH_SUBDIRECTORIES\=\*.nib\ \*.lproj\ \*.framework\ \*.gch\ \*.xcode\*\ \*.xcassets\ \*.icon\ \(\*\)\ .DS_Store\ CVS\ .svn\ .git\ .hg\ \*.pbproj\ \*.pbxproj
    export EXECUTABLES_FOLDER_PATH\=Merian.app/Executables
    export EXECUTABLE_BLANK_INJECTION_DYLIB_PATH\=Merian.app/__preview.dylib
    export EXECUTABLE_DEBUG_DYLIB_INSTALL_NAME\=@rpath/Merian.debug.dylib
    export EXECUTABLE_DEBUG_DYLIB_PATH\=Merian.app/Merian.debug.dylib
    export EXECUTABLE_FOLDER_PATH\=Merian.app
    export EXECUTABLE_FOLDER_PATH_SHALLOW_BUNDLE_NO\=Merian.app/MacOS
    export EXECUTABLE_FOLDER_PATH_SHALLOW_BUNDLE_YES\=Merian.app
    export EXECUTABLE_NAME\=Merian
    export EXECUTABLE_PATH\=Merian.app/Merian
    export EXPANDED_CODE_SIGN_IDENTITY\=-
    export EXPANDED_CODE_SIGN_IDENTITY_NAME\=Sign\ to\ Run\ Locally
    export EXTENSIONS_FOLDER_PATH\=Merian.app/Extensions
    export FILE_LIST\=/Users/emreerdener/Library/Developer/Xcode/DerivedData/Merian-bsmebnfnhwnbdncricvwvveooidw/Build/Intermediates.noindex/Merian.build/Debug-iphonesimulator/Merian.build/Objects/LinkFileList
    export FIXED_FILES_DIR\=/Users/emreerdener/Library/Developer/Xcode/DerivedData/Merian-bsmebnfnhwnbdncricvwvveooidw/Build/Intermediates.noindex/Merian.build/Debug-iphonesimulator/Merian.build/FixedFiles
    export FRAMEWORKS_FOLDER_PATH\=Merian.app/Frameworks
    export FRAMEWORK_FLAG_PREFIX\=-framework
    export FRAMEWORK_SEARCH_PATHS\=/Users/emreerdener/Library/Developer/Xcode/DerivedData/Merian-bsmebnfnhwnbdncricvwvveooidw/Build/Products/Debug-iphonesimulator/PackageFrameworks\ /Users/emreerdener/Library/Developer/Xcode/DerivedData/Merian-bsmebnfnhwnbdncricvwvveooidw/Build/Products/Debug-iphonesimulator/PackageFrameworks\ /Users/emreerdener/Library/Developer/Xcode/DerivedData/Merian-bsmebnfnhwnbdncricvwvveooidw/Build/Products/Debug-iphonesimulator/PackageFrameworks\ /Users/emreerdener/Library/Developer/Xcode/DerivedData/Merian-bsmebnfnhwnbdncricvwvveooidw/Build/Products/Debug-iphonesimulator/PackageFrameworks\ /Users/emreerdener/Library/Developer/Xcode/DerivedData/Merian-bsmebnfnhwnbdncricvwvveooidw/Build/Products/Debug-iphonesimulator/PackageFrameworks\ /Users/emreerdener/Library/Developer/Xcode/DerivedData/Merian-bsmebnfnhwnbdncricvwvveooidw/Build/Products/Debug-iphonesimulator/PackageFrameworks\ /Users/emreerdener/Library/Developer/Xcode/DerivedData/Merian-bsmebnfnhwnbdncricvwvveooidw/Build/Products/Debug-iphonesimulator/PackageFrameworks\ /Users/emreerdener/Library/Developer/Xcode/DerivedData/Merian-bsmebnfnhwnbdncricvwvveooidw/Build/Products/Debug-iphonesimulator/PackageFrameworks\ /Users/emreerdener/Library/Developer/Xcode/DerivedData/Merian-bsmebnfnhwnbdncricvwvveooidw/Build/Products/Debug-iphonesimulator/PackageFrameworks\ /Users/emreerdener/Library/Developer/Xcode/DerivedData/Merian-bsmebnfnhwnbdncricvwvveooidw/Build/Products/Debug-iphonesimulator/PackageFrameworks\ /Users/emreerdener/Library/Developer/Xcode/DerivedData/Merian-bsmebnfnhwnbdncricvwvveooidw/Build/Products/Debug-iphonesimulator/PackageFrameworks\ /Users/emreerdener/Library/Developer/Xcode/DerivedData/Merian-bsmebnfnhwnbdncricvwvveooidw/Build/Products/Debug-iphonesimulator/PackageFrameworks\ /Users/emreerdener/Library/Developer/Xcode/DerivedData/Merian-bsmebnfnhwnbdncricvwvveooidw/Build/Products/Debug-iphonesimulator/PackageFrameworks\ /Users/emreerdener/Library/Developer/Xcode/DerivedData/Merian-bsmebnfnhwnbdncricvwvveooidw/Build/Products/Debug-iphonesimulator/PackageFrameworks\ /Users/emreerdener/Library/Developer/Xcode/DerivedData/Merian-bsmebnfnhwnbdncricvwvveooidw/Build/Products/Debug-iphonesimulator/PackageFrameworks\ /Users/emreerdener/Library/Developer/Xcode/DerivedData/Merian-bsmebnfnhwnbdncricvwvveooidw/Build/Products/Debug-iphonesimulator/PackageFrameworks\ /Users/emreerdener/Library/Developer/Xcode/DerivedData/Merian-bsmebnfnhwnbdncricvwvveooidw/Build/Products/Debug-iphonesimulator/PackageFrameworks\ /Users/emreerdener/Library/Developer/Xcode/DerivedData/Merian-bsmebnfnhwnbdncricvwvveooidw/Build/Products/Debug-iphonesimulator/PackageFrameworks\ /Users/emreerdener/Library/Developer/Xcode/DerivedData/Merian-bsmebnfnhwnbdncricvwvveooidw/Build/Products/Debug-iphonesimulator/PackageFrameworks\ /Users/emreerdener/Library/Developer/Xcode/DerivedData/Merian-bsmebnfnhwnbdncricvwvveooidw/Build/Products/Debug-iphonesimulator/PackageFrameworks\ /Users/emreerdener/Library/Developer/Xcode/DerivedData/Merian-bsmebnfnhwnbdncricvwvveooidw/Build/Products/Debug-iphonesimulator/PackageFrameworks\ /Users/emreerdener/Library/Developer/Xcode/DerivedData/Merian-bsmebnfnhwnbdncricvwvveooidw/Build/Products/Debug-iphonesimulator/PackageFrameworks\ /Users/emreerdener/Library/Developer/Xcode/DerivedData/Merian-bsmebnfnhwnbdncricvwvveooidw/Build/Products/Debug-iphonesimulator/PackageFrameworks\ /Users/emreerdener/Library/Developer/Xcode/DerivedData/Merian-bsmebnfnhwnbdncricvwvveooidw/Build/Products/Debug-iphonesimulator/PackageFrameworks\ /Users/emreerdener/Library/Developer/Xcode/DerivedData/Merian-bsmebnfnhwnbdncricvwvveooidw/Build/Products/Debug-iphonesimulator/PackageFrameworks\ /Users/emreerdener/Library/Developer/Xcode/DerivedData/Merian-bsmebnfnhwnbdncricvwvveooidw/Build/Products/Debug-iphonesimulator/PackageFrameworks\ /Users/emreerdener/Library/Developer/Xcode/DerivedData/Merian-bsmebnfnhwnbdncricvwvveooidw/Build/Products/Debug-iphonesimulator/PackageFrameworks\ /Users/emreerdener/Library/Developer/Xcode/DerivedData/Merian-bsmebnfnhwnbdncricvwvveooidw/Build/Products/Debug-iphonesimulator/PackageFrameworks\ /Users/emreerdener/Library/Developer/Xcode/DerivedData/Merian-bsmebnfnhwnbdncricvwvveooidw/Build/Products/Debug-iphonesimulator/PackageFrameworks\ /Users/emreerdener/Library/Developer/Xcode/DerivedData/Merian-bsmebnfnhwnbdncricvwvveooidw/Build/Products/Debug-iphonesimulator/PackageFrameworks\ /Users/emreerdener/Library/Developer/Xcode/DerivedData/Merian-bsmebnfnhwnbdncricvwvveooidw/Build/Products/Debug-iphonesimulator/PackageFrameworks\ /Users/emreerdener/Library/Developer/Xcode/DerivedData/Merian-bsmebnfnhwnbdncricvwvveooidw/Build/Products/Debug-iphonesimulator\ 
    export FRAMEWORK_VERSION\=A
    export FULL_PRODUCT_NAME\=Merian.app
    export FUSE_BUILD_PHASES\=YES
    export FUSE_BUILD_SCRIPT_PHASES\=NO
    export GCC3_VERSION\=3.3
    export GCC_C_LANGUAGE_STANDARD\=gnu11
    export GCC_DYNAMIC_NO_PIC\=NO
    export GCC_INLINES_ARE_PRIVATE_EXTERN\=YES
    export GCC_NO_COMMON_BLOCKS\=YES
    export GCC_OBJC_LEGACY_DISPATCH\=YES
    export GCC_OPTIMIZATION_LEVEL\=0
    export GCC_PFE_FILE_C_DIALECTS\=c\ objective-c\ c++\ objective-c++
    export GCC_PREPROCESSOR_DEFINITIONS\=\ DEBUG\=1
    export GCC_SYMBOLS_PRIVATE_EXTERN\=NO
    export GCC_TREAT_WARNINGS_AS_ERRORS\=NO
    export GCC_VERSION\=com.apple.compilers.llvm.clang.1_0
    export GCC_VERSION_IDENTIFIER\=com_apple_compilers_llvm_clang_1_0
    export GCC_WARN_64_TO_32_BIT_CONVERSION\=YES
    export GCC_WARN_ABOUT_RETURN_TYPE\=YES_ERROR
    export GCC_WARN_UNDECLARED_SELECTOR\=YES
    export GCC_WARN_UNINITIALIZED_AUTOS\=YES_AGGRESSIVE
    export GCC_WARN_UNUSED_FUNCTION\=YES
    export GCC_WARN_UNUSED_VARIABLE\=YES
    export GENERATED_MODULEMAP_DIR\=/Users/emreerdener/Library/Developer/Xcode/DerivedData/Merian-bsmebnfnhwnbdncricvwvveooidw/Build/Intermediates.noindex/GeneratedModuleMaps-iphonesimulator
    export GENERATE_INFOPLIST_FILE\=NO
    export GENERATE_INTERMEDIATE_TEXT_BASED_STUBS\=YES
    export GENERATE_PKGINFO_FILE\=YES
    export GENERATE_PRELINK_OBJECT_FILE\=NO
    export GENERATE_PROFILING_CODE\=NO
    export GENERATE_TEXT_BASED_STUBS\=NO
    export GID\=20
    export GIDClientID\=837988435097-6kclt4r7lhrf1jg2gn4djm65bkh6839u.apps.googleusercontent.com
    export GROUP\=staff
    export HEADERMAP_INCLUDES_FLAT_ENTRIES_FOR_TARGET_BEING_BUILT\=YES
    export HEADERMAP_INCLUDES_FRAMEWORK_ENTRIES_FOR_ALL_PRODUCT_TYPES\=YES
    export HEADERMAP_INCLUDES_FRAMEWORK_ENTRIES_FOR_TARGETS_NOT_BEING_BUILT\=YES
    export HEADERMAP_INCLUDES_NONPUBLIC_NONPRIVATE_HEADERS\=YES
    export HEADERMAP_INCLUDES_PROJECT_HEADERS\=YES
    export HEADERMAP_USES_FRAMEWORK_PREFIX_ENTRIES\=YES
    export HEADERMAP_USES_VFS\=NO
    export HEADER_SEARCH_PATHS\=/Users/emreerdener/Library/Developer/Xcode/DerivedData/Merian-bsmebnfnhwnbdncricvwvveooidw/SourcePackages/checkouts/plcrashreporter/include\ /Users/emreerdener/Library/Developer/Xcode/DerivedData/Merian-bsmebnfnhwnbdncricvwvveooidw/SourcePackages/checkouts/posthog-ios/vendor/libwebp/.\ /Users/emreerdener/Library/Developer/Xcode/DerivedData/Merian-bsmebnfnhwnbdncricvwvveooidw/SourcePackages/checkouts/AppAuth-iOS/Sources/AppAuth/.\ /Users/emreerdener/Library/Developer/Xcode/DerivedData/Merian-bsmebnfnhwnbdncricvwvveooidw/SourcePackages/checkouts/AppAuth-iOS/Sources/AppAuthCore/.\ /Users/emreerdener/Library/Developer/Xcode/DerivedData/Merian-bsmebnfnhwnbdncricvwvveooidw/SourcePackages/checkouts/promises/Sources/FBLPromises/include\ /Users/emreerdener/Library/Developer/Xcode/DerivedData/Merian-bsmebnfnhwnbdncricvwvveooidw/SourcePackages/checkouts/GoogleUtilities/GoogleUtilities/Logger/Public\ /Users/emreerdener/Library/Developer/Xcode/DerivedData/Merian-bsmebnfnhwnbdncricvwvveooidw/SourcePackages/checkouts/GoogleUtilities/GoogleUtilities/Environment/Public\ /Users/emreerdener/Library/Developer/Xcode/DerivedData/Merian-bsmebnfnhwnbdncricvwvveooidw/SourcePackages/checkouts/GoogleUtilities/third_party/IsAppEncrypted/Public\ /Users/emreerdener/Library/Developer/Xcode/DerivedData/Merian-bsmebnfnhwnbdncricvwvveooidw/SourcePackages/checkouts/GoogleUtilities/GoogleUtilities/UserDefaults/Public\ /Users/emreerdener/Library/Developer/Xcode/DerivedData/Merian-bsmebnfnhwnbdncricvwvveooidw/SourcePackages/checkouts/app-check/AppCheckCore/Sources/Public\ /Users/emreerdener/Library/Developer/Xcode/DerivedData/Merian-bsmebnfnhwnbdncricvwvveooidw/SourcePackages/checkouts/gtm-session-fetcher/Sources/Core/Public\ /Users/emreerdener/Library/Developer/Xcode/DerivedData/Merian-bsmebnfnhwnbdncricvwvveooidw/SourcePackages/checkouts/GoogleSignIn-iOS/GoogleSignIn/Sources/Public\ /Users/emreerdener/Library/Developer/Xcode/DerivedData/Merian-bsmebnfnhwnbdncricvwvveooidw/Build/Products/Debug-iphonesimulator/include\ 
    export HOME\=/Users/emreerdener
    export HOST_ARCH\=arm64
    export HOST_PLATFORM\=macosx
    export ICONV\=/usr/bin/iconv
    export IMPLICIT_DEPENDENCY_DOMAIN\=default
    export INFOPLIST_ENABLE_CFBUNDLEICONS_MERGE\=YES
    export INFOPLIST_EXPAND_BUILD_SETTINGS\=YES
    export INFOPLIST_FILE\=Merian/Configuration/Info.plist
    export INFOPLIST_OUTPUT_FORMAT\=binary
    export INFOPLIST_PATH\=Merian.app/Info.plist
    export INFOPLIST_PREPROCESS\=NO
    export INFOSTRINGS_PATH\=Merian.app/en.lproj/InfoPlist.strings
    export INLINE_PRIVATE_FRAMEWORKS\=NO
    export INSTALLAPI_IGNORE_SKIP_INSTALL\=YES
    export INSTALLHDRS_COPY_PHASE\=NO
    export INSTALLHDRS_SCRIPT_PHASE\=NO
    export INSTALL_DIR\=/tmp/Merian.dst/Applications
    export INSTALL_GROUP\=staff
    export INSTALL_MODE_FLAG\=u+w,go-w,a+rX
    export INSTALL_OWNER\=emreerdener
    export INSTALL_PATH\=/Applications
    export INSTALL_ROOT\=/tmp/Merian.dst
    export IPHONEOS_DEPLOYMENT_TARGET\=17.2
    export IS_UNOPTIMIZED_BUILD\=YES
    export JAVAC_DEFAULT_FLAGS\=-J-Xms64m\ -J-XX:NewSize\=4M\ -J-Dfile.encoding\=UTF8
    export JAVA_APP_STUB\=/System/Library/Frameworks/JavaVM.framework/Resources/MacOS/JavaApplicationStub
    export JAVA_ARCHIVE_CLASSES\=YES
    export JAVA_ARCHIVE_TYPE\=JAR
    export JAVA_COMPILER\=/usr/bin/javac
    export JAVA_FOLDER_PATH\=Merian.app/Java
    export JAVA_FRAMEWORK_RESOURCES_DIRS\=Resources
    export JAVA_JAR_FLAGS\=cv
    export JAVA_SOURCE_SUBDIR\=.
    export JAVA_USE_DEPENDENCIES\=YES
    export JAVA_ZIP_FLAGS\=-urg
    export JIKES_DEFAULT_FLAGS\=+E\ +OLDCSO
    export KEEP_PRIVATE_EXTERNS\=NO
    export LD_DEPENDENCY_INFO_FILE\=/Users/emreerdener/Library/Developer/Xcode/DerivedData/Merian-bsmebnfnhwnbdncricvwvveooidw/Build/Intermediates.noindex/Merian.build/Debug-iphonesimulator/Merian.build/Objects-normal/undefined_arch/Merian_dependency_info.dat
    export LD_ENTITLEMENTS_SECTION\=/Users/emreerdener/Library/Developer/Xcode/DerivedData/Merian-bsmebnfnhwnbdncricvwvveooidw/Build/Intermediates.noindex/Merian.build/Debug-iphonesimulator/Merian.build/Merian.app-Simulated.xcent
    export LD_ENTITLEMENTS_SECTION_DER\=/Users/emreerdener/Library/Developer/Xcode/DerivedData/Merian-bsmebnfnhwnbdncricvwvveooidw/Build/Intermediates.noindex/Merian.build/Debug-iphonesimulator/Merian.build/Merian.app-Simulated.xcent.der
    export LD_EXPORT_SYMBOLS\=YES
    export LD_GENERATE_MAP_FILE\=NO
    export LD_MAP_FILE_PATH\=/Users/emreerdener/Library/Developer/Xcode/DerivedData/Merian-bsmebnfnhwnbdncricvwvveooidw/Build/Intermediates.noindex/Merian.build/Debug-iphonesimulator/Merian.build/Merian-LinkMap-normal-undefined_arch.txt
    export LD_NO_PIE\=NO
    export LD_QUOTE_LINKER_ARGUMENTS_FOR_COMPILER_DRIVER\=YES
    export LD_RUNPATH_SEARCH_PATHS\=/Users/emreerdener/Library/Developer/Xcode/DerivedData/Merian-bsmebnfnhwnbdncricvwvveooidw/Build/Products/Debug-iphonesimulator/PackageFrameworks\ /Users/emreerdener/Library/Developer/Xcode/DerivedData/Merian-bsmebnfnhwnbdncricvwvveooidw/Build/Products/Debug-iphonesimulator/PackageFrameworks\ /Users/emreerdener/Library/Developer/Xcode/DerivedData/Merian-bsmebnfnhwnbdncricvwvveooidw/Build/Products/Debug-iphonesimulator/PackageFrameworks\ /Users/emreerdener/Library/Developer/Xcode/DerivedData/Merian-bsmebnfnhwnbdncricvwvveooidw/Build/Products/Debug-iphonesimulator/PackageFrameworks\ /Users/emreerdener/Library/Developer/Xcode/DerivedData/Merian-bsmebnfnhwnbdncricvwvveooidw/Build/Products/Debug-iphonesimulator/PackageFrameworks\ /Users/emreerdener/Library/Developer/Xcode/DerivedData/Merian-bsmebnfnhwnbdncricvwvveooidw/Build/Products/Debug-iphonesimulator/PackageFrameworks\ /Users/emreerdener/Library/Developer/Xcode/DerivedData/Merian-bsmebnfnhwnbdncricvwvveooidw/Build/Products/Debug-iphonesimulator/PackageFrameworks\ /Users/emreerdener/Library/Developer/Xcode/DerivedData/Merian-bsmebnfnhwnbdncricvwvveooidw/Build/Products/Debug-iphonesimulator/PackageFrameworks\ /Users/emreerdener/Library/Developer/Xcode/DerivedData/Merian-bsmebnfnhwnbdncricvwvveooidw/Build/Products/Debug-iphonesimulator/PackageFrameworks\ /Users/emreerdener/Library/Developer/Xcode/DerivedData/Merian-bsmebnfnhwnbdncricvwvveooidw/Build/Products/Debug-iphonesimulator/PackageFrameworks\ /Users/emreerdener/Library/Developer/Xcode/DerivedData/Merian-bsmebnfnhwnbdncricvwvveooidw/Build/Products/Debug-iphonesimulator/PackageFrameworks\ /Users/emreerdener/Library/Developer/Xcode/DerivedData/Merian-bsmebnfnhwnbdncricvwvveooidw/Build/Products/Debug-iphonesimulator/PackageFrameworks\ /Users/emreerdener/Library/Developer/Xcode/DerivedData/Merian-bsmebnfnhwnbdncricvwvveooidw/Build/Products/Debug-iphonesimulator/PackageFrameworks\ /Users/emreerdener/Library/Developer/Xcode/DerivedData/Merian-bsmebnfnhwnbdncricvwvveooidw/Build/Products/Debug-iphonesimulator/PackageFrameworks\ /Users/emreerdener/Library/Developer/Xcode/DerivedData/Merian-bsmebnfnhwnbdncricvwvveooidw/Build/Products/Debug-iphonesimulator/PackageFrameworks\ /Users/emreerdener/Library/Developer/Xcode/DerivedData/Merian-bsmebnfnhwnbdncricvwvveooidw/Build/Products/Debug-iphonesimulator/PackageFrameworks\ /Users/emreerdener/Library/Developer/Xcode/DerivedData/Merian-bsmebnfnhwnbdncricvwvveooidw/Build/Products/Debug-iphonesimulator/PackageFrameworks\ /Users/emreerdener/Library/Developer/Xcode/DerivedData/Merian-bsmebnfnhwnbdncricvwvveooidw/Build/Products/Debug-iphonesimulator/PackageFrameworks\ /Users/emreerdener/Library/Developer/Xcode/DerivedData/Merian-bsmebnfnhwnbdncricvwvveooidw/Build/Products/Debug-iphonesimulator/PackageFrameworks\ /Users/emreerdener/Library/Developer/Xcode/DerivedData/Merian-bsmebnfnhwnbdncricvwvveooidw/Build/Products/Debug-iphonesimulator/PackageFrameworks\ /Users/emreerdener/Library/Developer/Xcode/DerivedData/Merian-bsmebnfnhwnbdncricvwvveooidw/Build/Products/Debug-iphonesimulator/PackageFrameworks\ /Users/emreerdener/Library/Developer/Xcode/DerivedData/Merian-bsmebnfnhwnbdncricvwvveooidw/Build/Products/Debug-iphonesimulator/PackageFrameworks\ /Users/emreerdener/Library/Developer/Xcode/DerivedData/Merian-bsmebnfnhwnbdncricvwvveooidw/Build/Products/Debug-iphonesimulator/PackageFrameworks\ /Users/emreerdener/Library/Developer/Xcode/DerivedData/Merian-bsmebnfnhwnbdncricvwvveooidw/Build/Products/Debug-iphonesimulator/PackageFrameworks\ /Users/emreerdener/Library/Developer/Xcode/DerivedData/Merian-bsmebnfnhwnbdncricvwvveooidw/Build/Products/Debug-iphonesimulator/PackageFrameworks\ /Users/emreerdener/Library/Developer/Xcode/DerivedData/Merian-bsmebnfnhwnbdncricvwvveooidw/Build/Products/Debug-iphonesimulator/PackageFrameworks\ /Users/emreerdener/Library/Developer/Xcode/DerivedData/Merian-bsmebnfnhwnbdncricvwvveooidw/Build/Products/Debug-iphonesimulator/PackageFrameworks\ /Users/emreerdener/Library/Developer/Xcode/DerivedData/Merian-bsmebnfnhwnbdncricvwvveooidw/Build/Products/Debug-iphonesimulator/PackageFrameworks\ /Users/emreerdener/Library/Developer/Xcode/DerivedData/Merian-bsmebnfnhwnbdncricvwvveooidw/Build/Products/Debug-iphonesimulator/PackageFrameworks\ /Users/emreerdener/Library/Developer/Xcode/DerivedData/Merian-bsmebnfnhwnbdncricvwvveooidw/Build/Products/Debug-iphonesimulator/PackageFrameworks\ /Users/emreerdener/Library/Developer/Xcode/DerivedData/Merian-bsmebnfnhwnbdncricvwvveooidw/Build/Products/Debug-iphonesimulator/PackageFrameworks\ \ @executable_path/Frameworks
    export LD_RUNPATH_SEARCH_PATHS_YES\=@loader_path/../Frameworks
    export LD_SHARED_CACHE_ELIGIBLE\=Automatic
    export LD_WARN_DUPLICATE_LIBRARIES\=NO
    export LD_WARN_UNUSED_DYLIBS\=NO
    export LEGACY_DEVELOPER_DIR\=/Applications/Xcode.app/Contents/PlugIns/Xcode3Core.ideplugin/Contents/SharedSupport/Developer
    export LEX\=lex
    export LIBRARY_DEXT_INSTALL_PATH\=/Library/DriverExtensions
    export LIBRARY_FLAG_NOSPACE\=YES
    export LIBRARY_FLAG_PREFIX\=-l
    export LIBRARY_KEXT_INSTALL_PATH\=/Library/Extensions
    export LIBRARY_SEARCH_PATHS\=/Users/emreerdener/Library/Developer/Xcode/DerivedData/Merian-bsmebnfnhwnbdncricvwvveooidw/Build/Products/Debug-iphonesimulator\ 
    export LINKER_DISPLAYS_MANGLED_NAMES\=NO
    export LINK_FILE_LIST_normal_arm64\=/Users/emreerdener/Library/Developer/Xcode/DerivedData/Merian-bsmebnfnhwnbdncricvwvveooidw/Build/Intermediates.noindex/Merian.build/Debug-iphonesimulator/Merian.build/Objects-normal/arm64/Merian.LinkFileList
    export LINK_OBJC_RUNTIME\=YES
    export LINK_WITH_STANDARD_LIBRARIES\=YES
    export LLVM_TARGET_TRIPLE_OS_VERSION\=ios17.2
    export LLVM_TARGET_TRIPLE_SUFFIX\=-simulator
    export LLVM_TARGET_TRIPLE_VENDOR\=apple
    export LM_AUX_CONST_METADATA_LIST_PATH_normal_arm64\=/Users/emreerdener/Library/Developer/Xcode/DerivedData/Merian-bsmebnfnhwnbdncricvwvveooidw/Build/Intermediates.noindex/Merian.build/Debug-iphonesimulator/Merian.build/Objects-normal/arm64/Merian.SwiftConstValuesFileList
    export LOCALIZATION_EXPORT_SUPPORTED\=YES
    export LOCALIZATION_PREFERS_STRING_CATALOGS\=NO
    export LOCALIZED_RESOURCES_FOLDER_PATH\=Merian.app/en.lproj
    export LOCALIZED_STRING_MACRO_NAMES\=NSLocalizedString\ CFCopyLocalizedString
    export LOCALIZED_STRING_SWIFTUI_SUPPORT\=YES
    export LOCAL_ADMIN_APPS_DIR\=/Applications/Utilities
    export LOCAL_APPS_DIR\=/Applications
    export LOCAL_DEVELOPER_DIR\=/Library/Developer
    export LOCAL_LIBRARY_DIR\=/Library
    export LOCROOT\=/Users/emreerdener/Developer/merian
    export LOCSYMROOT\=/Users/emreerdener/Developer/merian
    export MACH_O_TYPE\=mh_execute
    export MAC_OS_X_PRODUCT_BUILD_VERSION\=24G419
    export MAC_OS_X_VERSION_ACTUAL\=150703
    export MAC_OS_X_VERSION_MAJOR\=150000
    export MAC_OS_X_VERSION_MINOR\=150700
    export MAKE_MERGEABLE\=NO
    export MARKETING_VERSION\=1.0
    export MERGEABLE_LIBRARY\=NO
    export MERGED_BINARY_TYPE\=none
    export MERGE_LINKED_LIBRARIES\=NO
    export METAL_LIBRARY_FILE_BASE\=default
    export METAL_LIBRARY_OUTPUT_DIR\=/Users/emreerdener/Library/Developer/Xcode/DerivedData/Merian-bsmebnfnhwnbdncricvwvveooidw/Build/Products/Debug-iphonesimulator/Merian.app
    export MODULES_FOLDER_PATH\=Merian.app/Modules
    export MODULE_CACHE_DIR\=/Users/emreerdener/Library/Developer/Xcode/DerivedData/ModuleCache.noindex
    export MTL_ENABLE_DEBUG_INFO\=INCLUDE_SOURCE
    export MTL_FAST_MATH\=YES
    export NATIVE_ARCH\=arm64
    export NATIVE_ARCH_32_BIT\=arm
    export NATIVE_ARCH_64_BIT\=arm64
    export NATIVE_ARCH_ACTUAL\=arm64
    export NO_COMMON\=YES
    export OBJC_ABI_VERSION\=2
    export OBJECT_FILE_DIR\=/Users/emreerdener/Library/Developer/Xcode/DerivedData/Merian-bsmebnfnhwnbdncricvwvveooidw/Build/Intermediates.noindex/Merian.build/Debug-iphonesimulator/Merian.build/Objects
    export OBJECT_FILE_DIR_normal\=/Users/emreerdener/Library/Developer/Xcode/DerivedData/Merian-bsmebnfnhwnbdncricvwvveooidw/Build/Intermediates.noindex/Merian.build/Debug-iphonesimulator/Merian.build/Objects-normal
    export OBJROOT\=/Users/emreerdener/Library/Developer/Xcode/DerivedData/Merian-bsmebnfnhwnbdncricvwvveooidw/Build/Intermediates.noindex
    export ONLY_ACTIVE_ARCH\=YES
    export OS\=MACOS
    export OSAC\=/usr/bin/osacompile
    export OTHER_CFLAGS\=-fmodule-map-file\=/Users/emreerdener/Library/Developer/Xcode/DerivedData/Merian-bsmebnfnhwnbdncricvwvveooidw/Build/Intermediates.noindex/GeneratedModuleMaps-iphonesimulator/RevenueCat.modulemap\ -fmodule-map-file\=/Users/emreerdener/Library/Developer/Xcode/DerivedData/Merian-bsmebnfnhwnbdncricvwvveooidw/Build/Intermediates.noindex/GeneratedModuleMaps-iphonesimulator/CrashReporter.modulemap\ -fmodule-map-file\=/Users/emreerdener/Library/Developer/Xcode/DerivedData/Merian-bsmebnfnhwnbdncricvwvveooidw/Build/Intermediates.noindex/GeneratedModuleMaps-iphonesimulator/phlibwebp.modulemap\ -fmodule-map-file\=/Users/emreerdener/Library/Developer/Xcode/DerivedData/Merian-bsmebnfnhwnbdncricvwvveooidw/Build/Intermediates.noindex/GeneratedModuleMaps-iphonesimulator/PostHog.modulemap\ -fmodule-map-file\=/Users/emreerdener/Library/Developer/Xcode/DerivedData/Merian-bsmebnfnhwnbdncricvwvveooidw/Build/Intermediates.noindex/GeneratedModuleMaps-iphonesimulator/ConcurrencyExtras.modulemap\ -fmodule-map-file\=/Users/emreerdener/Library/Developer/Xcode/DerivedData/Merian-bsmebnfnhwnbdncricvwvveooidw/Build/Intermediates.noindex/GeneratedModuleMaps-iphonesimulator/HTTPTypes.modulemap\ -fmodule-map-file\=/Users/emreerdener/Library/Developer/Xcode/DerivedData/Merian-bsmebnfnhwnbdncricvwvveooidw/Build/Intermediates.noindex/GeneratedModuleMaps-iphonesimulator/Clocks.modulemap\ -fmodule-map-file\=/Users/emreerdener/Library/Developer/Xcode/DerivedData/Merian-bsmebnfnhwnbdncricvwvveooidw/Build/Intermediates.noindex/GeneratedModuleMaps-iphonesimulator/XCTestDynamicOverlay.modulemap\ -fmodule-map-file\=/Users/emreerdener/Library/Developer/Xcode/DerivedData/Merian-bsmebnfnhwnbdncricvwvveooidw/Build/Intermediates.noindex/GeneratedModuleMaps-iphonesimulator/Crypto.modulemap\ -fmodule-map-file\=/Users/emreerdener/Library/Developer/Xcode/DerivedData/Merian-bsmebnfnhwnbdncricvwvveooidw/Build/Intermediates.noindex/GeneratedModuleMaps-iphonesimulator/IssueReportingPackageSupport.modulemap\ -fmodule-map-file\=/Users/emreerdener/Library/Developer/Xcode/DerivedData/Merian-bsmebnfnhwnbdncricvwvveooidw/Build/Intermediates.noindex/GeneratedModuleMaps-iphonesimulator/IssueReporting.modulemap\ -fmodule-map-file\=/Users/emreerdener/Library/Developer/Xcode/DerivedData/Merian-bsmebnfnhwnbdncricvwvveooidw/Build/Intermediates.noindex/GeneratedModuleMaps-iphonesimulator/Helpers.modulemap\ -fmodule-map-file\=/Users/emreerdener/Library/Developer/Xcode/DerivedData/Merian-bsmebnfnhwnbdncricvwvveooidw/Build/Intermediates.noindex/GeneratedModuleMaps-iphonesimulator/Storage.modulemap\ -fmodule-map-file\=/Users/emreerdener/Library/Developer/Xcode/DerivedData/Merian-bsmebnfnhwnbdncricvwvveooidw/Build/Intermediates.noindex/GeneratedModuleMaps-iphonesimulator/Realtime.modulemap\ -fmodule-map-file\=/Users/emreerdener/Library/Developer/Xcode/DerivedData/Merian-bsmebnfnhwnbdncricvwvveooidw/Build/Intermediates.noindex/GeneratedModuleMaps-iphonesimulator/Auth.modulemap\ -fmodule-map-file\=/Users/emreerdener/Library/Developer/Xcode/DerivedData/Merian-bsmebnfnhwnbdncricvwvveooidw/Build/Intermediates.noindex/GeneratedModuleMaps-iphonesimulator/PostgREST.modulemap\ -fmodule-map-file\=/Users/emreerdener/Library/Developer/Xcode/DerivedData/Merian-bsmebnfnhwnbdncricvwvveooidw/Build/Intermediates.noindex/GeneratedModuleMaps-iphonesimulator/Functions.modulemap\ -fmodule-map-file\=/Users/emreerdener/Library/Developer/Xcode/DerivedData/Merian-bsmebnfnhwnbdncricvwvveooidw/Build/Intermediates.noindex/GeneratedModuleMaps-iphonesimulator/Supabase.modulemap\ -fmodule-map-file\=/Users/emreerdener/Library/Developer/Xcode/DerivedData/Merian-bsmebnfnhwnbdncricvwvveooidw/Build/Intermediates.noindex/GeneratedModuleMaps-iphonesimulator/TelemetryDeck.modulemap\ -fmodule-map-file\=/Users/emreerdener/Library/Developer/Xcode/DerivedData/Merian-bsmebnfnhwnbdncricvwvveooidw/Build/Intermediates.noindex/GeneratedModuleMaps-iphonesimulator/TelemetryClient.modulemap\ -fmodule-map-file\=/Users/emreerdener/Library/Developer/Xcode/DerivedData/Merian-bsmebnfnhwnbdncricvwvveooidw/Build/Intermediates.noindex/GeneratedModuleMaps-iphonesimulator/AppAuth.modulemap\ -fmodule-map-file\=/Users/emreerdener/Library/Developer/Xcode/DerivedData/Merian-bsmebnfnhwnbdncricvwvveooidw/Build/Intermediates.noindex/GeneratedModuleMaps-iphonesimulator/AppAuthCore.modulemap\ -fmodule-map-file\=/Users/emreerdener/Library/Developer/Xcode/DerivedData/Merian-bsmebnfnhwnbdncricvwvveooidw/Build/Intermediates.noindex/GeneratedModuleMaps-iphonesimulator/GoogleUtilities-Logger.modulemap\ -fmodule-map-file\=/Users/emreerdener/Library/Developer/Xcode/DerivedData/Merian-bsmebnfnhwnbdncricvwvveooidw/Build/Intermediates.noindex/GeneratedModuleMaps-iphonesimulator/GoogleUtilities-Environment.modulemap\ -fmodule-map-file\=/Users/emreerdener/Library/Developer/Xcode/DerivedData/Merian-bsmebnfnhwnbdncricvwvveooidw/Build/Intermediates.noindex/GeneratedModuleMaps-iphonesimulator/third-party-IsAppEncrypted.modulemap\ -fmodule-map-file\=/Users/emreerdener/Library/Developer/Xcode/DerivedData/Merian-bsmebnfnhwnbdncricvwvveooidw/Build/Intermediates.noindex/GeneratedModuleMaps-iphonesimulator/GoogleUtilities-UserDefaults.modulemap\ -fmodule-map-file\=/Users/emreerdener/Library/Developer/Xcode/DerivedData/Merian-bsmebnfnhwnbdncricvwvveooidw/Build/Intermediates.noindex/GeneratedModuleMaps-iphonesimulator/AppCheckCore.modulemap\ -fmodule-map-file\=/Users/emreerdener/Library/Developer/Xcode/DerivedData/Merian-bsmebnfnhwnbdncricvwvveooidw/Build/Intermediates.noindex/GeneratedModuleMaps-iphonesimulator/GTMAppAuth.modulemap\ -fmodule-map-file\=/Users/emreerdener/Library/Developer/Xcode/DerivedData/Merian-bsmebnfnhwnbdncricvwvveooidw/Build/Intermediates.noindex/GeneratedModuleMaps-iphonesimulator/GTMSessionFetcherCore.modulemap\ -fmodule-map-file\=/Users/emreerdener/Library/Developer/Xcode/DerivedData/Merian-bsmebnfnhwnbdncricvwvveooidw/Build/Intermediates.noindex/GeneratedModuleMaps-iphonesimulator/GoogleSignIn.modulemap\ 
    export OTHER_CPLUSPLUSFLAGS\=-fmodule-map-file\=/Users/emreerdener/Library/Developer/Xcode/DerivedData/Merian-bsmebnfnhwnbdncricvwvveooidw/Build/Intermediates.noindex/GeneratedModuleMaps-iphonesimulator/RevenueCat.modulemap\ -fmodule-map-file\=/Users/emreerdener/Library/Developer/Xcode/DerivedData/Merian-bsmebnfnhwnbdncricvwvveooidw/Build/Intermediates.noindex/GeneratedModuleMaps-iphonesimulator/CrashReporter.modulemap\ -fmodule-map-file\=/Users/emreerdener/Library/Developer/Xcode/DerivedData/Merian-bsmebnfnhwnbdncricvwvveooidw/Build/Intermediates.noindex/GeneratedModuleMaps-iphonesimulator/phlibwebp.modulemap\ -fmodule-map-file\=/Users/emreerdener/Library/Developer/Xcode/DerivedData/Merian-bsmebnfnhwnbdncricvwvveooidw/Build/Intermediates.noindex/GeneratedModuleMaps-iphonesimulator/PostHog.modulemap\ -fmodule-map-file\=/Users/emreerdener/Library/Developer/Xcode/DerivedData/Merian-bsmebnfnhwnbdncricvwvveooidw/Build/Intermediates.noindex/GeneratedModuleMaps-iphonesimulator/ConcurrencyExtras.modulemap\ -fmodule-map-file\=/Users/emreerdener/Library/Developer/Xcode/DerivedData/Merian-bsmebnfnhwnbdncricvwvveooidw/Build/Intermediates.noindex/GeneratedModuleMaps-iphonesimulator/HTTPTypes.modulemap\ -fmodule-map-file\=/Users/emreerdener/Library/Developer/Xcode/DerivedData/Merian-bsmebnfnhwnbdncricvwvveooidw/Build/Intermediates.noindex/GeneratedModuleMaps-iphonesimulator/Clocks.modulemap\ -fmodule-map-file\=/Users/emreerdener/Library/Developer/Xcode/DerivedData/Merian-bsmebnfnhwnbdncricvwvveooidw/Build/Intermediates.noindex/GeneratedModuleMaps-iphonesimulator/XCTestDynamicOverlay.modulemap\ -fmodule-map-file\=/Users/emreerdener/Library/Developer/Xcode/DerivedData/Merian-bsmebnfnhwnbdncricvwvveooidw/Build/Intermediates.noindex/GeneratedModuleMaps-iphonesimulator/Crypto.modulemap\ -fmodule-map-file\=/Users/emreerdener/Library/Developer/Xcode/DerivedData/Merian-bsmebnfnhwnbdncricvwvveooidw/Build/Intermediates.noindex/GeneratedModuleMaps-iphonesimulator/IssueReportingPackageSupport.modulemap\ -fmodule-map-file\=/Users/emreerdener/Library/Developer/Xcode/DerivedData/Merian-bsmebnfnhwnbdncricvwvveooidw/Build/Intermediates.noindex/GeneratedModuleMaps-iphonesimulator/IssueReporting.modulemap\ -fmodule-map-file\=/Users/emreerdener/Library/Developer/Xcode/DerivedData/Merian-bsmebnfnhwnbdncricvwvveooidw/Build/Intermediates.noindex/GeneratedModuleMaps-iphonesimulator/Helpers.modulemap\ -fmodule-map-file\=/Users/emreerdener/Library/Developer/Xcode/DerivedData/Merian-bsmebnfnhwnbdncricvwvveooidw/Build/Intermediates.noindex/GeneratedModuleMaps-iphonesimulator/Storage.modulemap\ -fmodule-map-file\=/Users/emreerdener/Library/Developer/Xcode/DerivedData/Merian-bsmebnfnhwnbdncricvwvveooidw/Build/Intermediates.noindex/GeneratedModuleMaps-iphonesimulator/Realtime.modulemap\ -fmodule-map-file\=/Users/emreerdener/Library/Developer/Xcode/DerivedData/Merian-bsmebnfnhwnbdncricvwvveooidw/Build/Intermediates.noindex/GeneratedModuleMaps-iphonesimulator/Auth.modulemap\ -fmodule-map-file\=/Users/emreerdener/Library/Developer/Xcode/DerivedData/Merian-bsmebnfnhwnbdncricvwvveooidw/Build/Intermediates.noindex/GeneratedModuleMaps-iphonesimulator/PostgREST.modulemap\ -fmodule-map-file\=/Users/emreerdener/Library/Developer/Xcode/DerivedData/Merian-bsmebnfnhwnbdncricvwvveooidw/Build/Intermediates.noindex/GeneratedModuleMaps-iphonesimulator/Functions.modulemap\ -fmodule-map-file\=/Users/emreerdener/Library/Developer/Xcode/DerivedData/Merian-bsmebnfnhwnbdncricvwvveooidw/Build/Intermediates.noindex/GeneratedModuleMaps-iphonesimulator/Supabase.modulemap\ -fmodule-map-file\=/Users/emreerdener/Library/Developer/Xcode/DerivedData/Merian-bsmebnfnhwnbdncricvwvveooidw/Build/Intermediates.noindex/GeneratedModuleMaps-iphonesimulator/TelemetryDeck.modulemap\ -fmodule-map-file\=/Users/emreerdener/Library/Developer/Xcode/DerivedData/Merian-bsmebnfnhwnbdncricvwvveooidw/Build/Intermediates.noindex/GeneratedModuleMaps-iphonesimulator/TelemetryClient.modulemap\ -fmodule-map-file\=/Users/emreerdener/Library/Developer/Xcode/DerivedData/Merian-bsmebnfnhwnbdncricvwvveooidw/Build/Intermediates.noindex/GeneratedModuleMaps-iphonesimulator/AppAuth.modulemap\ -fmodule-map-file\=/Users/emreerdener/Library/Developer/Xcode/DerivedData/Merian-bsmebnfnhwnbdncricvwvveooidw/Build/Intermediates.noindex/GeneratedModuleMaps-iphonesimulator/AppAuthCore.modulemap\ -fmodule-map-file\=/Users/emreerdener/Library/Developer/Xcode/DerivedData/Merian-bsmebnfnhwnbdncricvwvveooidw/Build/Intermediates.noindex/GeneratedModuleMaps-iphonesimulator/GoogleUtilities-Logger.modulemap\ -fmodule-map-file\=/Users/emreerdener/Library/Developer/Xcode/DerivedData/Merian-bsmebnfnhwnbdncricvwvveooidw/Build/Intermediates.noindex/GeneratedModuleMaps-iphonesimulator/GoogleUtilities-Environment.modulemap\ -fmodule-map-file\=/Users/emreerdener/Library/Developer/Xcode/DerivedData/Merian-bsmebnfnhwnbdncricvwvveooidw/Build/Intermediates.noindex/GeneratedModuleMaps-iphonesimulator/third-party-IsAppEncrypted.modulemap\ -fmodule-map-file\=/Users/emreerdener/Library/Developer/Xcode/DerivedData/Merian-bsmebnfnhwnbdncricvwvveooidw/Build/Intermediates.noindex/GeneratedModuleMaps-iphonesimulator/GoogleUtilities-UserDefaults.modulemap\ -fmodule-map-file\=/Users/emreerdener/Library/Developer/Xcode/DerivedData/Merian-bsmebnfnhwnbdncricvwvveooidw/Build/Intermediates.noindex/GeneratedModuleMaps-iphonesimulator/AppCheckCore.modulemap\ -fmodule-map-file\=/Users/emreerdener/Library/Developer/Xcode/DerivedData/Merian-bsmebnfnhwnbdncricvwvveooidw/Build/Intermediates.noindex/GeneratedModuleMaps-iphonesimulator/GTMAppAuth.modulemap\ -fmodule-map-file\=/Users/emreerdener/Library/Developer/Xcode/DerivedData/Merian-bsmebnfnhwnbdncricvwvveooidw/Build/Intermediates.noindex/GeneratedModuleMaps-iphonesimulator/GTMSessionFetcherCore.modulemap\ -fmodule-map-file\=/Users/emreerdener/Library/Developer/Xcode/DerivedData/Merian-bsmebnfnhwnbdncricvwvveooidw/Build/Intermediates.noindex/GeneratedModuleMaps-iphonesimulator/GoogleSignIn.modulemap\ 
    export OTHER_LDFLAGS\=-Wl,-no_warn_duplicate_libraries\ -lc++\ -Wl,-no_warn_duplicate_libraries\ -Wl,-no_warn_duplicate_libraries\ -Wl,-no_warn_duplicate_libraries\ -Wl,-no_warn_duplicate_libraries\ -Wl,-no_warn_duplicate_libraries\ -Wl,-no_warn_duplicate_libraries\ -Wl,-no_warn_duplicate_libraries\ -Wl,-no_warn_duplicate_libraries\ -Wl,-no_warn_duplicate_libraries\ -Wl,-no_warn_duplicate_libraries\ -Wl,-no_warn_duplicate_libraries\ -Wl,-no_warn_duplicate_libraries\ -Wl,-no_warn_duplicate_libraries\ -Wl,-no_warn_duplicate_libraries\ -Wl,-no_warn_duplicate_libraries\ -Wl,-no_warn_duplicate_libraries\ -Wl,-no_warn_duplicate_libraries\ -Wl,-no_warn_duplicate_libraries\ -Wl,-no_warn_duplicate_libraries\ -Wl,-no_warn_duplicate_libraries\ -Wl,-no_warn_duplicate_libraries\ -Wl,-no_warn_duplicate_libraries\ -Wl,-no_warn_duplicate_libraries\ -Wl,-no_warn_duplicate_libraries\ -Wl,-no_warn_duplicate_libraries\ -Wl,-no_warn_duplicate_libraries\ -Wl,-no_warn_duplicate_libraries\ -Wl,-no_warn_duplicate_libraries\ -Wl,-no_warn_duplicate_libraries\ -Wl,-no_warn_duplicate_libraries\ \ -framework\ CoreGraphics\ -framework\ CoreText\ -framework\ Foundation\ -framework\ LocalAuthentication\ -framework\ Security\ -framework\ UIKit\ -framework\ Security\ -framework\ DeviceCheck\ -framework\ Foundation
    export OTHER_SWIFT_FLAGS\=-Xcc\ -fmodule-map-file\=/Users/emreerdener/Library/Developer/Xcode/DerivedData/Merian-bsmebnfnhwnbdncricvwvveooidw/Build/Intermediates.noindex/GeneratedModuleMaps-iphonesimulator/CrashReporter.modulemap\ -Xcc\ -fmodule-map-file\=/Users/emreerdener/Library/Developer/Xcode/DerivedData/Merian-bsmebnfnhwnbdncricvwvveooidw/Build/Intermediates.noindex/GeneratedModuleMaps-iphonesimulator/phlibwebp.modulemap\ -Xcc\ -fmodule-map-file\=/Users/emreerdener/Library/Developer/Xcode/DerivedData/Merian-bsmebnfnhwnbdncricvwvveooidw/Build/Intermediates.noindex/GeneratedModuleMaps-iphonesimulator/AppAuth.modulemap\ -Xcc\ -fmodule-map-file\=/Users/emreerdener/Library/Developer/Xcode/DerivedData/Merian-bsmebnfnhwnbdncricvwvveooidw/Build/Intermediates.noindex/GeneratedModuleMaps-iphonesimulator/AppAuthCore.modulemap\ -Xcc\ -fmodule-map-file\=/Users/emreerdener/Library/Developer/Xcode/DerivedData/Merian-bsmebnfnhwnbdncricvwvveooidw/Build/Intermediates.noindex/GeneratedModuleMaps-iphonesimulator/GoogleUtilities-Logger.modulemap\ -Xcc\ -fmodule-map-file\=/Users/emreerdener/Library/Developer/Xcode/DerivedData/Merian-bsmebnfnhwnbdncricvwvveooidw/Build/Intermediates.noindex/GeneratedModuleMaps-iphonesimulator/GoogleUtilities-Environment.modulemap\ -Xcc\ -fmodule-map-file\=/Users/emreerdener/Library/Developer/Xcode/DerivedData/Merian-bsmebnfnhwnbdncricvwvveooidw/Build/Intermediates.noindex/GeneratedModuleMaps-iphonesimulator/third-party-IsAppEncrypted.modulemap\ -Xcc\ -fmodule-map-file\=/Users/emreerdener/Library/Developer/Xcode/DerivedData/Merian-bsmebnfnhwnbdncricvwvveooidw/Build/Intermediates.noindex/GeneratedModuleMaps-iphonesimulator/GoogleUtilities-UserDefaults.modulemap\ -Xcc\ -fmodule-map-file\=/Users/emreerdener/Library/Developer/Xcode/DerivedData/Merian-bsmebnfnhwnbdncricvwvveooidw/Build/Intermediates.noindex/GeneratedModuleMaps-iphonesimulator/AppCheckCore.modulemap\ -Xcc\ -fmodule-map-file\=/Users/emreerdener/Library/Developer/Xcode/DerivedData/Merian-bsmebnfnhwnbdncricvwvveooidw/Build/Intermediates.noindex/GeneratedModuleMaps-iphonesimulator/GTMSessionFetcherCore.modulemap\ -Xcc\ -fmodule-map-file\=/Users/emreerdener/Library/Developer/Xcode/DerivedData/Merian-bsmebnfnhwnbdncricvwvveooidw/Build/Intermediates.noindex/GeneratedModuleMaps-iphonesimulator/GoogleSignIn.modulemap\ 
    export PACKAGE_TYPE\=com.apple.package-type.wrapper.application
    export PASCAL_STRINGS\=YES
    export PATH\=/Applications/Xcode.app/Contents/SharedFrameworks/SwiftBuild.framework/Versions/A/PlugIns/SWBBuildService.bundle/Contents/PlugIns/SWBUniversalPlatformPlugin.bundle/Contents/Frameworks/SWBUniversalPlatform.framework/Resources:/Applications/Xcode.app/Contents/Developer/Toolchains/XcodeDefault.xctoolchain/usr/bin:/Applications/Xcode.app/Contents/Developer/Toolchains/XcodeDefault.xctoolchain/usr/local/bin:/Applications/Xcode.app/Contents/Developer/Toolchains/XcodeDefault.xctoolchain/usr/libexec:/Applications/Xcode.app/Contents/Developer/Platforms/iPhoneSimulator.platform/usr/bin:/Applications/Xcode.app/Contents/Developer/Platforms/iPhoneSimulator.platform/usr/local/bin:/Applications/Xcode.app/Contents/Developer/Platforms/iPhoneSimulator.platform/Developer/usr/bin:/Applications/Xcode.app/Contents/Developer/Platforms/iPhoneSimulator.platform/Developer/usr/local/bin:/Applications/Xcode.app/Contents/Developer/usr/bin:/Applications/Xcode.app/Contents/Developer/usr/local/bin:/Users/emreerdener/.local/bin:/Users/emreerdener/.antigravity/antigravity/bin:/Users/emreerdener/.nvm/versions/node/v25.2.1/bin:/opt/homebrew/bin:/opt/homebrew/sbin:/usr/local/bin:/System/Cryptexes/App/usr/bin:/usr/bin:/bin:/usr/sbin:/sbin:/var/run/com.apple.security.cryptexd/codex.system/bootstrap/usr/local/bin:/var/run/com.apple.security.cryptexd/codex.system/bootstrap/usr/bin:/var/run/com.apple.security.cryptexd/codex.system/bootstrap/usr/appleinternal/bin:/Library/Apple/usr/bin:/Users/emreerdener/Developer/Trippo/flutter/bin
    export PATH_PREFIXES_EXCLUDED_FROM_HEADER_DEPENDENCIES\=/usr/include\ /usr/local/include\ /System/Library/Frameworks\ /System/Library/PrivateFrameworks\ /Applications/Xcode.app/Contents/Developer/Headers\ /Applications/Xcode.app/Contents/Developer/SDKs\ /Applications/Xcode.app/Contents/Developer/Platforms
    export PBDEVELOPMENTPLIST_PATH\=Merian.app/pbdevelopment.plist
    export PER_ARCH_MODULE_FILE_DIR\=/Users/emreerdener/Library/Developer/Xcode/DerivedData/Merian-bsmebnfnhwnbdncricvwvveooidw/Build/Intermediates.noindex/Merian.build/Debug-iphonesimulator/Merian.build/Objects-normal/undefined_arch
    export PER_ARCH_OBJECT_FILE_DIR\=/Users/emreerdener/Library/Developer/Xcode/DerivedData/Merian-bsmebnfnhwnbdncricvwvveooidw/Build/Intermediates.noindex/Merian.build/Debug-iphonesimulator/Merian.build/Objects-normal/undefined_arch
    export PER_VARIANT_OBJECT_FILE_DIR\=/Users/emreerdener/Library/Developer/Xcode/DerivedData/Merian-bsmebnfnhwnbdncricvwvveooidw/Build/Intermediates.noindex/Merian.build/Debug-iphonesimulator/Merian.build/Objects-normal
    export PKGINFO_FILE_PATH\=/Users/emreerdener/Library/Developer/Xcode/DerivedData/Merian-bsmebnfnhwnbdncricvwvveooidw/Build/Intermediates.noindex/Merian.build/Debug-iphonesimulator/Merian.build/PkgInfo
    export PKGINFO_PATH\=Merian.app/PkgInfo
    export PLATFORM_DEVELOPER_APPLICATIONS_DIR\=/Applications/Xcode.app/Contents/Developer/Platforms/iPhoneSimulator.platform/Developer/Applications
    export PLATFORM_DEVELOPER_BIN_DIR\=/Applications/Xcode.app/Contents/Developer/Platforms/iPhoneSimulator.platform/Developer/usr/bin
    export PLATFORM_DEVELOPER_LIBRARY_DIR\=/Applications/Xcode.app/Contents/Developer/Platforms/iPhoneSimulator.platform/Developer/Library
    export PLATFORM_DEVELOPER_SDK_DIR\=/Applications/Xcode.app/Contents/Developer/Platforms/iPhoneSimulator.platform/Developer/SDKs
    export PLATFORM_DEVELOPER_TOOLS_DIR\=/Applications/Xcode.app/Contents/Developer/Platforms/iPhoneSimulator.platform/Developer/Tools
    export PLATFORM_DEVELOPER_USR_DIR\=/Applications/Xcode.app/Contents/Developer/Platforms/iPhoneSimulator.platform/Developer/usr
    export PLATFORM_DIR\=/Applications/Xcode.app/Contents/Developer/Platforms/iPhoneSimulator.platform
    export PLATFORM_DISPLAY_NAME\=iOS\ Simulator
    export PLATFORM_FAMILY_NAME\=iOS
    export PLATFORM_NAME\=iphonesimulator
    export PLATFORM_PREFERRED_ARCH\=x86_64
    export PLATFORM_PRODUCT_BUILD_VERSION\=23C57
    export PLATFORM_REQUIRES_SWIFT_AUTOLINK_EXTRACT\=NO
    export PLATFORM_REQUIRES_SWIFT_MODULEWRAP\=NO
    export PLIST_FILE_OUTPUT_FORMAT\=binary
    export PLUGINS_FOLDER_PATH\=Merian.app/PlugIns
    export POSTHOG_API_KEY\=phc_7HHe4JA1LnDczaaedBDgylxCYQAYVJXyhM8my3HUoQY
    export PRECOMPS_INCLUDE_HEADERS_FROM_BUILT_PRODUCTS_DIR\=YES
    export PRECOMP_DESTINATION_DIR\=/Users/emreerdener/Library/Developer/Xcode/DerivedData/Merian-bsmebnfnhwnbdncricvwvveooidw/Build/Intermediates.noindex/Merian.build/Debug-iphonesimulator/Merian.build/PrefixHeaders
    export PRIVATE_HEADERS_FOLDER_PATH\=Merian.app/PrivateHeaders
    export PROCESSED_INFOPLIST_PATH\=/Users/emreerdener/Library/Developer/Xcode/DerivedData/Merian-bsmebnfnhwnbdncricvwvveooidw/Build/Intermediates.noindex/Merian.build/Debug-iphonesimulator/Merian.build/Objects-normal/undefined_arch/Processed-Info.plist
    export PRODUCT_BUNDLE_IDENTIFIER\=app.merian.Merian
    export PRODUCT_BUNDLE_PACKAGE_TYPE\=APPL
    export PRODUCT_MODULE_NAME\=Merian
    export PRODUCT_NAME\=Merian
    export PRODUCT_SETTINGS_PATH\=/Users/emreerdener/Developer/merian/Merian/Configuration/Info.plist
    export PRODUCT_TYPE\=com.apple.product-type.application
    export PROFILING_CODE\=NO
    export PROJECT\=Merian
    export PROJECT_DERIVED_FILE_DIR\=/Users/emreerdener/Library/Developer/Xcode/DerivedData/Merian-bsmebnfnhwnbdncricvwvveooidw/Build/Intermediates.noindex/Merian.build/DerivedSources
    export PROJECT_DIR\=/Users/emreerdener/Developer/merian
    export PROJECT_FILE_PATH\=/Users/emreerdener/Developer/merian/Merian.xcodeproj
    export PROJECT_GUID\=dcaa609efe034fc516e3186519f37717
    export PROJECT_NAME\=Merian
    export PROJECT_TEMP_DIR\=/Users/emreerdener/Library/Developer/Xcode/DerivedData/Merian-bsmebnfnhwnbdncricvwvveooidw/Build/Intermediates.noindex/Merian.build
    export PROJECT_TEMP_ROOT\=/Users/emreerdener/Library/Developer/Xcode/DerivedData/Merian-bsmebnfnhwnbdncricvwvveooidw/Build/Intermediates.noindex
    export PROVISIONING_PROFILE_REQUIRED\=NO
    export PROVISIONING_PROFILE_REQUIRED_YES_YES\=YES
    export PROVISIONING_PROFILE_SUPPORTED\=YES
    export PUBLIC_HEADERS_FOLDER_PATH\=Merian.app/Headers
    export RECOMMENDED_IPHONEOS_DEPLOYMENT_TARGET\=15.0
    export RECURSIVE_SEARCH_PATHS_FOLLOW_SYMLINKS\=YES
    export REMOVE_CVS_FROM_RESOURCES\=YES
    export REMOVE_GIT_FROM_RESOURCES\=YES
    export REMOVE_HEADERS_FROM_EMBEDDED_BUNDLES\=YES
    export REMOVE_HG_FROM_RESOURCES\=YES
    export REMOVE_STATIC_EXECUTABLES_FROM_EMBEDDED_BUNDLES\=YES
    export REMOVE_SVN_FROM_RESOURCES\=YES
    export RESCHEDULE_INDEPENDENT_HEADERS_PHASES\=YES
    export REVENUECAT_API_KEY\=test_KDYnJNpPWfrsUvmYhfNUTSIufuT
    export REVERSED_CLIENT_ID\=com.googleusercontent.apps.837988435097-6kclt4r7lhrf1jg2gn4djm65bkh6839u
    export REZ_COLLECTOR_DIR\=/Users/emreerdener/Library/Developer/Xcode/DerivedData/Merian-bsmebnfnhwnbdncricvwvveooidw/Build/Intermediates.noindex/Merian.build/Debug-iphonesimulator/Merian.build/ResourceManagerResources
    export REZ_OBJECTS_DIR\=/Users/emreerdener/Library/Developer/Xcode/DerivedData/Merian-bsmebnfnhwnbdncricvwvveooidw/Build/Intermediates.noindex/Merian.build/Debug-iphonesimulator/Merian.build/ResourceManagerResources/Objects
    export REZ_SEARCH_PATHS\=/Users/emreerdener/Library/Developer/Xcode/DerivedData/Merian-bsmebnfnhwnbdncricvwvveooidw/Build/Products/Debug-iphonesimulator\ 
    export RUNTIME_EXCEPTION_ALLOW_DYLD_ENVIRONMENT_VARIABLES\=NO
    export RUNTIME_EXCEPTION_ALLOW_JIT\=NO
    export RUNTIME_EXCEPTION_ALLOW_UNSIGNED_EXECUTABLE_MEMORY\=NO
    export RUNTIME_EXCEPTION_DEBUGGING_TOOL\=NO
    export RUNTIME_EXCEPTION_DISABLE_EXECUTABLE_PAGE_PROTECTION\=NO
    export RUNTIME_EXCEPTION_DISABLE_LIBRARY_VALIDATION\=NO
    export SCAN_ALL_SOURCE_FILES_FOR_INCLUDES\=NO
    export SCRIPTS_FOLDER_PATH\=Merian.app/Scripts
    export SCRIPT_INPUT_FILE_COUNT\=0
    export SCRIPT_INPUT_FILE_LIST_COUNT\=0
    export SCRIPT_OUTPUT_FILE_COUNT\=0
    export SCRIPT_OUTPUT_FILE_LIST_COUNT\=0
    export SDKROOT\=/Applications/Xcode.app/Contents/Developer/Platforms/iPhoneSimulator.platform/Developer/SDKs/iPhoneSimulator26.2.sdk
    export SDK_DIR\=/Applications/Xcode.app/Contents/Developer/Platforms/iPhoneSimulator.platform/Developer/SDKs/iPhoneSimulator26.2.sdk
    export SDK_DIR_iphonesimulator\=/Applications/Xcode.app/Contents/Developer/Platforms/iPhoneSimulator.platform/Developer/SDKs/iPhoneSimulator26.2.sdk
    export SDK_DIR_iphonesimulator26_2\=/Applications/Xcode.app/Contents/Developer/Platforms/iPhoneSimulator.platform/Developer/SDKs/iPhoneSimulator26.2.sdk
    export SDK_NAME\=iphonesimulator26.2
    export SDK_NAMES\=iphonesimulator26.2
    export SDK_PRODUCT_BUILD_VERSION\=23C57
    export SDK_STAT_CACHE_DIR\=/Users/emreerdener/Library/Developer/Xcode/DerivedData
    export SDK_STAT_CACHE_ENABLE\=YES
    export SDK_STAT_CACHE_PATH\=/Users/emreerdener/Library/Developer/Xcode/DerivedData/SDKStatCaches.noindex/iphonesimulator26.2-23C57-7d00a8b37fbd7999ea79df8ebc024bf0.sdkstatcache
    export SDK_VERSION\=26.2
    export SDK_VERSION_ACTUAL\=260200
    export SDK_VERSION_MAJOR\=260000
    export SDK_VERSION_MINOR\=260200
    export SED\=/usr/bin/sed
    export SEPARATE_STRIP\=NO
    export SEPARATE_SYMBOL_EDIT\=NO
    export SET_DIR_MODE_OWNER_GROUP\=YES
    export SET_FILE_MODE_OWNER_GROUP\=NO
    export SHALLOW_BUNDLE\=YES
    export SHALLOW_BUNDLE_TRIPLE\=ios-simulator
    export SHALLOW_BUNDLE_ios_macabi\=NO
    export SHALLOW_BUNDLE_macos\=NO
    export SHARED_DERIVED_FILE_DIR\=/Users/emreerdener/Library/Developer/Xcode/DerivedData/Merian-bsmebnfnhwnbdncricvwvveooidw/Build/Products/Debug-iphonesimulator/DerivedSources
    export SHARED_FRAMEWORKS_FOLDER_PATH\=Merian.app/SharedFrameworks
    export SHARED_PRECOMPS_DIR\=/Users/emreerdener/Library/Developer/Xcode/DerivedData/Merian-bsmebnfnhwnbdncricvwvveooidw/Build/Intermediates.noindex/PrecompiledHeaders
    export SHARED_SUPPORT_FOLDER_PATH\=Merian.app/SharedSupport
    export SKIP_INSTALL\=NO
    export SOURCE_ROOT\=/Users/emreerdener/Developer/merian
    export SRCROOT\=/Users/emreerdener/Developer/merian
    export STRINGSDATA_DIR\=/Users/emreerdener/Library/Developer/Xcode/DerivedData/Merian-bsmebnfnhwnbdncricvwvveooidw/Build/Intermediates.noindex/Merian.build/Debug-iphonesimulator/Merian.build/Objects-normal/undefined_arch
    export STRINGSDATA_ROOT\=/Users/emreerdener/Library/Developer/Xcode/DerivedData/Merian-bsmebnfnhwnbdncricvwvveooidw/Build/Intermediates.noindex/Merian.build/Debug-iphonesimulator/Merian.build
    export STRINGS_FILE_INFOPLIST_RENAME\=YES
    export STRINGS_FILE_OUTPUT_ENCODING\=binary
    export STRING_CATALOG_GENERATE_SYMBOLS\=NO
    export STRIP_BITCODE_FROM_COPIED_FILES\=NO
    export STRIP_INSTALLED_PRODUCT\=NO
    export STRIP_STYLE\=all
    export STRIP_SWIFT_SYMBOLS\=YES
    export SUPABASE_ANON_KEY\=sb_publishable_7zM8XNRg-rv-pPBQFQDU0g_4TnOjtQQ
    export SUPABASE_URL\=https://qlarqavoqhkuwzmevrmf.supabase.co
    export SUPPORTED_DEVICE_FAMILIES\=1,2
    export SUPPORTED_PLATFORMS\=iphoneos\ iphonesimulator
    export SUPPORTS_MACCATALYST\=NO
    export SUPPORTS_ON_DEMAND_RESOURCES\=YES
    export SUPPORTS_TEXT_BASED_API\=NO
    export SUPPRESS_WARNINGS\=NO
    export SWIFT_ACTIVE_COMPILATION_CONDITIONS\=DEBUG
    export SWIFT_EMIT_CONST_VALUE_PROTOCOLS\=AppIntent\ EntityQuery\ AppEntity\ TransientEntity\ AppEnum\ AppShortcutProviding\ AppShortcutsProvider\ AnyResolverProviding\ AppIntentsPackage\ DynamicOptionsProvider\ _IntentValueRepresentable\ _AssistantIntentsProvider\ _GenerativeFunctionExtractable\ IntentValueQuery\ Resolver\ AppExtension\ ExtensionPointDefining
    export SWIFT_EMIT_LOC_STRINGS\=NO
    export SWIFT_ENABLE_EXPLICIT_MODULES\=YES
    export SWIFT_OPTIMIZATION_LEVEL\=-Onone
    export SWIFT_PLATFORM_TARGET_PREFIX\=ios
    export SWIFT_RESPONSE_FILE_PATH_normal_arm64\=/Users/emreerdener/Library/Developer/Xcode/DerivedData/Merian-bsmebnfnhwnbdncricvwvveooidw/Build/Intermediates.noindex/Merian.build/Debug-iphonesimulator/Merian.build/Objects-normal/arm64/Merian.SwiftFileList
    export SWIFT_VERSION\=5.0
    export SYMROOT\=/Users/emreerdener/Library/Developer/Xcode/DerivedData/Merian-bsmebnfnhwnbdncricvwvveooidw/Build/Products
    export SYSTEM_ADMIN_APPS_DIR\=/Applications/Utilities
    export SYSTEM_APPS_DIR\=/Applications
    export SYSTEM_CORE_SERVICES_DIR\=/System/Library/CoreServices
    export SYSTEM_DEMOS_DIR\=/Applications/Extras
    export SYSTEM_DEVELOPER_APPS_DIR\=/Applications/Xcode.app/Contents/Developer/Applications
    export SYSTEM_DEVELOPER_BIN_DIR\=/Applications/Xcode.app/Contents/Developer/usr/bin
    export SYSTEM_DEVELOPER_DEMOS_DIR\=/Applications/Xcode.app/Contents/Developer/Applications/Utilities/Built\ Examples
    export SYSTEM_DEVELOPER_DIR\=/Applications/Xcode.app/Contents/Developer
    export SYSTEM_DEVELOPER_DOC_DIR\=/Applications/Xcode.app/Contents/Developer/ADC\ Reference\ Library
    export SYSTEM_DEVELOPER_GRAPHICS_TOOLS_DIR\=/Applications/Xcode.app/Contents/Developer/Applications/Graphics\ Tools
    export SYSTEM_DEVELOPER_JAVA_TOOLS_DIR\=/Applications/Xcode.app/Contents/Developer/Applications/Java\ Tools
    export SYSTEM_DEVELOPER_PERFORMANCE_TOOLS_DIR\=/Applications/Xcode.app/Contents/Developer/Applications/Performance\ Tools
    export SYSTEM_DEVELOPER_RELEASENOTES_DIR\=/Applications/Xcode.app/Contents/Developer/ADC\ Reference\ Library/releasenotes
    export SYSTEM_DEVELOPER_TOOLS\=/Applications/Xcode.app/Contents/Developer/Tools
    export SYSTEM_DEVELOPER_TOOLS_DOC_DIR\=/Applications/Xcode.app/Contents/Developer/ADC\ Reference\ Library/documentation/DeveloperTools
    export SYSTEM_DEVELOPER_TOOLS_RELEASENOTES_DIR\=/Applications/Xcode.app/Contents/Developer/ADC\ Reference\ Library/releasenotes/DeveloperTools
    export SYSTEM_DEVELOPER_USR_DIR\=/Applications/Xcode.app/Contents/Developer/usr
    export SYSTEM_DEVELOPER_UTILITIES_DIR\=/Applications/Xcode.app/Contents/Developer/Applications/Utilities
    export SYSTEM_DEXT_INSTALL_PATH\=/System/Library/DriverExtensions
    export SYSTEM_DOCUMENTATION_DIR\=/Library/Documentation
    export SYSTEM_EXTENSIONS_FOLDER_PATH\=Merian.app/SystemExtensions
    export SYSTEM_EXTENSIONS_FOLDER_PATH_SHALLOW_BUNDLE_NO\=Merian.app/Library/SystemExtensions
    export SYSTEM_EXTENSIONS_FOLDER_PATH_SHALLOW_BUNDLE_YES\=Merian.app/SystemExtensions
    export SYSTEM_KEXT_INSTALL_PATH\=/System/Library/Extensions
    export SYSTEM_LIBRARY_DIR\=/System/Library
    export TAPI_DEMANGLE\=YES
    export TAPI_ENABLE_PROJECT_HEADERS\=NO
    export TAPI_LANGUAGE\=objective-c
    export TAPI_LANGUAGE_STANDARD\=compiler-default
    export TAPI_USE_SRCROOT\=YES
    export TAPI_VERIFY_MODE\=Pedantic
    export TARGETED_DEVICE_FAMILY\=1
    export TARGETNAME\=Merian
    export TARGET_BUILD_DIR\=/Users/emreerdener/Library/Developer/Xcode/DerivedData/Merian-bsmebnfnhwnbdncricvwvveooidw/Build/Products/Debug-iphonesimulator
    export TARGET_DEVICE_IDENTIFIER\=4A9C54E4-9EB5-4AA2-A81E-41171B4EE652
    export TARGET_DEVICE_MODEL\=iPhone18,1
    export TARGET_DEVICE_OS_VERSION\=26.3.1
    export TARGET_DEVICE_PLATFORM_NAME\=iphonesimulator
    export TARGET_NAME\=Merian
    export TARGET_TEMP_DIR\=/Users/emreerdener/Library/Developer/Xcode/DerivedData/Merian-bsmebnfnhwnbdncricvwvveooidw/Build/Intermediates.noindex/Merian.build/Debug-iphonesimulator/Merian.build
    export TELEMETRY_APP_ID\=A316F801-4566-4F85-AF50-F23E31EC9BBD
    export TEMP_DIR\=/Users/emreerdener/Library/Developer/Xcode/DerivedData/Merian-bsmebnfnhwnbdncricvwvveooidw/Build/Intermediates.noindex/Merian.build/Debug-iphonesimulator/Merian.build
    export TEMP_FILES_DIR\=/Users/emreerdener/Library/Developer/Xcode/DerivedData/Merian-bsmebnfnhwnbdncricvwvveooidw/Build/Intermediates.noindex/Merian.build/Debug-iphonesimulator/Merian.build
    export TEMP_FILE_DIR\=/Users/emreerdener/Library/Developer/Xcode/DerivedData/Merian-bsmebnfnhwnbdncricvwvveooidw/Build/Intermediates.noindex/Merian.build/Debug-iphonesimulator/Merian.build
    export TEMP_ROOT\=/Users/emreerdener/Library/Developer/Xcode/DerivedData/Merian-bsmebnfnhwnbdncricvwvveooidw/Build/Intermediates.noindex
    export TEMP_SANDBOX_DIR\=/Users/emreerdener/Library/Developer/Xcode/DerivedData/Merian-bsmebnfnhwnbdncricvwvveooidw/Build/Intermediates.noindex/TemporaryTaskSandboxes
    export TEST_FRAMEWORK_SEARCH_PATHS\=\ /Applications/Xcode.app/Contents/Developer/Platforms/iPhoneSimulator.platform/Developer/Library/Frameworks\ /Applications/Xcode.app/Contents/Developer/Platforms/iPhoneSimulator.platform/Developer/SDKs/iPhoneSimulator26.2.sdk/Developer/Library/Frameworks
    export TEST_LIBRARY_SEARCH_PATHS\=\ /Applications/Xcode.app/Contents/Developer/Platforms/iPhoneSimulator.platform/Developer/usr/lib
    export TOOLCHAINS\=com.apple.dt.toolchain.XcodeDefault
    export TOOLCHAIN_DIR\=/Applications/Xcode.app/Contents/Developer/Toolchains/XcodeDefault.xctoolchain
    export TREAT_MISSING_BASELINES_AS_TEST_FAILURES\=NO
    export TREAT_MISSING_SCRIPT_PHASE_OUTPUTS_AS_ERRORS\=NO
    export TeamIdentifierPrefix\=TA8S64ST9W.
    export UID\=501
    export UNINSTALLED_PRODUCTS_DIR\=/Users/emreerdener/Library/Developer/Xcode/DerivedData/Merian-bsmebnfnhwnbdncricvwvveooidw/Build/Intermediates.noindex/UninstalledProducts
    export UNLOCALIZED_RESOURCES_FOLDER_PATH\=Merian.app
    export UNLOCALIZED_RESOURCES_FOLDER_PATH_SHALLOW_BUNDLE_NO\=Merian.app/Resources
    export UNLOCALIZED_RESOURCES_FOLDER_PATH_SHALLOW_BUNDLE_YES\=Merian.app
    export UNSTRIPPED_PRODUCT\=NO
    export USER\=emreerdener
    export USER_APPS_DIR\=/Users/emreerdener/Applications
    export USER_LIBRARY_DIR\=/Users/emreerdener/Library
    export USE_DYNAMIC_NO_PIC\=YES
    export USE_HEADERMAP\=YES
    export USE_HEADER_SYMLINKS\=NO
    export VALIDATE_DEVELOPMENT_ASSET_PATHS\=YES_ERROR
    export VALIDATE_PRODUCT\=NO
    export VALID_ARCHS\=arm64\ x86_64
    export VERBOSE_PBXCP\=NO
    export VERSIONING_SYSTEM\=apple-generic
    export VERSIONPLIST_PATH\=Merian.app/version.plist
    export VERSION_INFO_BUILDER\=emreerdener
    export VERSION_INFO_FILE\=Merian_vers.c
    export VERSION_INFO_STRING\=\"@\(\#\)PROGRAM:Merian\ \ PROJECT:Merian-199\"
    export WORKSPACE_DIR\=/Users/emreerdener/Developer/merian/Merian.xcodeproj
    export WRAPPER_EXTENSION\=app
    export WRAPPER_NAME\=Merian.app
    export WRAPPER_SUFFIX\=.app
    export WRAP_ASSET_PACKS_IN_SEPARATE_DIRECTORIES\=NO
    export XCODE_APP_SUPPORT_DIR\=/Applications/Xcode.app/Contents/Developer/Library/Xcode
    export XCODE_PRODUCT_BUILD_VERSION\=17C529
    export XCODE_VERSION_ACTUAL\=2630
    export XCODE_VERSION_MAJOR\=2600
    export XCODE_VERSION_MINOR\=2630
    export XPCSERVICES_FOLDER_PATH\=Merian.app/XPCServices
    export YACC\=yacc
    export _DISCOVER_COMMAND_LINE_LINKER_INPUTS\=YES
    export _DISCOVER_COMMAND_LINE_LINKER_INPUTS_INCLUDE_WL\=YES
    export _LD_MULTIARCH\=YES
    export _WRAPPER_CONTENTS_DIR_SHALLOW_BUNDLE_NO\=/Contents
    export _WRAPPER_PARENT_PATH_SHALLOW_BUNDLE_NO\=/..
    export _WRAPPER_RESOURCES_DIR_SHALLOW_BUNDLE_NO\=/Resources
    export __DIAGNOSE_DEPRECATED_ARCHS\=YES
    export __IS_NOT_MACOS\=YES
    export __IS_NOT_MACOS_macosx\=NO
    export __IS_NOT_SIMULATOR\=NO
    export __IS_NOT_SIMULATOR_simulator\=NO
    export arch\=undefined_arch
    export variant\=normal
    /bin/sh -c /Users/emreerdener/Library/Developer/Xcode/DerivedData/Merian-bsmebnfnhwnbdncricvwvveooidw/Build/Intermediates.noindex/Merian.build/Debug-iphonesimulator/Merian.build/Script-8DF4334D5BA49F07F9CD8D10.sh
Linting Swift files in current working directory
Linting 'CardEntranceModifier.swift' (4/282)
Linting 'MerianLog.swift' (3/282)
Linting 'MerianEnvironment.swift' (1/282)
Linting 'AppDIContainer.swift' (2/282)
Linting 'MerianSystemFeedbackModifier.swift' (5/282)
Linting 'CollectionModifiers.swift' (6/282)
Linting 'ThemeMode.swift' (7/282)
Linting 'ActiveScanToolbar.swift' (8/282)
Linting 'SafariView.swift' (9/282)
Linting 'PostIdentificationNotificationSheetView.swift' (10/282)
Linting 'MainTabBar.swift' (11/282)
Linting 'FadingScrollView.swift' (12/282)
Linting 'ArchivedVisualsView.swift' (13/282)
Linting 'MediaModeToggle.swift' (14/282)
Linting 'SlideToConfirm.swift' (15/282)
Linting 'EnvironmentContextManager.swift' (16/282)
Linting 'CaptureControlBar.swift' (17/282)
Linting 'HardwareOrchestrator.swift' (18/282)
Linting 'HapticManager.swift' (20/282)
Linting 'PushNotificationManager.swift' (19/282)
Linting 'AudioCaptureManager.swift' (21/282)
Linting 'EnvironmentContext.swift' (22/282)
Linting 'CameraManager.swift' (23/282)
Linting 'SpectrogramActor.swift' (24/282)
Linting 'DeviceIdentityManager.swift' (25/282)
Linting 'SocialGuardManager.swift' (26/282)
Linting 'KeychainManager.swift' (27/282)
Linting 'SupabaseManager.swift' (28/282)
Linting 'MerianNetworkClient.swift' (29/282)
Linting 'ActiveScanMedia.swift' (30/282)
Linting 'ShareSheetUtility.swift' (31/282)
Linting 'MerianError.swift' (32/282)
Linting 'MerianConfig.swift' (33/282)
Linting 'ImageDownsampler.swift' (34/282)
Linting 'UserDefaultsKeys.swift' (35/282)
Linting 'AppLifecycleManager.swift' (36/282)
Linting 'DateUtilities.swift' (37/282)
Linting 'Array+Safe.swift' (38/282)
Linting 'SizeEstimator.swift' (39/282)
Linting 'ShimmerModifier.swift' (40/282)
Linting 'AppEventPublisher.swift' (42/282)
Linting 'BackgroundTaskWrapper.swift' (41/282)
Linting 'InferenceEngine.swift' (43/282)
Linting 'ViewfinderIntelligence.swift' (44/282)
Linting 'InferenceEdgeDTOs.swift' (45/282)
Linting 'InferenceProcessingActor.swift' (46/282)
Linting 'CircuitBreakerManager.swift' (47/282)
Linting 'RevenueCatManager.swift' (48/282)
Linting 'InferenceEngine+Audio.swift' (49/282)
Linting 'MerianAppIntents.swift' (50/282)
Linting 'BackgroundDatabaseActor.swift' (51/282)
Linting 'LocalImageLoader.swift' (52/282)
Linting 'PhotoLibraryManager.swift' (53/282)
Linting 'ImageCache.swift' (54/282)
Linting 'FileIOActor.swift' (55/282)
Linting 'ScanRepository.swift' (56/282)
Linting 'OfflineQueueManager+URLSession.swift' (58/282)
Linting 'ArchiveManager.swift' (57/282)
Linting 'OfflineQueueManager.swift' (59/282)
Linting 'OfflineSyncTypes.swift' (60/282)
Linting 'OfflineQueueManager+Queue.swift' (61/282)
Linting 'OfflineQueueManager+Sync.swift' (62/282)
Linting 'OfflineQueueManager+AudioQueue.swift' (63/282)
Linting 'SyncStateManager.swift' (64/282)
Linting 'UsageManager.swift' (65/282)
Linting 'PostHogManager.swift' (66/282)
Linting 'GamificationManager.swift' (67/282)
Linting 'AppTelemetry.swift' (68/282)
Linting 'MerianApp.swift' (69/282)
Linting 'FlagIdentificationViewModel.swift' (70/282)
Linting 'InsightSheetViewModel.swift' (71/282)
Linting 'FactLibrary.swift' (73/282)
Linting 'InsightMediaExportManager.swift' (74/282)
Linting 'SimilarSpeciesImageFetcher.swift' (75/282)
Linting 'NamePickerSheet.swift' (76/282)
Linting 'KeyValueRow.swift' (77/282)
Linting 'CandidatesCard.swift' (78/282)
Linting 'InsightHeader.swift' (79/282)
Linting 'FlayedCandidateThumbnail.swift' (80/282)
Linting 'CandidateAlternativesView.swift' (81/282)
Linting 'CandidateVerificationView.swift' (82/282)
Linting 'DistinguishingFeatureSheetView.swift' (83/282)
Linting 'SwipeableCandidateCard.swift' (84/282)
Linting 'CandidateSwipeIndicator.swift' (85/282)
Linting 'OriginalCapturePiPView.swift' (86/282)
Linting 'CandidateImageExpandedView.swift' (87/282)
Linting 'ZoomableScrollView.swift' (88/282)
Linting 'CandidateActionBar.swift' (89/282)
Linting 'GridSwipeableCell.swift' (90/282)
Linting 'OriginalCaptureExpandedView.swift' (91/282)
Linting 'CandidateSwipeModal.swift' (92/282)
Linting 'ConfidenceHeader.swift' (93/282)
Linting 'ConfidenceBadge.swift' (94/282)
Linting 'TipRow.swift' (95/282)
Linting 'ModelInfoSection.swift' (96/282)
Linting 'ConfidenceSpectrum.swift' (97/282)
Linting 'ConfidenceExplanationSheet.swift' (98/282)
Linting 'SpectrumNode.swift' (99/282)
Linting 'UnderReviewView.swift' (100/282)
Linting 'ProTips.swift' (101/282)
Linting 'OverriddenView.swift' (102/282)
Linting 'ConfirmedView.swift' (103/282)
Linting 'HabitatAndDistributionCard.swift' (104/282)
Linting 'GBIFHeatmapMapView.swift' (105/282)
Linting 'Card.swift' (106/282)
Linting 'SimilarSpeciesGallery.swift' (107/282)
Linting 'DidYouKnowCard.swift' (108/282)
Linting 'UserTagsCard.swift' (109/282)
Linting 'TaxonomyCard.swift' (110/282)
Linting 'OverviewCard.swift' (111/282)
Linting 'ScanInformationCard.swift' (112/282)
Linting 'NativePageCarousel+Coordinator.swift' (113/282)
Linting 'ImagesCarousel.swift' (114/282)
Linting 'ZoomableHostingController.swift' (115/282)
Linting 'NativePageCarousel.swift' (116/282)
Linting 'AsyncLocalImageView.swift' (117/282)
Linting 'AudioPlaybackCarouselPage.swift' (118/282)
Linting 'AnalyzingVisualEffectsView.swift' (119/282)
Linting 'LiveCapturePageView.swift' (120/282)
Linting 'DescriptionTextCarouselPage.swift' (121/282)
Linting 'ToxicityBanner.swift' (122/282)
Linting 'ToastBanner.swift' (123/282)
Linting 'CelebrationBanner.swift' (124/282)
Linting 'AddCollectionButton.swift' (125/282)
Linting 'InsightBottomToolbar.swift' (126/282)
Linting 'ShareButton.swift' (127/282)
Linting 'ReportInsightViewModel.swift' (72/282)
Linting 'Badge.swift' (128/282)
Linting 'TopToolbar.swift' (129/282)
Linting 'InsightSheetView.swift' (130/282)
Linting 'ModelTierBadge.swift' (131/282)
Linting 'InsightDescriptionSheet.swift' (132/282)
Linting 'FlagIdentificationModal.swift' (133/282)
Linting 'ReportInsightView.swift' (134/282)
Linting 'InsightContentView.swift' (135/282)
Linting 'InsightContentRouterView.swift' (136/282)
Linting 'BiologicalView.swift' (137/282)
Linting 'QueuedContentView.swift' (138/282)
Linting 'NonBiologicalView.swift' (139/282)
Linting 'ScansSheetModifiers.swift' (140/282)
Linting 'AnalyzingContentView.swift' (141/282)
Linting 'ScansManager.swift' (142/282)
Linting 'ScansToolbarModifier.swift' (143/282)
Linting 'ScanDeletionDialogModifier.swift' (144/282)
Linting 'SearchableScan.swift' (145/282)
Linting 'ScansGrid.swift' (146/282)
Linting 'DefaultCollectionLink.swift' (147/282)
Linting 'CollectionCard.swift' (148/282)
Linting 'ScanThumbnail.swift' (149/282)
Linting 'CategoryFilterBar.swift' (150/282)
Linting 'EmptyStateView.swift' (151/282)
Linting 'ScansSheetView.swift' (153/282)
Linting 'SelectMultipleScansView.swift' (154/282)
Linting 'CollectionsView.swift' (152/282)
Linting 'CollectionDetailView.swift' (155/282)
Linting 'GamificationModels.swift' (156/282)
Linting 'ProfileViewModel.swift' (157/282)
Linting 'AchievementsCalculator.swift' (158/282)
Linting 'DangerZone.swift' (159/282)
Linting 'Preferences.swift' (160/282)
Linting 'Terrarium.swift' (161/282)
Linting 'Community.swift' (162/282)
Linting 'ExportScans.swift' (163/282)
/Users/emreerdener/Developer/merian/merian/Features/Profile/Components/Settings/Preferences.swift:92:12: warning: Vertical Whitespace Violation: Limit vertical whitespace to a single empty line; currently 2 (vertical_whitespace)
/Users/emreerdener/Developer/merian/merian/Features/Profile/Components/Settings/Preferences.swift:120:1: warning: Vertical Whitespace Violation: Limit vertical whitespace to a single empty line; currently 3 (vertical_whitespace)
Linting 'StatCard.swift' (164/282)
Linting 'Achievements.swift' (165/282)
Linting 'UserProfile.swift' (166/282)
Linting 'HeatmapCellView.swift' (167/282)
Linting 'UserStats.swift' (168/282)
Linting 'Persona.swift' (169/282)
Linting 'AchievementCard.swift' (170/282)
Linting 'ProfileView.swift' (171/282)
Linting 'PlanCard.swift' (172/282)
Linting 'ScansHeatmap.swift' (173/282)
Linting 'PaywallView.swift' (174/282)
Linting 'ManagePlanView.swift' (175/282)
Linting 'DeleteAccountSheet.swift' (176/282)
Linting 'SettingsTabView.swift' (177/282)
Linting 'NotificationSettingsView.swift' (178/282)
Linting 'Capture.swift' (179/282)
Linting 'ProfileTabView.swift' (180/282)
Linting 'DescribeAnalysis.swift' (181/282)
Linting 'Analysis.swift' (182/282)
Linting 'CaptureWorkspaceViewModel.swift' (183/282)
Linting 'AudioAnalysis.swift' (184/282)
Linting 'CaptureActionCoordinator.swift' (185/282)
Linting 'CameraSheetRouter.swift' (186/282)
Linting 'PhysicalCameraShutterModifier.swift' (187/282)
Linting 'CropSheetModifier.swift' (188/282)
Linting 'ImageFileWrapper.swift' (189/282)
Linting 'LibraryView.swift' (190/282)
Linting 'ObservationContext.swift' (191/282)
Linting 'NonBiologicalScansView.swift' (192/282)
Linting 'StagedCapture.swift' (193/282)
Linting 'CaptureWorkspaceView.swift' (194/282)
Linting 'DescribePromptManager.swift' (196/282)
Linting 'StagedDescriptionSheet.swift' (195/282)
Linting 'SpeechManager.swift' (197/282)
Linting 'SubjectKeywordMatcher.swift' (198/282)
Linting 'DescribeInputView.swift' (199/282)
Linting 'DescribeTagTracker.swift' (200/282)
Linting 'DescribeQuestionsSheet.swift' (201/282)
Linting 'AudioRecordingView.swift' (202/282)
Linting 'SubjectFunnels.swift' (203/282)
Linting 'GuidedQuestion.swift' (204/282)
Linting 'SNRGaugeView.swift' (205/282)
Linting 'SpectrogramView.swift' (206/282)
Linting 'PremiumScanningOverlayModifier.swift' (207/282)
Linting 'FocusTapGestureModifier.swift' (208/282)
Linting 'ZoomSliderView.swift' (209/282)
Linting 'FlashButton.swift' (210/282)
Linting 'PhotoLibraryButton.swift' (211/282)
Linting 'FocusIndicator.swift' (212/282)
Linting 'ImageCropperView.swift' (213/282)
Linting 'ImageCropProcessor.swift' (214/282)
Linting 'MainOverlayView.swift' (215/282)
Linting 'ViewfinderHints.swift' (216/282)
Linting 'PhotoLibraryPermissionSheetView.swift' (217/282)
Linting 'CameraPreviewView.swift' (218/282)
Linting 'ShutterButton.swift' (219/282)
Linting 'VisualCaptureView.swift' (220/282)
Linting 'ThermalWarningView.swift' (221/282)
Linting 'WelcomeStepView.swift' (222/282)
Linting 'OnboardingViewModel.swift' (223/282)
Linting 'LocationPermissionDelegate.swift' (224/282)
Linting 'OnboardingStepWrapper.swift' (225/282)
Linting 'LocationPermissionStepView.swift' (226/282)
Linting 'OnboardingView.swift' (227/282)
Linting 'ReadyStepView.swift' (228/282)
Linting 'SpeciesData.swift' (229/282)
Linting 'OnboardingStep.swift' (230/282)
Linting 'CameraPermissionStepView.swift' (231/282)
Linting 'Aliases.swift' (232/282)
Linting 'UserReviewState.swift' (233/282)
Linting 'SchemaVersions.swift' (234/282)
Linting 'ScanQueueState.swift' (235/282)
Linting 'QueuedScanContext.swift' (236/282)
Linting 'OfflineQueuedScan.swift' (237/282)
Linting 'SerializedMediaItem.swift' (238/282)
Linting 'SchemaV26.swift' (239/282)
Linting 'LocalScanRecord.swift' (240/282)
Linting 'PendingCloudDeletionTask.swift' (241/282)
Linting 'UserSpeciesPreference.swift' (242/282)
Linting 'ScanCollection.swift' (243/282)
Linting 'SchemaV19.swift' (244/282)
Linting 'SchemaV39.swift' (245/282)
Linting 'SchemaV24.swift' (246/282)
Linting 'SchemaV8.swift' (247/282)
Linting 'SchemaV20.swift' (248/282)
Linting 'SchemaV25.swift' (249/282)
Linting 'SchemaV18.swift' (250/282)
Linting 'SchemaV9.swift' (251/282)
Linting 'SchemaV23.swift' (252/282)
Linting 'SchemaV21.swift' (253/282)
Linting 'SchemaV10.swift' (254/282)
Linting 'SchemaV38.swift' (255/282)
Linting 'SchemaV22.swift' (256/282)
Linting 'SchemaV27.swift' (257/282)
Linting 'SchemaV5.swift' (258/282)
Linting 'SchemaV34.swift' (259/282)
Linting 'SchemaV7.swift' (260/282)
Linting 'SchemaV12.swift' (262/282)
Linting 'SchemaV36.swift' (261/282)
Linting 'SchemaV32.swift' (263/282)
Linting 'SchemaV30.swift' (264/282)
Linting 'SchemaV1.swift' (265/282)
Linting 'SchemaV14.swift' (266/282)
Linting 'SchemaV29.swift' (267/282)
Linting 'SchemaV16.swift' (268/282)
Linting 'SchemaV3.swift' (269/282)
Linting 'SchemaV6.swift' (270/282)
Linting 'SchemaV37.swift' (271/282)
Linting 'SchemaV11.swift' (272/282)
Linting 'SchemaV13.swift' (273/282)
Linting 'SchemaV4.swift' (274/282)
Linting 'SchemaV28.swift' (275/282)
Linting 'SchemaV15.swift' (276/282)
Linting 'SchemaV2.swift' (277/282)
Linting 'SchemaV33.swift' (278/282)
Linting 'SchemaV35.swift' (280/282)
Linting 'SchemaV31.swift' (281/282)
Linting 'AllCandidatesReviewedView.swift' (282/282)
Linting 'SchemaV17.swift' (279/282)
Done linting! Found 2 violations, 0 serious in 282 files.

ProcessInfoPlistFile /Users/emreerdener/Library/Developer/Xcode/DerivedData/Merian-bsmebnfnhwnbdncricvwvveooidw/Build/Products/Debug-iphonesimulator/Merian.app/Info.plist /Users/emreerdener/Developer/merian/Merian/Configuration/Info.plist (in target 'Merian' from project 'Merian')
    cd /Users/emreerdener/Developer/merian
    builtin-infoPlistUtility /Users/emreerdener/Developer/merian/Merian/Configuration/Info.plist -producttype com.apple.product-type.application -genpkginfo /Users/emreerdener/Library/Developer/Xcode/DerivedData/Merian-bsmebnfnhwnbdncricvwvveooidw/Build/Products/Debug-iphonesimulator/Merian.app/PkgInfo -expandbuildsettings -format binary -platform iphonesimulator -additionalcontentfile /Users/emreerdener/Library/Developer/Xcode/DerivedData/Merian-bsmebnfnhwnbdncricvwvveooidw/Build/Intermediates.noindex/Merian.build/Debug-iphonesimulator/Merian.build/LaunchScreen-SBPartialInfo.plist -additionalcontentfile /Users/emreerdener/Library/Developer/Xcode/DerivedData/Merian-bsmebnfnhwnbdncricvwvveooidw/Build/Intermediates.noindex/Merian.build/Debug-iphonesimulator/Merian.build/assetcatalog_generated_info.plist -scanforprivacyfile /Users/emreerdener/Library/Developer/Xcode/DerivedData/Merian-bsmebnfnhwnbdncricvwvveooidw/Build/Products/Debug-iphonesimulator/Merian.app/AppAuth_AppAuth.bundle -scanforprivacyfile /Users/emreerdener/Library/Developer/Xcode/DerivedData/Merian-bsmebnfnhwnbdncricvwvveooidw/Build/Products/Debug-iphonesimulator/Merian.app/AppAuth_AppAuthCore.bundle -scanforprivacyfile /Users/emreerdener/Library/Developer/Xcode/DerivedData/Merian-bsmebnfnhwnbdncricvwvveooidw/Build/Products/Debug-iphonesimulator/Merian.app/Frameworks/RiveRuntime.framework -scanforprivacyfile /Users/emreerdener/Library/Developer/Xcode/DerivedData/Merian-bsmebnfnhwnbdncricvwvveooidw/Build/Products/Debug-iphonesimulator/Merian.app/GTMAppAuth_GTMAppAuth.bundle -scanforprivacyfile /Users/emreerdener/Library/Developer/Xcode/DerivedData/Merian-bsmebnfnhwnbdncricvwvveooidw/Build/Products/Debug-iphonesimulator/Merian.app/GTMSessionFetcher_GTMSessionFetcherCore.bundle -scanforprivacyfile /Users/emreerdener/Library/Developer/Xcode/DerivedData/Merian-bsmebnfnhwnbdncricvwvveooidw/Build/Products/Debug-iphonesimulator/Merian.app/GoogleSignIn_GoogleSignIn.bundle -scanforprivacyfile /Users/emreerdener/Library/Developer/Xcode/DerivedData/Merian-bsmebnfnhwnbdncricvwvveooidw/Build/Products/Debug-iphonesimulator/Merian.app/GoogleUtilities_GoogleUtilities-Environment.bundle -scanforprivacyfile /Users/emreerdener/Library/Developer/Xcode/DerivedData/Merian-bsmebnfnhwnbdncricvwvveooidw/Build/Products/Debug-iphonesimulator/Merian.app/GoogleUtilities_GoogleUtilities-Logger.bundle -scanforprivacyfile /Users/emreerdener/Library/Developer/Xcode/DerivedData/Merian-bsmebnfnhwnbdncricvwvveooidw/Build/Products/Debug-iphonesimulator/Merian.app/GoogleUtilities_GoogleUtilities-UserDefaults.bundle -scanforprivacyfile /Users/emreerdener/Library/Developer/Xcode/DerivedData/Merian-bsmebnfnhwnbdncricvwvveooidw/Build/Products/Debug-iphonesimulator/Merian.app/PLCrashReporter_CrashReporter.bundle -scanforprivacyfile /Users/emreerdener/Library/Developer/Xcode/DerivedData/Merian-bsmebnfnhwnbdncricvwvveooidw/Build/Products/Debug-iphonesimulator/Merian.app/PostHog_PostHog.bundle -scanforprivacyfile /Users/emreerdener/Library/Developer/Xcode/DerivedData/Merian-bsmebnfnhwnbdncricvwvveooidw/Build/Products/Debug-iphonesimulator/Merian.app/Promises_FBLPromises.bundle -scanforprivacyfile /Users/emreerdener/Library/Developer/Xcode/DerivedData/Merian-bsmebnfnhwnbdncricvwvveooidw/Build/Products/Debug-iphonesimulator/Merian.app/RevenueCat_RevenueCat.bundle -scanforprivacyfile /Users/emreerdener/Library/Developer/Xcode/DerivedData/Merian-bsmebnfnhwnbdncricvwvveooidw/Build/Products/Debug-iphonesimulator/Merian.app/TelemetryDeck_TelemetryClient.bundle -scanforprivacyfile /Users/emreerdener/Library/Developer/Xcode/DerivedData/Merian-bsmebnfnhwnbdncricvwvveooidw/Build/Products/Debug-iphonesimulator/Merian.app/TelemetryDeck_TelemetryDeck.bundle -scanforprivacyfile /Users/emreerdener/Library/Developer/Xcode/DerivedData/Merian-bsmebnfnhwnbdncricvwvveooidw/Build/Products/Debug-iphonesimulator/Merian.app/Watch/MerianWatch.app -scanforprivacyfile /Users/emreerdener/Library/Developer/Xcode/DerivedData/Merian-bsmebnfnhwnbdncricvwvveooidw/Build/Products/Debug-iphonesimulator/Merian.app/swift-crypto_Crypto.bundle -o /Users/emreerdener/Library/Developer/Xcode/DerivedData/Merian-bsmebnfnhwnbdncricvwvveooidw/Build/Products/Debug-iphonesimulator/Merian.app/Info.plist

CopySwiftLibs /Users/emreerdener/Library/Developer/Xcode/DerivedData/Merian-bsmebnfnhwnbdncricvwvveooidw/Build/Products/Debug-iphonesimulator/Merian.app (in target 'Merian' from project 'Merian')
    cd /Users/emreerdener/Developer/merian
    builtin-swiftStdLibTool --copy --verbose --sign - --scan-executable /Users/emreerdener/Library/Developer/Xcode/DerivedData/Merian-bsmebnfnhwnbdncricvwvveooidw/Build/Products/Debug-iphonesimulator/Merian.app/Merian.debug.dylib --scan-folder /Users/emreerdener/Library/Developer/Xcode/DerivedData/Merian-bsmebnfnhwnbdncricvwvveooidw/Build/Products/Debug-iphonesimulator/Merian.app/Frameworks --scan-folder /Users/emreerdener/Library/Developer/Xcode/DerivedData/Merian-bsmebnfnhwnbdncricvwvveooidw/Build/Products/Debug-iphonesimulator/Merian.app/PlugIns --scan-folder /Users/emreerdener/Library/Developer/Xcode/DerivedData/Merian-bsmebnfnhwnbdncricvwvveooidw/Build/Products/Debug-iphonesimulator/Merian.app/SystemExtensions --scan-folder /Users/emreerdener/Library/Developer/Xcode/DerivedData/Merian-bsmebnfnhwnbdncricvwvveooidw/Build/Products/Debug-iphonesimulator/Merian.app/Extensions --platform iphonesimulator --toolchain /Applications/Xcode.app/Contents/Developer/Toolchains/XcodeDefault.xctoolchain --destination /Users/emreerdener/Library/Developer/Xcode/DerivedData/Merian-bsmebnfnhwnbdncricvwvveooidw/Build/Products/Debug-iphonesimulator/Merian.app/Frameworks --strip-bitcode --strip-bitcode-tool /Applications/Xcode.app/Contents/Developer/Toolchains/XcodeDefault.xctoolchain/usr/bin/bitcode_strip --emit-dependency-info /Users/emreerdener/Library/Developer/Xcode/DerivedData/Merian-bsmebnfnhwnbdncricvwvveooidw/Build/Intermediates.noindex/Merian.build/Debug-iphonesimulator/Merian.build/SwiftStdLibToolInputDependencies.dep --filter-for-swift-os

SwiftDriver merianTests normal arm64 com.apple.xcode.tools.swift.compiler (in target 'merianTests' from project 'Merian')
    cd /Users/emreerdener/Developer/merian
    builtin-SwiftDriver -- /Applications/Xcode.app/Contents/Developer/Toolchains/XcodeDefault.xctoolchain/usr/bin/swiftc -module-name merianTests -Onone -enforce-exclusivity\=checked @/Users/emreerdener/Library/Developer/Xcode/DerivedData/Merian-bsmebnfnhwnbdncricvwvveooidw/Build/Intermediates.noindex/Merian.build/Debug-iphonesimulator/merianTests.build/Objects-normal/arm64/merianTests.SwiftFileList -DDEBUG -Xcc -fmodule-map-file\=/Users/emreerdener/Library/Developer/Xcode/DerivedData/Merian-bsmebnfnhwnbdncricvwvveooidw/Build/Intermediates.noindex/GeneratedModuleMaps-iphonesimulator/CrashReporter.modulemap -Xcc -fmodule-map-file\=/Users/emreerdener/Library/Developer/Xcode/DerivedData/Merian-bsmebnfnhwnbdncricvwvveooidw/Build/Intermediates.noindex/GeneratedModuleMaps-iphonesimulator/phlibwebp.modulemap -Xcc -fmodule-map-file\=/Users/emreerdener/Library/Developer/Xcode/DerivedData/Merian-bsmebnfnhwnbdncricvwvveooidw/Build/Intermediates.noindex/GeneratedModuleMaps-iphonesimulator/AppAuth.modulemap -Xcc -fmodule-map-file\=/Users/emreerdener/Library/Developer/Xcode/DerivedData/Merian-bsmebnfnhwnbdncricvwvveooidw/Build/Intermediates.noindex/GeneratedModuleMaps-iphonesimulator/AppAuthCore.modulemap -Xcc -fmodule-map-file\=/Users/emreerdener/Library/Developer/Xcode/DerivedData/Merian-bsmebnfnhwnbdncricvwvveooidw/Build/Intermediates.noindex/GeneratedModuleMaps-iphonesimulator/GoogleUtilities-Logger.modulemap -Xcc -fmodule-map-file\=/Users/emreerdener/Library/Developer/Xcode/DerivedData/Merian-bsmebnfnhwnbdncricvwvveooidw/Build/Intermediates.noindex/GeneratedModuleMaps-iphonesimulator/GoogleUtilities-Environment.modulemap -Xcc -fmodule-map-file\=/Users/emreerdener/Library/Developer/Xcode/DerivedData/Merian-bsmebnfnhwnbdncricvwvveooidw/Build/Intermediates.noindex/GeneratedModuleMaps-iphonesimulator/third-party-IsAppEncrypted.modulemap -Xcc -fmodule-map-file\=/Users/emreerdener/Library/Developer/Xcode/DerivedData/Merian-bsmebnfnhwnbdncricvwvveooidw/Build/Intermediates.noindex/GeneratedModuleMaps-iphonesimulator/GoogleUtilities-UserDefaults.modulemap -Xcc -fmodule-map-file\=/Users/emreerdener/Library/Developer/Xcode/DerivedData/Merian-bsmebnfnhwnbdncricvwvveooidw/Build/Intermediates.noindex/GeneratedModuleMaps-iphonesimulator/AppCheckCore.modulemap -Xcc -fmodule-map-file\=/Users/emreerdener/Library/Developer/Xcode/DerivedData/Merian-bsmebnfnhwnbdncricvwvveooidw/Build/Intermediates.noindex/GeneratedModuleMaps-iphonesimulator/GTMSessionFetcherCore.modulemap -Xcc -fmodule-map-file\=/Users/emreerdener/Library/Developer/Xcode/DerivedData/Merian-bsmebnfnhwnbdncricvwvveooidw/Build/Intermediates.noindex/GeneratedModuleMaps-iphonesimulator/GoogleSignIn.modulemap -plugin-path /Applications/Xcode.app/Contents/Developer/Toolchains/XcodeDefault.xctoolchain/usr/lib/swift/host/plugins/testing -enable-bare-slash-regex -enable-experimental-feature DebugDescriptionMacro -sdk /Applications/Xcode.app/Contents/Developer/Platforms/iPhoneSimulator.platform/Developer/SDKs/iPhoneSimulator26.2.sdk -target arm64-apple-ios17.2-simulator -g -module-cache-path /Users/emreerdener/Library/Developer/Xcode/DerivedData/ModuleCache.noindex -Xfrontend -serialize-debugging-options -enable-testing -index-store-path /Users/emreerdener/Library/Developer/Xcode/DerivedData/Merian-bsmebnfnhwnbdncricvwvveooidw/Index.noindex/DataStore -Xcc -D_LIBCPP_HARDENING_MODE\=_LIBCPP_HARDENING_MODE_DEBUG -swift-version 5 -I /Users/emreerdener/Library/Developer/Xcode/DerivedData/Merian-bsmebnfnhwnbdncricvwvveooidw/Build/Products/Debug-iphonesimulator -Isystem /Applications/Xcode.app/Contents/Developer/Platforms/iPhoneSimulator.platform/Developer/usr/lib -F /Users/emreerdener/Library/Developer/Xcode/DerivedData/Merian-bsmebnfnhwnbdncricvwvveooidw/Build/Products/Debug-iphonesimulator/PackageFrameworks -F /Users/emreerdener/Library/Developer/Xcode/DerivedData/Merian-bsmebnfnhwnbdncricvwvveooidw/Build/Products/Debug-iphonesimulator/PackageFrameworks -F /Users/emreerdener/Library/Developer/Xcode/DerivedData/Merian-bsmebnfnhwnbdncricvwvveooidw/Build/Products/Debug-iphonesimulator/PackageFrameworks -F /Users/emreerdener/Library/Developer/Xcode/DerivedData/Merian-bsmebnfnhwnbdncricvwvveooidw/Build/Products/Debug-iphonesimulator/PackageFrameworks -F /Users/emreerdener/Library/Developer/Xcode/DerivedData/Merian-bsmebnfnhwnbdncricvwvveooidw/Build/Products/Debug-iphonesimulator/PackageFrameworks -F /Users/emreerdener/Library/Developer/Xcode/DerivedData/Merian-bsmebnfnhwnbdncricvwvveooidw/Build/Products/Debug-iphonesimulator/PackageFrameworks -F /Users/emreerdener/Library/Developer/Xcode/DerivedData/Merian-bsmebnfnhwnbdncricvwvveooidw/Build/Products/Debug-iphonesimulator/PackageFrameworks -F /Users/emreerdener/Library/Developer/Xcode/DerivedData/Merian-bsmebnfnhwnbdncricvwvveooidw/Build/Products/Debug-iphonesimulator/PackageFrameworks -F /Users/emreerdener/Library/Developer/Xcode/DerivedData/Merian-bsmebnfnhwnbdncricvwvveooidw/Build/Products/Debug-iphonesimulator/PackageFrameworks -F /Users/emreerdener/Library/Developer/Xcode/DerivedData/Merian-bsmebnfnhwnbdncricvwvveooidw/Build/Products/Debug-iphonesimulator/PackageFrameworks -F /Users/emreerdener/Library/Developer/Xcode/DerivedData/Merian-bsmebnfnhwnbdncricvwvveooidw/Build/Products/Debug-iphonesimulator/PackageFrameworks -F /Users/emreerdener/Library/Developer/Xcode/DerivedData/Merian-bsmebnfnhwnbdncricvwvveooidw/Build/Products/Debug-iphonesimulator/PackageFrameworks -F /Users/emreerdener/Library/Developer/Xcode/DerivedData/Merian-bsmebnfnhwnbdncricvwvveooidw/Build/Products/Debug-iphonesimulator/PackageFrameworks -F /Users/emreerdener/Library/Developer/Xcode/DerivedData/Merian-bsmebnfnhwnbdncricvwvveooidw/Build/Products/Debug-iphonesimulator/PackageFrameworks -F /Users/emreerdener/Library/Developer/Xcode/DerivedData/Merian-bsmebnfnhwnbdncricvwvveooidw/Build/Products/Debug-iphonesimulator/PackageFrameworks -F /Users/emreerdener/Library/Developer/Xcode/DerivedData/Merian-bsmebnfnhwnbdncricvwvveooidw/Build/Products/Debug-iphonesimulator/PackageFrameworks -F /Users/emreerdener/Library/Developer/Xcode/DerivedData/Merian-bsmebnfnhwnbdncricvwvveooidw/Build/Products/Debug-iphonesimulator/PackageFrameworks -F /Users/emreerdener/Library/Developer/Xcode/DerivedData/Merian-bsmebnfnhwnbdncricvwvveooidw/Build/Products/Debug-iphonesimulator/PackageFrameworks -F /Users/emreerdener/Library/Developer/Xcode/DerivedData/Merian-bsmebnfnhwnbdncricvwvveooidw/Build/Products/Debug-iphonesimulator/PackageFrameworks -F /Users/emreerdener/Library/Developer/Xcode/DerivedData/Merian-bsmebnfnhwnbdncricvwvveooidw/Build/Products/Debug-iphonesimulator/PackageFrameworks -F /Users/emreerdener/Library/Developer/Xcode/DerivedData/Merian-bsmebnfnhwnbdncricvwvveooidw/Build/Products/Debug-iphonesimulator/PackageFrameworks -F /Users/emreerdener/Library/Developer/Xcode/DerivedData/Merian-bsmebnfnhwnbdncricvwvveooidw/Build/Products/Debug-iphonesimulator/PackageFrameworks -F /Users/emreerdener/Library/Developer/Xcode/DerivedData/Merian-bsmebnfnhwnbdncricvwvveooidw/Build/Products/Debug-iphonesimulator/PackageFrameworks -F /Users/emreerdener/Library/Developer/Xcode/DerivedData/Merian-bsmebnfnhwnbdncricvwvveooidw/Build/Products/Debug-iphonesimulator/PackageFrameworks -F /Users/emreerdener/Library/Developer/Xcode/DerivedData/Merian-bsmebnfnhwnbdncricvwvveooidw/Build/Products/Debug-iphonesimulator/PackageFrameworks -F /Users/emreerdener/Library/Developer/Xcode/DerivedData/Merian-bsmebnfnhwnbdncricvwvveooidw/Build/Products/Debug-iphonesimulator/PackageFrameworks -F /Users/emreerdener/Library/Developer/Xcode/DerivedData/Merian-bsmebnfnhwnbdncricvwvveooidw/Build/Products/Debug-iphonesimulator/PackageFrameworks -F /Users/emreerdener/Library/Developer/Xcode/DerivedData/Merian-bsmebnfnhwnbdncricvwvveooidw/Build/Products/Debug-iphonesimulator/PackageFrameworks -F /Users/emreerdener/Library/Developer/Xcode/DerivedData/Merian-bsmebnfnhwnbdncricvwvveooidw/Build/Products/Debug-iphonesimulator/PackageFrameworks -F /Users/emreerdener/Library/Developer/Xcode/DerivedData/Merian-bsmebnfnhwnbdncricvwvveooidw/Build/Products/Debug-iphonesimulator/PackageFrameworks -F /Users/emreerdener/Library/Developer/Xcode/DerivedData/Merian-bsmebnfnhwnbdncricvwvveooidw/Build/Products/Debug-iphonesimulator/PackageFrameworks -F /Users/emreerdener/Library/Developer/Xcode/DerivedData/Merian-bsmebnfnhwnbdncricvwvveooidw/Build/Products/Debug-iphonesimulator -F /Applications/Xcode.app/Contents/Developer/Platforms/iPhoneSimulator.platform/Developer/Library/Frameworks -F /Applications/Xcode.app/Contents/Developer/Platforms/iPhoneSimulator.platform/Developer/SDKs/iPhoneSimulator26.2.sdk/Developer/Library/Frameworks -c -j10 -enable-batch-mode -incremental -Xcc -ivfsstatcache -Xcc /Users/emreerdener/Library/Developer/Xcode/DerivedData/SDKStatCaches.noindex/iphonesimulator26.2-23C57-7d00a8b37fbd7999ea79df8ebc024bf0.sdkstatcache -output-file-map /Users/emreerdener/Library/Developer/Xcode/DerivedData/Merian-bsmebnfnhwnbdncricvwvveooidw/Build/Intermediates.noindex/Merian.build/Debug-iphonesimulator/merianTests.build/Objects-normal/arm64/merianTests-OutputFileMap.json -use-frontend-parseable-output -save-temps -no-color-diagnostics -explicit-module-build -module-cache-path /Users/emreerdener/Library/Developer/Xcode/DerivedData/Merian-bsmebnfnhwnbdncricvwvveooidw/Build/Intermediates.noindex/SwiftExplicitPrecompiledModules -clang-scanner-module-cache-path /Users/emreerdener/Library/Developer/Xcode/DerivedData/ModuleCache.noindex -sdk-module-cache-path /Users/emreerdener/Library/Developer/Xcode/DerivedData/ModuleCache.noindex -serialize-diagnostics -emit-dependencies -emit-module -emit-module-path /Users/emreerdener/Library/Developer/Xcode/DerivedData/Merian-bsmebnfnhwnbdncricvwvveooidw/Build/Intermediates.noindex/Merian.build/Debug-iphonesimulator/merianTests.build/Objects-normal/arm64/merianTests.swiftmodule -validate-clang-modules-once -clang-build-session-file /Users/emreerdener/Library/Developer/Xcode/DerivedData/ModuleCache.noindex/Session.modulevalidation -Xcc -I/Users/emreerdener/Library/Developer/Xcode/DerivedData/Merian-bsmebnfnhwnbdncricvwvveooidw/Build/Intermediates.noindex/Merian.build/Debug-iphonesimulator/merianTests.build/swift-overrides.hmap -emit-const-values -Xfrontend -const-gather-protocols-file -Xfrontend /Users/emreerdener/Library/Developer/Xcode/DerivedData/Merian-bsmebnfnhwnbdncricvwvveooidw/Build/Intermediates.noindex/Merian.build/Debug-iphonesimulator/merianTests.build/Objects-normal/arm64/merianTests_const_extract_protocols.json -Xcc -iquote -Xcc /Users/emreerdener/Library/Developer/Xcode/DerivedData/Merian-bsmebnfnhwnbdncricvwvveooidw/Build/Intermediates.noindex/Merian.build/Debug-iphonesimulator/merianTests.build/merianTests-generated-files.hmap -Xcc -I/Users/emreerdener/Library/Developer/Xcode/DerivedData/Merian-bsmebnfnhwnbdncricvwvveooidw/Build/Intermediates.noindex/Merian.build/Debug-iphonesimulator/merianTests.build/merianTests-own-target-headers.hmap -Xcc -I/Users/emreerdener/Library/Developer/Xcode/DerivedData/Merian-bsmebnfnhwnbdncricvwvveooidw/Build/Intermediates.noindex/Merian.build/Debug-iphonesimulator/merianTests.build/merianTests-all-non-framework-target-headers.hmap -Xcc -ivfsoverlay -Xcc /Users/emreerdener/Library/Developer/Xcode/DerivedData/Merian-bsmebnfnhwnbdncricvwvveooidw/Build/Intermediates.noindex/Merian.build/Debug-iphonesimulator/Merian-dcaa609efe034fc516e3186519f37717-VFS-iphonesimulator/all-product-headers.yaml -Xcc -iquote -Xcc /Users/emreerdener/Library/Developer/Xcode/DerivedData/Merian-bsmebnfnhwnbdncricvwvveooidw/Build/Intermediates.noindex/Merian.build/Debug-iphonesimulator/merianTests.build/merianTests-project-headers.hmap -Xcc -I/Users/emreerdener/Library/Developer/Xcode/DerivedData/Merian-bsmebnfnhwnbdncricvwvveooidw/SourcePackages/checkouts/plcrashreporter/include -Xcc -I/Users/emreerdener/Library/Developer/Xcode/DerivedData/Merian-bsmebnfnhwnbdncricvwvveooidw/SourcePackages/checkouts/posthog-ios/vendor/libwebp -Xcc -I/Users/emreerdener/Library/Developer/Xcode/DerivedData/Merian-bsmebnfnhwnbdncricvwvveooidw/SourcePackages/checkouts/AppAuth-iOS/Sources/AppAuth -Xcc -I/Users/emreerdener/Library/Developer/Xcode/DerivedData/Merian-bsmebnfnhwnbdncricvwvveooidw/SourcePackages/checkouts/AppAuth-iOS/Sources/AppAuthCore -Xcc -I/Users/emreerdener/Library/Developer/Xcode/DerivedData/Merian-bsmebnfnhwnbdncricvwvveooidw/SourcePackages/checkouts/promises/Sources/FBLPromises/include -Xcc -I/Users/emreerdener/Library/Developer/Xcode/DerivedData/Merian-bsmebnfnhwnbdncricvwvveooidw/SourcePackages/checkouts/GoogleUtilities/GoogleUtilities/Logger/Public -Xcc -I/Users/emreerdener/Library/Developer/Xcode/DerivedData/Merian-bsmebnfnhwnbdncricvwvveooidw/SourcePackages/checkouts/GoogleUtilities/GoogleUtilities/Environment/Public -Xcc -I/Users/emreerdener/Library/Developer/Xcode/DerivedData/Merian-bsmebnfnhwnbdncricvwvveooidw/SourcePackages/checkouts/GoogleUtilities/third_party/IsAppEncrypted/Public -Xcc -I/Users/emreerdener/Library/Developer/Xcode/DerivedData/Merian-bsmebnfnhwnbdncricvwvveooidw/SourcePackages/checkouts/GoogleUtilities/GoogleUtilities/UserDefaults/Public -Xcc -I/Users/emreerdener/Library/Developer/Xcode/DerivedData/Merian-bsmebnfnhwnbdncricvwvveooidw/SourcePackages/checkouts/app-check/AppCheckCore/Sources/Public -Xcc -I/Users/emreerdener/Library/Developer/Xcode/DerivedData/Merian-bsmebnfnhwnbdncricvwvveooidw/SourcePackages/checkouts/gtm-session-fetcher/Sources/Core/Public -Xcc -I/Users/emreerdener/Library/Developer/Xcode/DerivedData/Merian-bsmebnfnhwnbdncricvwvveooidw/SourcePackages/checkouts/GoogleSignIn-iOS/GoogleSignIn/Sources/Public -Xcc -I/Users/emreerdener/Library/Developer/Xcode/DerivedData/Merian-bsmebnfnhwnbdncricvwvveooidw/Build/Products/Debug-iphonesimulator/include -Xcc -I/Users/emreerdener/Library/Developer/Xcode/DerivedData/Merian-bsmebnfnhwnbdncricvwvveooidw/Build/Intermediates.noindex/Merian.build/Debug-iphonesimulator/merianTests.build/DerivedSources-normal/arm64 -Xcc -I/Users/emreerdener/Library/Developer/Xcode/DerivedData/Merian-bsmebnfnhwnbdncricvwvveooidw/Build/Intermediates.noindex/Merian.build/Debug-iphonesimulator/merianTests.build/DerivedSources/arm64 -Xcc -I/Users/emreerdener/Library/Developer/Xcode/DerivedData/Merian-bsmebnfnhwnbdncricvwvveooidw/Build/Intermediates.noindex/Merian.build/Debug-iphonesimulator/merianTests.build/DerivedSources -Xcc -DDEBUG\=1 -emit-objc-header -emit-objc-header-path /Users/emreerdener/Library/Developer/Xcode/DerivedData/Merian-bsmebnfnhwnbdncricvwvveooidw/Build/Intermediates.noindex/Merian.build/Debug-iphonesimulator/merianTests.build/Objects-normal/arm64/merianTests-Swift.h -working-directory /Users/emreerdener/Developer/merian -experimental-emit-module-separately -disable-cmo

ProcessProductPackaging "" /Users/emreerdener/Library/Developer/Xcode/DerivedData/Merian-bsmebnfnhwnbdncricvwvveooidw/Build/Intermediates.noindex/Merian.build/Debug-iphonesimulator/merianUITests.build/merianUITests.xctest-Simulated.xcent (in target 'merianUITests' from project 'Merian')
    cd /Users/emreerdener/Developer/merian
    
    Entitlements:
    
    {
    "application-identifier" = "LDL96V2WT5.app.merian.merianUITests.xctrunner";
    "keychain-access-groups" =     (
        "LDL96V2WT5.app.merian.merianUITests.xctrunner"
    );
}
    
    builtin-productPackagingUtility -entitlements -format xml -o /Users/emreerdener/Library/Developer/Xcode/DerivedData/Merian-bsmebnfnhwnbdncricvwvveooidw/Build/Intermediates.noindex/Merian.build/Debug-iphonesimulator/merianUITests.build/merianUITests.xctest-Simulated.xcent

ExtractAppIntentsMetadata (in target 'Merian' from project 'Merian')
    cd /Users/emreerdener/Developer/merian
    /Applications/Xcode.app/Contents/Developer/Toolchains/XcodeDefault.xctoolchain/usr/bin/appintentsmetadataprocessor --toolchain-dir /Applications/Xcode.app/Contents/Developer/Toolchains/XcodeDefault.xctoolchain --module-name Merian --sdk-root /Applications/Xcode.app/Contents/Developer/Platforms/iPhoneSimulator.platform/Developer/SDKs/iPhoneSimulator26.2.sdk --xcode-version 17C529 --platform-family iOS --deployment-target 17.2 --bundle-identifier app.merian.Merian --output /Users/emreerdener/Library/Developer/Xcode/DerivedData/Merian-bsmebnfnhwnbdncricvwvveooidw/Build/Products/Debug-iphonesimulator/Merian.app --target-triple arm64-apple-ios17.2-simulator --binary-file /Users/emreerdener/Library/Developer/Xcode/DerivedData/Merian-bsmebnfnhwnbdncricvwvveooidw/Build/Products/Debug-iphonesimulator/Merian.app/Merian --dependency-file /Users/emreerdener/Library/Developer/Xcode/DerivedData/Merian-bsmebnfnhwnbdncricvwvveooidw/Build/Intermediates.noindex/Merian.build/Debug-iphonesimulator/Merian.build/Objects-normal/arm64/Merian_dependency_info.dat --stringsdata-file /Users/emreerdener/Library/Developer/Xcode/DerivedData/Merian-bsmebnfnhwnbdncricvwvveooidw/Build/Intermediates.noindex/Merian.build/Debug-iphonesimulator/Merian.build/Objects-normal/arm64/ExtractedAppShortcutsMetadata.stringsdata --source-file-list /Users/emreerdener/Library/Developer/Xcode/DerivedData/Merian-bsmebnfnhwnbdncricvwvveooidw/Build/Intermediates.noindex/Merian.build/Debug-iphonesimulator/Merian.build/Objects-normal/arm64/Merian.SwiftFileList --metadata-file-list /Users/emreerdener/Library/Developer/Xcode/DerivedData/Merian-bsmebnfnhwnbdncricvwvveooidw/Build/Intermediates.noindex/Merian.build/Debug-iphonesimulator/Merian.build/Merian.DependencyMetadataFileList --static-metadata-file-list /Users/emreerdener/Library/Developer/Xcode/DerivedData/Merian-bsmebnfnhwnbdncricvwvveooidw/Build/Intermediates.noindex/Merian.build/Debug-iphonesimulator/Merian.build/Merian.DependencyStaticMetadataFileList --swift-const-vals-list /Users/emreerdener/Library/Developer/Xcode/DerivedData/Merian-bsmebnfnhwnbdncricvwvveooidw/Build/Intermediates.noindex/Merian.build/Debug-iphonesimulator/Merian.build/Objects-normal/arm64/Merian.SwiftConstValuesFileList --compile-time-extraction --deployment-aware-processing --validate-assistant-intents --no-app-shortcuts-localization
2026-04-24 00:36:15.601 appintentsmetadataprocessor[57294:70993656] Starting appintentsmetadataprocessor export
2026-04-24 00:36:15.776 appintentsmetadataprocessor[57294:70993656] Writing Metadata.appintents
2026-04-24 00:36:15.776 appintentsmetadataprocessor[57294:70993656] Metadata root: /Users/emreerdener/Library/Developer/Xcode/DerivedData/Merian-bsmebnfnhwnbdncricvwvveooidw/Build/Products/Debug-iphonesimulator/Merian.app/Metadata.appintents

ProcessProductPackagingDER /Users/emreerdener/Library/Developer/Xcode/DerivedData/Merian-bsmebnfnhwnbdncricvwvveooidw/Build/Intermediates.noindex/Merian.build/Debug-iphonesimulator/merianUITests.build/merianUITests.xctest-Simulated.xcent /Users/emreerdener/Library/Developer/Xcode/DerivedData/Merian-bsmebnfnhwnbdncricvwvveooidw/Build/Intermediates.noindex/Merian.build/Debug-iphonesimulator/merianUITests.build/merianUITests.xctest-Simulated.xcent.der (in target 'merianUITests' from project 'Merian')
    cd /Users/emreerdener/Developer/merian
    /usr/bin/derq query -f xml -i /Users/emreerdener/Library/Developer/Xcode/DerivedData/Merian-bsmebnfnhwnbdncricvwvveooidw/Build/Intermediates.noindex/Merian.build/Debug-iphonesimulator/merianUITests.build/merianUITests.xctest-Simulated.xcent -o /Users/emreerdener/Library/Developer/Xcode/DerivedData/Merian-bsmebnfnhwnbdncricvwvveooidw/Build/Intermediates.noindex/Merian.build/Debug-iphonesimulator/merianUITests.build/merianUITests.xctest-Simulated.xcent.der --raw

ProcessInfoPlistFile /Users/emreerdener/Library/Developer/Xcode/DerivedData/Merian-bsmebnfnhwnbdncricvwvveooidw/Build/Products/Debug-iphonesimulator/Merian.app/PlugIns/merianTests.xctest/Info.plist /Users/emreerdener/Library/Developer/Xcode/DerivedData/Merian-bsmebnfnhwnbdncricvwvveooidw/Build/Intermediates.noindex/Merian.build/Debug-iphonesimulator/merianTests.build/empty-merianTests.plist (in target 'merianTests' from project 'Merian')
    cd /Users/emreerdener/Developer/merian
    builtin-infoPlistUtility /Users/emreerdener/Library/Developer/Xcode/DerivedData/Merian-bsmebnfnhwnbdncricvwvveooidw/Build/Intermediates.noindex/Merian.build/Debug-iphonesimulator/merianTests.build/empty-merianTests.plist -producttype com.apple.product-type.bundle.unit-test -expandbuildsettings -format binary -platform iphonesimulator -scanforprivacyfile /Users/emreerdener/Library/Developer/Xcode/DerivedData/Merian-bsmebnfnhwnbdncricvwvveooidw/Build/Products/Debug-iphonesimulator/Merian.app/PlugIns/merianTests.xctest/AppAuth_AppAuth.bundle -scanforprivacyfile /Users/emreerdener/Library/Developer/Xcode/DerivedData/Merian-bsmebnfnhwnbdncricvwvveooidw/Build/Products/Debug-iphonesimulator/Merian.app/PlugIns/merianTests.xctest/AppAuth_AppAuthCore.bundle -scanforprivacyfile /Users/emreerdener/Library/Developer/Xcode/DerivedData/Merian-bsmebnfnhwnbdncricvwvveooidw/Build/Products/Debug-iphonesimulator/Merian.app/PlugIns/merianTests.xctest/GTMAppAuth_GTMAppAuth.bundle -scanforprivacyfile /Users/emreerdener/Library/Developer/Xcode/DerivedData/Merian-bsmebnfnhwnbdncricvwvveooidw/Build/Products/Debug-iphonesimulator/Merian.app/PlugIns/merianTests.xctest/GTMSessionFetcher_GTMSessionFetcherCore.bundle -scanforprivacyfile /Users/emreerdener/Library/Developer/Xcode/DerivedData/Merian-bsmebnfnhwnbdncricvwvveooidw/Build/Products/Debug-iphonesimulator/Merian.app/PlugIns/merianTests.xctest/GoogleSignIn_GoogleSignIn.bundle -scanforprivacyfile /Users/emreerdener/Library/Developer/Xcode/DerivedData/Merian-bsmebnfnhwnbdncricvwvveooidw/Build/Products/Debug-iphonesimulator/Merian.app/PlugIns/merianTests.xctest/GoogleUtilities_GoogleUtilities-Environment.bundle -scanforprivacyfile /Users/emreerdener/Library/Developer/Xcode/DerivedData/Merian-bsmebnfnhwnbdncricvwvveooidw/Build/Products/Debug-iphonesimulator/Merian.app/PlugIns/merianTests.xctest/GoogleUtilities_GoogleUtilities-Logger.bundle -scanforprivacyfile /Users/emreerdener/Library/Developer/Xcode/DerivedData/Merian-bsmebnfnhwnbdncricvwvveooidw/Build/Products/Debug-iphonesimulator/Merian.app/PlugIns/merianTests.xctest/GoogleUtilities_GoogleUtilities-UserDefaults.bundle -scanforprivacyfile /Users/emreerdener/Library/Developer/Xcode/DerivedData/Merian-bsmebnfnhwnbdncricvwvveooidw/Build/Products/Debug-iphonesimulator/Merian.app/PlugIns/merianTests.xctest/PLCrashReporter_CrashReporter.bundle -scanforprivacyfile /Users/emreerdener/Library/Developer/Xcode/DerivedData/Merian-bsmebnfnhwnbdncricvwvveooidw/Build/Products/Debug-iphonesimulator/Merian.app/PlugIns/merianTests.xctest/PostHog_PostHog.bundle -scanforprivacyfile /Users/emreerdener/Library/Developer/Xcode/DerivedData/Merian-bsmebnfnhwnbdncricvwvveooidw/Build/Products/Debug-iphonesimulator/Merian.app/PlugIns/merianTests.xctest/Promises_FBLPromises.bundle -scanforprivacyfile /Users/emreerdener/Library/Developer/Xcode/DerivedData/Merian-bsmebnfnhwnbdncricvwvveooidw/Build/Products/Debug-iphonesimulator/Merian.app/PlugIns/merianTests.xctest/RevenueCat_RevenueCat.bundle -scanforprivacyfile /Users/emreerdener/Library/Developer/Xcode/DerivedData/Merian-bsmebnfnhwnbdncricvwvveooidw/Build/Products/Debug-iphonesimulator/Merian.app/PlugIns/merianTests.xctest/TelemetryDeck_TelemetryClient.bundle -scanforprivacyfile /Users/emreerdener/Library/Developer/Xcode/DerivedData/Merian-bsmebnfnhwnbdncricvwvveooidw/Build/Products/Debug-iphonesimulator/Merian.app/PlugIns/merianTests.xctest/TelemetryDeck_TelemetryDeck.bundle -scanforprivacyfile /Users/emreerdener/Library/Developer/Xcode/DerivedData/Merian-bsmebnfnhwnbdncricvwvveooidw/Build/Products/Debug-iphonesimulator/Merian.app/PlugIns/merianTests.xctest/swift-crypto_Crypto.bundle -o /Users/emreerdener/Library/Developer/Xcode/DerivedData/Merian-bsmebnfnhwnbdncricvwvveooidw/Build/Products/Debug-iphonesimulator/Merian.app/PlugIns/merianTests.xctest/Info.plist

SwiftCompile normal arm64 Compiling\ AppTelemetryTests.swift,\ ArchiveManagerTests.swift,\ BackgroundDatabaseActorTests.swift /Users/emreerdener/Developer/merian/merianTests/Core/Analytics/AppTelemetryTests.swift /Users/emreerdener/Developer/merian/merianTests/Core/Data/ArchiveManagerTests.swift /Users/emreerdener/Developer/merian/merianTests/Core/Data/BackgroundDatabaseActorTests.swift (in target 'merianTests' from project 'Merian')

SwiftCompile normal arm64 /Users/emreerdener/Developer/merian/merianTests/Core/Analytics/AppTelemetryTests.swift (in target 'merianTests' from project 'Merian')
    cd /Users/emreerdener/Developer/merian
    

SwiftCompile normal arm64 /Users/emreerdener/Developer/merian/merianTests/Core/Data/ArchiveManagerTests.swift (in target 'merianTests' from project 'Merian')
    cd /Users/emreerdener/Developer/merian
    

SwiftCompile normal arm64 /Users/emreerdener/Developer/merian/merianTests/Core/Data/BackgroundDatabaseActorTests.swift (in target 'merianTests' from project 'Merian')
    cd /Users/emreerdener/Developer/merian
    

SwiftCompile normal arm64 Compiling\ CompositeLibraryTests.swift,\ DateUtilitiesTests.swift,\ DescribePromptManagerTests.swift /Users/emreerdener/Developer/merian/merianTests/Features/Scans/CompositeLibraryTests.swift /Users/emreerdener/Developer/merian/merianTests/Core/Utilities/DateUtilitiesTests.swift /Users/emreerdener/Developer/merian/merianTests/Features/Describe/DescribePromptManagerTests.swift (in target 'merianTests' from project 'Merian')
SwiftCompile normal arm64 /Users/emreerdener/Developer/merian/merianTests/Features/Scans/CompositeLibraryTests.swift (in target 'merianTests' from project 'Merian')
    cd /Users/emreerdener/Developer/merian
    

SwiftCompile normal arm64 /Users/emreerdener/Developer/merian/merianTests/Core/Utilities/DateUtilitiesTests.swift (in target 'merianTests' from project 'Merian')
    cd /Users/emreerdener/Developer/merian
    

SwiftCompile normal arm64 /Users/emreerdener/Developer/merian/merianTests/Features/Describe/DescribePromptManagerTests.swift (in target 'merianTests' from project 'Merian')
    cd /Users/emreerdener/Developer/merian
    

SwiftCompile normal arm64 Compiling\ AchievementsCalculatorTests.swift,\ AppDIContainerTests.swift,\ AppLifecycleManagerTests.swift /Users/emreerdener/Developer/merian/merianTests/Features/Profile/AchievementsCalculatorTests.swift /Users/emreerdener/Developer/merian/merianTests/Core/AppDIContainerTests.swift /Users/emreerdener/Developer/merian/merianTests/Core/Utilities/AppLifecycleManagerTests.swift (in target 'merianTests' from project 'Merian')

SwiftCompile normal arm64 /Users/emreerdener/Developer/merian/merianTests/Features/Profile/AchievementsCalculatorTests.swift (in target 'merianTests' from project 'Merian')
    cd /Users/emreerdener/Developer/merian
    

SwiftCompile normal arm64 /Users/emreerdener/Developer/merian/merianTests/Core/AppDIContainerTests.swift (in target 'merianTests' from project 'Merian')
    cd /Users/emreerdener/Developer/merian
    

SwiftCompile normal arm64 /Users/emreerdener/Developer/merian/merianTests/Core/Utilities/AppLifecycleManagerTests.swift (in target 'merianTests' from project 'Merian')
    cd /Users/emreerdener/Developer/merian
    

SwiftCompile normal arm64 Compiling\ InferenceEngineTests.swift,\ InsightMediaExportManagerTests.swift,\ InsightSheetViewModelTests.swift /Users/emreerdener/Developer/merian/merianTests/Core/AI/InferenceEngineTests.swift /Users/emreerdener/Developer/merian/merianTests/Features/Insights/InsightMediaExportManagerTests.swift /Users/emreerdener/Developer/merian/merianTests/Features/Insights/InsightSheetViewModelTests.swift (in target 'merianTests' from project 'Merian')

SwiftCompile normal arm64 /Users/emreerdener/Developer/merian/merianTests/Core/AI/InferenceEngineTests.swift (in target 'merianTests' from project 'Merian')
    cd /Users/emreerdener/Developer/merian
    

SwiftCompile normal arm64 /Users/emreerdener/Developer/merian/merianTests/Features/Insights/InsightMediaExportManagerTests.swift (in target 'merianTests' from project 'Merian')
    cd /Users/emreerdener/Developer/merian
    

SwiftCompile normal arm64 /Users/emreerdener/Developer/merian/merianTests/Features/Insights/InsightSheetViewModelTests.swift (in target 'merianTests' from project 'Merian')
    cd /Users/emreerdener/Developer/merian
    

SwiftCompile normal arm64 Compiling\ KeychainManagerTests.swift,\ LocalImageLoaderTests.swift,\ MerianAppIntentsTests.swift /Users/emreerdener/Developer/merian/merianTests/Core/Network/KeychainManagerTests.swift /Users/emreerdener/Developer/merian/merianTests/Core/Data/LocalImageLoaderTests.swift /Users/emreerdener/Developer/merian/merianTests/Core/Intents/MerianAppIntentsTests.swift (in target 'merianTests' from project 'Merian')

SwiftCompile normal arm64 /Users/emreerdener/Developer/merian/merianTests/Core/Network/KeychainManagerTests.swift (in target 'merianTests' from project 'Merian')
    cd /Users/emreerdener/Developer/merian
    

SwiftCompile normal arm64 /Users/emreerdener/Developer/merian/merianTests/Core/Data/LocalImageLoaderTests.swift (in target 'merianTests' from project 'Merian')
    cd /Users/emreerdener/Developer/merian
    

SwiftCompile normal arm64 /Users/emreerdener/Developer/merian/merianTests/Core/Intents/MerianAppIntentsTests.swift (in target 'merianTests' from project 'Merian')
    cd /Users/emreerdener/Developer/merian
    

SwiftCompile normal arm64 Compiling\ ScanRepositoryTests.swift,\ ScansManagerTests.swift,\ SightingAnalysisTests.swift /Users/emreerdener/Developer/merian/merianTests/Core/Data/ScanRepositoryTests.swift /Users/emreerdener/Developer/merian/merianTests/Features/Scans/ScansManagerTests.swift /Users/emreerdener/Developer/merian/merianTests/Features/Camera/SightingAnalysisTests.swift (in target 'merianTests' from project 'Merian')
SwiftCompile normal arm64 /Users/emreerdener/Developer/merian/merianTests/Core/Data/ScanRepositoryTests.swift (in target 'merianTests' from project 'Merian')
    cd /Users/emreerdener/Developer/merian
    

SwiftCompile normal arm64 /Users/emreerdener/Developer/merian/merianTests/Features/Scans/ScansManagerTests.swift (in target 'merianTests' from project 'Merian')
    cd /Users/emreerdener/Developer/merian
    

SwiftCompile normal arm64 /Users/emreerdener/Developer/merian/merianTests/Features/Camera/SightingAnalysisTests.swift (in target 'merianTests' from project 'Merian')
    cd /Users/emreerdener/Developer/merian
    

SwiftCompile normal arm64 Compiling\ ObservationContextTests.swift,\ OfflineQueueManagerAudioTests.swift,\ OfflineQueueManagerTests.swift /Users/emreerdener/Developer/merian/merianTests/Models/ObservationContextTests.swift /Users/emreerdener/Developer/merian/merianTests/Core/Data/OfflineQueueManagerAudioTests.swift /Users/emreerdener/Developer/merian/merianTests/Core/Data/OfflineQueueManagerTests.swift (in target 'merianTests' from project 'Merian')
Failed frontend command:
/Applications/Xcode.app/Contents/Developer/Toolchains/XcodeDefault.xctoolchain/usr/bin/swift-frontend -frontend -c /Users/emreerdener/Developer/merian/merianTests/Features/Profile/AchievementsCalculatorTests.swift /Users/emreerdener/Developer/merian/merianTests/Core/AppDIContainerTests.swift /Users/emreerdener/Developer/merian/merianTests/Core/Utilities/AppLifecycleManagerTests.swift /Users/emreerdener/Developer/merian/merianTests/Core/Analytics/AppTelemetryTests.swift /Users/emreerdener/Developer/merian/merianTests/Core/Data/ArchiveManagerTests.swift /Users/emreerdener/Developer/merian/merianTests/Core/Data/BackgroundDatabaseActorTests.swift /Users/emreerdener/Developer/merian/merianTests/Core/Utilities/BackgroundTaskWrapperTests.swift /Users/emreerdener/Developer/merian/merianTests/Core/Hardware/CameraManagerTests.swift /Users/emreerdener/Developer/merian/merianTests/Features/Camera/CameraViewModelTests.swift /Users/emreerdener/Developer/merian/merianTests/CaptureTelemetryTests.swift /Users/emreerdener/Developer/merian/merianTests/Core/Security/CircuitBreakerManagerTests.swift /Users/emreerdener/Developer/merian/merianTests/CollectionPayloadTests.swift /Users/emreerdener/Developer/merian/merianTests/Features/Scans/CompositeLibraryTests.swift /Users/emreerdener/Developer/merian/merianTests/Core/Utilities/DateUtilitiesTests.swift /Users/emreerdener/Developer/merian/merianTests/Features/Describe/DescribePromptManagerTests.swift /Users/emreerdener/Developer/merian/merianTests/Core/Security/DeviceIdentityManagerTests.swift /Users/emreerdener/Developer/merian/merianTests/Core/Hardware/EnvironmentContextManagerTests.swift /Users/emreerdener/Developer/merian/merianTests/Core/Data/FileIOActorTests.swift /Users/emreerdener/Developer/merian/merianTests/Features/Insights/FlagIdentificationViewModelTests.swift /Users/emreerdener/Developer/merian/merianTests/Core/Analytics/GamificationManagerTests.swift /Users/emreerdener/Developer/merian/merianTests/Core/Hardware/HapticManagerTests.swift /Users/emreerdener/Developer/merian/merianTests/Core/Hardware/HardwareOrchestratorTests.swift /Users/emreerdener/Developer/merian/merianTests/Core/Data/ImageCacheTests.swift /Users/emreerdener/Developer/merian/merianTests/Core/Utilities/ImageDownsamplerTests.swift /Users/emreerdener/Developer/merian/merianTests/Core/AI/InferenceEngineTests.swift /Users/emreerdener/Developer/merian/merianTests/Features/Insights/InsightMediaExportManagerTests.swift /Users/emreerdener/Developer/merian/merianTests/Features/Insights/InsightSheetViewModelTests.swift /Users/emreerdener/Developer/merian/merianTests/Core/Network/KeychainManagerTests.swift /Users/emreerdener/Developer/merian/merianTests/Core/Data/LocalImageLoaderTests.swift /Users/emreerdener/Developer/merian/merianTests/Core/Intents/MerianAppIntentsTests.swift /Users/emreerdener/Developer/merian/merianTests/Core/Utilities/MerianConfigTests.swift /Users/emreerdener/Developer/merian/merianTests/Core/Network/MerianNetworkClientTests.swift /Users/emreerdener/Developer/merian/merianTests/Models/MigrationPlanTests.swift -primary-file /Users/emreerdener/Developer/merian/merianTests/Models/ObservationContextTests.swift -primary-file /Users/emreerdener/Developer/merian/merianTests/Core/Data/OfflineQueueManagerAudioTests.swift -primary-file /Users/emreerdener/Developer/merian/merianTests/Core/Data/OfflineQueueManagerTests.swift /Users/emreerdener/Developer/merian/merianTests/Features/OfflineScans/OfflineQueuedScanDeletionTests.swift /Users/emreerdener/Developer/merian/merianTests/Core/Data/OfflineSync/OfflineSyncTests.swift /Users/emreerdener/Developer/merian/merianTests/Features/Onboarding/OnboardingViewModelTests.swift /Users/emreerdener/Developer/merian/merianTests/Core/Data/PhotoLibraryManagerTests.swift /Users/emreerdener/Developer/merian/merianTests/Core/Analytics/PostHogManagerTests.swift /Users/emreerdener/Developer/merian/merianTests/Features/Profile/ProfileDatabaseActorTests.swift /Users/emreerdener/Developer/merian/merianTests/Features/Profile/ProfileViewModelTests.swift /Users/emreerdener/Developer/merian/merianTests/Core/Hardware/PushNotificationManagerTests.swift /Users/emreerdener/Developer/merian/merianTests/Core/Utilities/PushNotificationRoutingTests.swift /Users/emreerdener/Developer/merian/merianTests/Features/Insights/ReportInsightViewModelTests.swift /Users/emreerdener/Developer/merian/merianTests/Core/Security/RevenueCatManagerTests.swift /Users/emreerdener/Developer/merian/merianTests/Models/ScanCollectionTests.swift /Users/emreerdener/Developer/merian/merianTests/Core/Data/ScanRepositoryTests.swift /Users/emreerdener/Developer/merian/merianTests/Features/Scans/ScansManagerTests.swift /Users/emreerdener/Developer/merian/merianTests/Features/Camera/SightingAnalysisTests.swift /Users/emreerdener/Developer/merian/merianTests/Core/Utilities/SizeEstimatorTests.swift /Users/emreerdener/Developer/merian/merianTests/Core/Security/SocialGuardManagerTests.swift /Users/emreerdener/Developer/merian/merianTests/Models/SpeciesDataTests.swift /Users/emreerdener/Developer/merian/merianTests/Features/CaptureWorkspace/StagedCaptureTests.swift /Users/emreerdener/Developer/merian/merianTests/Core/Network/SupabaseManagerTests.swift /Users/emreerdener/Developer/merian/merianTests/Core/Data/SyncStateManagerTests.swift /Users/emreerdener/Developer/merian/merianTests/Core/Analytics/UsageManagerTests.swift /Users/emreerdener/Developer/merian/merianTests/Core/AI/ViewfinderIntelligenceTests.swift /Users/emreerdener/Developer/merian/merianTests/merianTests.swift -supplementary-output-file-map /Users/emreerdener/Library/Developer/Xcode/DerivedData/Merian-bsmebnfnhwnbdncricvwvveooidw/Build/Intermediates.noindex/Merian.build/Debug-iphonesimulator/merianTests.build/Objects-normal/arm64/supplementaryOutputs-8 -target arm64-apple-ios17.2-simulator -module-can-import-version UIKit 9126.2.4.1 9126.2.4 -disable-cross-import-overlay-search -swift-module-cross-import SwiftData /Applications/Xcode.app/Contents/Developer/Platforms/iPhoneSimulator.platform/Developer/SDKs/iPhoneSimulator26.2.sdk/System/Library/Frameworks/SwiftData.framework/Modules/SwiftData.swiftcrossimport/CoreData.swiftoverlay -swift-module-cross-import SwiftData /Applications/Xcode.app/Contents/Developer/Platforms/iPhoneSimulator.platform/Developer/SDKs/iPhoneSimulator26.2.sdk/System/Library/Frameworks/SwiftData.framework/Modules/SwiftData.swiftcrossimport/SwiftUI.swiftoverlay -swift-module-cross-import Testing /Applications/Xcode.app/Contents/Developer/Platforms/iPhoneSimulator.platform/Developer/Library/Frameworks/Testing.framework/Modules/Testing.swiftcrossimport/Foundation.swiftoverlay -load-resolved-plugin /Applications/Xcode.app/Contents/Developer/Platforms/iPhoneOS.platform/Developer/usr/lib/swift/host/plugins/libAppIntentsMacros.dylib\#/Applications/Xcode.app/Contents/Developer/Platforms/iPhoneOS.platform/Developer/usr/bin/swift-plugin-server\#AppIntentsMacros -load-resolved-plugin /Applications/Xcode.app/Contents/Developer/Platforms/iPhoneOS.platform/Developer/usr/lib/swift/host/plugins/libFoundationMacros.dylib\#/Applications/Xcode.app/Contents/Developer/Platforms/iPhoneOS.platform/Developer/usr/bin/swift-plugin-server\#FoundationMacros -load-resolved-plugin /Applications/Xcode.app/Contents/Developer/Platforms/iPhoneOS.platform/Developer/usr/lib/swift/host/plugins/libObservationMacros.dylib\#/Applications/Xcode.app/Contents/Developer/Platforms/iPhoneOS.platform/Developer/usr/bin/swift-plugin-server\#ObservationMacros -load-resolved-plugin /Applications/Xcode.app/Contents/Developer/Platforms/iPhoneOS.platform/Developer/usr/lib/swift/host/plugins/libPreviewsMacros.dylib\#/Applications/Xcode.app/Contents/Developer/Platforms/iPhoneOS.platform/Developer/usr/bin/swift-plugin-server\#PreviewsMacros -load-resolved-plugin /Applications/Xcode.app/Contents/Developer/Platforms/iPhoneOS.platform/Developer/usr/lib/swift/host/plugins/libSwiftDataMacros.dylib\#/Applications/Xcode.app/Contents/Developer/Platforms/iPhoneOS.platform/Developer/usr/bin/swift-plugin-server\#SwiftDataMacros -load-resolved-plugin /Applications/Xcode.app/Contents/Developer/Platforms/iPhoneOS.platform/Developer/usr/lib/swift/host/plugins/libSwiftMacros.dylib\#/Applications/Xcode.app/Contents/Developer/Platforms/iPhoneOS.platform/Developer/usr/bin/swift-plugin-server\#SwiftMacros -load-resolved-plugin /Applications/Xcode.app/Contents/Developer/Platforms/iPhoneOS.platform/Developer/usr/lib/swift/host/plugins/libSwiftUIMacros.dylib\#/Applications/Xcode.app/Contents/Developer/Platforms/iPhoneOS.platform/Developer/usr/bin/swift-plugin-server\#SwiftUIMacros -load-resolved-plugin /Applications/Xcode.app/Contents/Developer/Toolchains/XcodeDefault.xctoolchain/usr/lib/swift/host/plugins/testing/libTestingMacros.dylib\#\#TestingMacros -load-resolved-plugin /Applications/Xcode.app/Contents/Developer/Platforms/iPhoneOS.platform/Developer/usr/lib/swift/host/plugins/libTipKitMacros.dylib\#/Applications/Xcode.app/Contents/Developer/Platforms/iPhoneOS.platform/Developer/usr/bin/swift-plugin-server\#TipKitMacros -disable-implicit-swift-modules -Xcc -fno-implicit-modules -Xcc -fno-implicit-module-maps -explicit-swift-module-map-file /Users/emreerdener/Library/Developer/Xcode/DerivedData/Merian-bsmebnfnhwnbdncricvwvveooidw/Build/Intermediates.noindex/Merian.build/Debug-iphonesimulator/merianTests.build/Objects-normal/arm64/merianTests-dependencies-1.json -Xllvm -aarch64-use-tbi -enable-objc-interop -sdk /Applications/Xcode.app/Contents/Developer/Platforms/iPhoneSimulator.platform/Developer/SDKs/iPhoneSimulator26.2.sdk -I /Users/emreerdener/Library/Developer/Xcode/DerivedData/Merian-bsmebnfnhwnbdncricvwvveooidw/Build/Products/Debug-iphonesimulator -Isystem /Applications/Xcode.app/Contents/Developer/Platforms/iPhoneSimulator.platform/Developer/usr/lib -F /Users/emreerdener/Library/Developer/Xcode/DerivedData/Merian-bsmebnfnhwnbdncricvwvveooidw/Build/Products/Debug-iphonesimulator/PackageFrameworks -F /Users/emreerdener/Library/Developer/Xcode/DerivedData/Merian-bsmebnfnhwnbdncricvwvveooidw/Build/Products/Debug-iphonesimulator/PackageFrameworks -F /Users/emreerdener/Library/Developer/Xcode/DerivedData/Merian-bsmebnfnhwnbdncricvwvveooidw/Build/Products/Debug-iphonesimulator/PackageFrameworks -F /Users/emreerdener/Library/Developer/Xcode/DerivedData/Merian-bsmebnfnhwnbdncricvwvveooidw/Build/Products/Debug-iphonesimulator/PackageFrameworks -F /Users/emreerdener/Library/Developer/Xcode/DerivedData/Merian-bsmebnfnhwnbdncricvwvveooidw/Build/Products/Debug-iphonesimulator/PackageFrameworks -F /Users/emreerdener/Library/Developer/Xcode/DerivedData/Merian-bsmebnfnhwnbdncricvwvveooidw/Build/Products/Debug-iphonesimulator/PackageFrameworks -F /Users/emreerdener/Library/Developer/Xcode/DerivedData/Merian-bsmebnfnhwnbdncricvwvveooidw/Build/Products/Debug-iphonesimulator/PackageFrameworks -F /Users/emreerdener/Library/Developer/Xcode/DerivedData/Merian-bsmebnfnhwnbdncricvwvveooidw/Build/Products/Debug-iphonesimulator/PackageFrameworks -F /Users/emreerdener/Library/Developer/Xcode/DerivedData/Merian-bsmebnfnhwnbdncricvwvveooidw/Build/Products/Debug-iphonesimulator/PackageFrameworks -F /Users/emreerdener/Library/Developer/Xcode/DerivedData/Merian-bsmebnfnhwnbdncricvwvveooidw/Build/Products/Debug-iphonesimulator/PackageFrameworks -F /Users/emreerdener/Library/Developer/Xcode/DerivedData/Merian-bsmebnfnhwnbdncricvwvveooidw/Build/Products/Debug-iphonesimulator/PackageFrameworks -F /Users/emreerdener/Library/Developer/Xcode/DerivedData/Merian-bsmebnfnhwnbdncricvwvveooidw/Build/Products/Debug-iphonesimulator/PackageFrameworks -F /Users/emreerdener/Library/Developer/Xcode/DerivedData/Merian-bsmebnfnhwnbdncricvwvveooidw/Build/Products/Debug-iphonesimulator/PackageFrameworks -F /Users/emreerdener/Library/Developer/Xcode/DerivedData/Merian-bsmebnfnhwnbdncricvwvveooidw/Build/Products/Debug-iphonesimulator/PackageFrameworks -F /Users/emreerdener/Library/Developer/Xcode/DerivedData/Merian-bsmebnfnhwnbdncricvwvveooidw/Build/Products/Debug-iphonesimulator/PackageFrameworks -F /Users/emreerdener/Library/Developer/Xcode/DerivedData/Merian-bsmebnfnhwnbdncricvwvveooidw/Build/Products/Debug-iphonesimulator/PackageFrameworks -F /Users/emreerdener/Library/Developer/Xcode/DerivedData/Merian-bsmebnfnhwnbdncricvwvveooidw/Build/Products/Debug-iphonesimulator/PackageFrameworks -F /Users/emreerdener/Library/Developer/Xcode/DerivedData/Merian-bsmebnfnhwnbdncricvwvveooidw/Build/Products/Debug-iphonesimulator/PackageFrameworks -F /Users/emreerdener/Library/Developer/Xcode/DerivedData/Merian-bsmebnfnhwnbdncricvwvveooidw/Build/Products/Debug-iphonesimulator/PackageFrameworks -F /Users/emreerdener/Library/Developer/Xcode/DerivedData/Merian-bsmebnfnhwnbdncricvwvveooidw/Build/Products/Debug-iphonesimulator/PackageFrameworks -F /Users/emreerdener/Library/Developer/Xcode/DerivedData/Merian-bsmebnfnhwnbdncricvwvveooidw/Build/Products/Debug-iphonesimulator/PackageFrameworks -F /Users/emreerdener/Library/Developer/Xcode/DerivedData/Merian-bsmebnfnhwnbdncricvwvveooidw/Build/Products/Debug-iphonesimulator/PackageFrameworks -F /Users/emreerdener/Library/Developer/Xcode/DerivedData/Merian-bsmebnfnhwnbdncricvwvveooidw/Build/Products/Debug-iphonesimulator/PackageFrameworks -F /Users/emreerdener/Library/Developer/Xcode/DerivedData/Merian-bsmebnfnhwnbdncricvwvveooidw/Build/Products/Debug-iphonesimulator/PackageFrameworks -F /Users/emreerdener/Library/Developer/Xcode/DerivedData/Merian-bsmebnfnhwnbdncricvwvveooidw/Build/Products/Debug-iphonesimulator/PackageFrameworks -F /Users/emreerdener/Library/Developer/Xcode/DerivedData/Merian-bsmebnfnhwnbdncricvwvveooidw/Build/Products/Debug-iphonesimulator/PackageFrameworks -F /Users/emreerdener/Library/Developer/Xcode/DerivedData/Merian-bsmebnfnhwnbdncricvwvveooidw/Build/Products/Debug-iphonesimulator/PackageFrameworks -F /Users/emreerdener/Library/Developer/Xcode/DerivedData/Merian-bsmebnfnhwnbdncricvwvveooidw/Build/Products/Debug-iphonesimulator/PackageFrameworks -F /Users/emreerdener/Library/Developer/Xcode/DerivedData/Merian-bsmebnfnhwnbdncricvwvveooidw/Build/Products/Debug-iphonesimulator/PackageFrameworks -F /Users/emreerdener/Library/Developer/Xcode/DerivedData/Merian-bsmebnfnhwnbdncricvwvveooidw/Build/Products/Debug-iphonesimulator/PackageFrameworks -F /Users/emreerdener/Library/Developer/Xcode/DerivedData/Merian-bsmebnfnhwnbdncricvwvveooidw/Build/Products/Debug-iphonesimulator/PackageFrameworks -F /Users/emreerdener/Library/Developer/Xcode/DerivedData/Merian-bsmebnfnhwnbdncricvwvveooidw/Build/Products/Debug-iphonesimulator -F /Applications/Xcode.app/Contents/Developer/Platforms/iPhoneSimulator.platform/Developer/Library/Frameworks -F /Applications/Xcode.app/Contents/Developer/Platforms/iPhoneSimulator.platform/Developer/SDKs/iPhoneSimulator26.2.sdk/Developer/Library/Frameworks -no-color-diagnostics -Xcc -fno-color-diagnostics -enable-testing -g -debug-info-format\=dwarf -dwarf-version\=4 -module-cache-path /Users/emreerdener/Library/Developer/Xcode/DerivedData/Merian-bsmebnfnhwnbdncricvwvveooidw/Build/Intermediates.noindex/SwiftExplicitPrecompiledModules -swift-version 5 -enforce-exclusivity\=checked -Onone -D DEBUG -serialize-debugging-options -const-gather-protocols-file /Users/emreerdener/Library/Developer/Xcode/DerivedData/Merian-bsmebnfnhwnbdncricvwvveooidw/Build/Intermediates.noindex/Merian.build/Debug-iphonesimulator/merianTests.build/Objects-normal/arm64/merianTests_const_extract_protocols.json -enable-experimental-feature DebugDescriptionMacro -enable-bare-slash-regex -empty-abi-descriptor -validate-clang-modules-once -clang-build-session-file /Users/emreerdener/Library/Developer/Xcode/DerivedData/ModuleCache.noindex/Session.modulevalidation -Xcc -working-directory -Xcc /Users/emreerdener/Developer/merian -enable-anonymous-context-mangled-names -file-compilation-dir /Users/emreerdener/Developer/merian -Xcc -fmodule-map-file\=/Users/emreerdener/Library/Developer/Xcode/DerivedData/Merian-bsmebnfnhwnbdncricvwvveooidw/Build/Intermediates.noindex/GeneratedModuleMaps-iphonesimulator/CrashReporter.modulemap -Xcc -fmodule-map-file\=/Users/emreerdener/Library/Developer/Xcode/DerivedData/Merian-bsmebnfnhwnbdncricvwvveooidw/Build/Intermediates.noindex/GeneratedModuleMaps-iphonesimulator/phlibwebp.modulemap -Xcc -fmodule-map-file\=/Users/emreerdener/Library/Developer/Xcode/DerivedData/Merian-bsmebnfnhwnbdncricvwvveooidw/Build/Intermediates.noindex/GeneratedModuleMaps-iphonesimulator/AppAuth.modulemap -Xcc -fmodule-map-file\=/Users/emreerdener/Library/Developer/Xcode/DerivedData/Merian-bsmebnfnhwnbdncricvwvveooidw/Build/Intermediates.noindex/GeneratedModuleMaps-iphonesimulator/AppAuthCore.modulemap -Xcc -fmodule-map-file\=/Users/emreerdener/Library/Developer/Xcode/DerivedData/Merian-bsmebnfnhwnbdncricvwvveooidw/Build/Intermediates.noindex/GeneratedModuleMaps-iphonesimulator/GoogleUtilities-Logger.modulemap -Xcc -fmodule-map-file\=/Users/emreerdener/Library/Developer/Xcode/DerivedData/Merian-bsmebnfnhwnbdncricvwvveooidw/Build/Intermediates.noindex/GeneratedModuleMaps-iphonesimulator/GoogleUtilities-Environment.modulemap -Xcc -fmodule-map-file\=/Users/emreerdener/Library/Developer/Xcode/DerivedData/Merian-bsmebnfnhwnbdncricvwvveooidw/Build/Intermediates.noindex/GeneratedModuleMaps-iphonesimulator/third-party-IsAppEncrypted.modulemap -Xcc -fmodule-map-file\=/Users/emreerdener/Library/Developer/Xcode/DerivedData/Merian-bsmebnfnhwnbdncricvwvveooidw/Build/Intermediates.noindex/GeneratedModuleMaps-iphonesimulator/GoogleUtilities-UserDefaults.modulemap -Xcc -fmodule-map-file\=/Users/emreerdener/Library/Developer/Xcode/DerivedData/Merian-bsmebnfnhwnbdncricvwvveooidw/Build/Intermediates.noindex/GeneratedModuleMaps-iphonesimulator/AppCheckCore.modulemap -Xcc -fmodule-map-file\=/Users/emreerdener/Library/Developer/Xcode/DerivedData/Merian-bsmebnfnhwnbdncricvwvveooidw/Build/Intermediates.noindex/GeneratedModuleMaps-iphonesimulator/GTMSessionFetcherCore.modulemap -Xcc -fmodule-map-file\=/Users/emreerdener/Library/Developer/Xcode/DerivedData/Merian-bsmebnfnhwnbdncricvwvveooidw/Build/Intermediates.noindex/GeneratedModuleMaps-iphonesimulator/GoogleSignIn.modulemap -Xcc -D_LIBCPP_HARDENING_MODE\=_LIBCPP_HARDENING_MODE_DEBUG -Xcc -ivfsstatcache -Xcc /Users/emreerdener/Library/Developer/Xcode/DerivedData/SDKStatCaches.noindex/iphonesimulator26.2-23C57-7d00a8b37fbd7999ea79df8ebc024bf0.sdkstatcache -Xcc -I/Users/emreerdener/Library/Developer/Xcode/DerivedData/Merian-bsmebnfnhwnbdncricvwvveooidw/Build/Intermediates.noindex/Merian.build/Debug-iphonesimulator/merianTests.build/swift-overrides.hmap -Xcc -iquote -Xcc /Users/emreerdener/Library/Developer/Xcode/DerivedData/Merian-bsmebnfnhwnbdncricvwvveooidw/Build/Intermediates.noindex/Merian.build/Debug-iphonesimulator/merianTests.build/merianTests-generated-files.hmap -Xcc -I/Users/emreerdener/Library/Developer/Xcode/DerivedData/Merian-bsmebnfnhwnbdncricvwvveooidw/Build/Intermediates.noindex/Merian.build/Debug-iphonesimulator/merianTests.build/merianTests-own-target-headers.hmap -Xcc -I/Users/emreerdener/Library/Developer/Xcode/DerivedData/Merian-bsmebnfnhwnbdncricvwvveooidw/Build/Intermediates.noindex/Merian.build/Debug-iphonesimulator/merianTests.build/merianTests-all-non-framework-target-headers.hmap -Xcc -ivfsoverlay -Xcc /Users/emreerdener/Library/Developer/Xcode/DerivedData/Merian-bsmebnfnhwnbdncricvwvveooidw/Build/Intermediates.noindex/Merian.build/Debug-iphonesimulator/Merian-dcaa609efe034fc516e3186519f37717-VFS-iphonesimulator/all-product-headers.yaml -Xcc -iquote -Xcc /Users/emreerdener/Library/Developer/Xcode/DerivedData/Merian-bsmebnfnhwnbdncricvwvveooidw/Build/Intermediates.noindex/Merian.build/Debug-iphonesimulator/merianTests.build/merianTests-project-headers.hmap -Xcc -I/Users/emreerdener/Library/Developer/Xcode/DerivedData/Merian-bsmebnfnhwnbdncricvwvveooidw/SourcePackages/checkouts/plcrashreporter/include -Xcc -I/Users/emreerdener/Library/Developer/Xcode/DerivedData/Merian-bsmebnfnhwnbdncricvwvveooidw/SourcePackages/checkouts/posthog-ios/vendor/libwebp -Xcc -I/Users/emreerdener/Library/Developer/Xcode/DerivedData/Merian-bsmebnfnhwnbdncricvwvveooidw/SourcePackages/checkouts/AppAuth-iOS/Sources/AppAuth -Xcc -I/Users/emreerdener/Library/Developer/Xcode/DerivedData/Merian-bsmebnfnhwnbdncricvwvveooidw/SourcePackages/checkouts/AppAuth-iOS/Sources/AppAuthCore -Xcc -I/Users/emreerdener/Library/Developer/Xcode/DerivedData/Merian-bsmebnfnhwnbdncricvwvveooidw/SourcePackages/checkouts/promises/Sources/FBLPromises/include -Xcc -I/Users/emreerdener/Library/Developer/Xcode/DerivedData/Merian-bsmebnfnhwnbdncricvwvveooidw/SourcePackages/checkouts/GoogleUtilities/GoogleUtilities/Logger/Public -Xcc -I/Users/emreerdener/Library/Developer/Xcode/DerivedData/Merian-bsmebnfnhwnbdncricvwvveooidw/SourcePackages/checkouts/GoogleUtilities/GoogleUtilities/Environment/Public -Xcc -I/Users/emreerdener/Library/Developer/Xcode/DerivedData/Merian-bsmebnfnhwnbdncricvwvveooidw/SourcePackages/checkouts/GoogleUtilities/third_party/IsAppEncrypted/Public -Xcc -I/Users/emreerdener/Library/Developer/Xcode/DerivedData/Merian-bsmebnfnhwnbdncricvwvveooidw/SourcePackages/checkouts/GoogleUtilities/GoogleUtilities/UserDefaults/Public -Xcc -I/Users/emreerdener/Library/Developer/Xcode/DerivedData/Merian-bsmebnfnhwnbdncricvwvveooidw/SourcePackages/checkouts/app-check/AppCheckCore/Sources/Public -Xcc -I/Users/emreerdener/Library/Developer/Xcode/DerivedData/Merian-bsmebnfnhwnbdncricvwvveooidw/SourcePackages/checkouts/gtm-session-fetcher/Sources/Core/Public -Xcc -I/Users/emreerdener/Library/Developer/Xcode/DerivedData/Merian-bsmebnfnhwnbdncricvwvveooidw/SourcePackages/checkouts/GoogleSignIn-iOS/GoogleSignIn/Sources/Public -Xcc -I/Users/emreerdener/Library/Developer/Xcode/DerivedData/Merian-bsmebnfnhwnbdncricvwvveooidw/Build/Products/Debug-iphonesimulator/include -Xcc -I/Users/emreerdener/Library/Developer/Xcode/DerivedData/Merian-bsmebnfnhwnbdncricvwvveooidw/Build/Intermediates.noindex/Merian.build/Debug-iphonesimulator/merianTests.build/DerivedSources-normal/arm64 -Xcc -I/Users/emreerdener/Library/Developer/Xcode/DerivedData/Merian-bsmebnfnhwnbdncricvwvveooidw/Build/Intermediates.noindex/Merian.build/Debug-iphonesimulator/merianTests.build/DerivedSources/arm64 -Xcc -I/Users/emreerdener/Library/Developer/Xcode/DerivedData/Merian-bsmebnfnhwnbdncricvwvveooidw/Build/Intermediates.noindex/Merian.build/Debug-iphonesimulator/merianTests.build/DerivedSources -Xcc -DDEBUG\=1 -no-auto-bridging-header-chaining -module-name merianTests -frontend-parseable-output -disable-clang-spi -target-sdk-version 26.2 -target-sdk-name iphonesimulator26.2 -clang-target arm64-apple-ios26.2-simulator -in-process-plugin-server-path /Applications/Xcode.app/Contents/Developer/Toolchains/XcodeDefault.xctoolchain/usr/lib/swift/host/libSwiftInProcPluginServer.dylib -o /Users/emreerdener/Library/Developer/Xcode/DerivedData/Merian-bsmebnfnhwnbdncricvwvveooidw/Build/Intermediates.noindex/Merian.build/Debug-iphonesimulator/merianTests.build/Objects-normal/arm64/ObservationContextTests.o -o /Users/emreerdener/Library/Developer/Xcode/DerivedData/Merian-bsmebnfnhwnbdncricvwvveooidw/Build/Intermediates.noindex/Merian.build/Debug-iphonesimulator/merianTests.build/Objects-normal/arm64/OfflineQueueManagerAudioTests.o -o /Users/emreerdener/Library/Developer/Xcode/DerivedData/Merian-bsmebnfnhwnbdncricvwvveooidw/Build/Intermediates.noindex/Merian.build/Debug-iphonesimulator/merianTests.build/Objects-normal/arm64/OfflineQueueManagerTests.o -index-unit-output-path /Merian.build/Debug-iphonesimulator/merianTests.build/Objects-normal/arm64/ObservationContextTests.o -index-unit-output-path /Merian.build/Debug-iphonesimulator/merianTests.build/Objects-normal/arm64/OfflineQueueManagerAudioTests.o -index-unit-output-path /Merian.build/Debug-iphonesimulator/merianTests.build/Objects-normal/arm64/OfflineQueueManagerTests.o -index-store-path /Users/emreerdener/Library/Developer/Xcode/DerivedData/Merian-bsmebnfnhwnbdncricvwvveooidw/Index.noindex/DataStore -index-system-modules

SwiftCompile normal arm64 /Users/emreerdener/Developer/merian/merianTests/Models/ObservationContextTests.swift (in target 'merianTests' from project 'Merian')
    cd /Users/emreerdener/Developer/merian
    
@__swiftmacro_11merianTests0035OfflineQueueManagerTestsswift_IgGGkfMX141_77_9PredicatefMf_.swift:10:28: error: key path cannot refer to enum case 'failed'
                keyPath: \.failed
                           ^
/Users/emreerdener/Developer/merian/merianTests/Core/Data/OfflineQueueManagerTests.swift:142:78: note: in expansion of macro 'Predicate' here
        let failedDescriptor = FetchDescriptor<OfflineQueuedScan>(predicate: #Predicate { $0.scanStateRaw == ScanQueueState.failed.rawValue })
                                                                             ^~~~~~~~~~~~~~~~~~~~~~~~~~~~~~~~~~~~~~~~~~~~~~~~~~~~~~~~~~~~~~~~
/Users/emreerdener/Developer/merian/merianTests/Core/Data/OfflineQueueManagerTests.swift:142:78: note: in expansion of macro 'Predicate' here
        let failedDescriptor = FetchDescriptor<OfflineQueuedScan>(predicate: #Predicate { $0.scanStateRaw == ScanQueueState.failed.rawValue })
                                                                             ^~~~~~~~~~~~~~~~~~~~~~~~~~~~~~~~~~~~~~~~~~~~~~~~~~~~~~~~~~~~~~~~
@__swiftmacro_11merianTests0035OfflineQueueManagerTestsswift_IgGGkfMX145_78_9PredicatefMf0_.swift:10:28: error: key path cannot refer to enum case 'pending'
                keyPath: \.pending
                           ^
/Users/emreerdener/Developer/merian/merianTests/Core/Data/OfflineQueueManagerTests.swift:146:79: note: in expansion of macro 'Predicate' here
        let pendingDescriptor = FetchDescriptor<OfflineQueuedScan>(predicate: #Predicate { $0.scanStateRaw == ScanQueueState.pending.rawValue })
                                                                              ^~~~~~~~~~~~~~~~~~~~~~~~~~~~~~~~~~~~~~~~~~~~~~~~~~~~~~~~~~~~~~~~~
/Users/emreerdener/Developer/merian/merianTests/Core/Data/OfflineQueueManagerTests.swift:146:79: note: in expansion of macro 'Predicate' here
        let pendingDescriptor = FetchDescriptor<OfflineQueuedScan>(predicate: #Predicate { $0.scanStateRaw == ScanQueueState.pending.rawValue })
                                                                              ^~~~~~~~~~~~~~~~~~~~~~~~~~~~~~~~~~~~~~~~~~~~~~~~~~~~~~~~~~~~~~~~~

SwiftCompile normal arm64 /Users/emreerdener/Developer/merian/merianTests/Core/Data/OfflineQueueManagerAudioTests.swift (in target 'merianTests' from project 'Merian')
    cd /Users/emreerdener/Developer/merian
    
@__swiftmacro_11merianTests0035OfflineQueueManagerTestsswift_IgGGkfMX141_77_9PredicatefMf_.swift:10:28: error: key path cannot refer to enum case 'failed'
                keyPath: \.failed
                           ^
/Users/emreerdener/Developer/merian/merianTests/Core/Data/OfflineQueueManagerTests.swift:142:78: note: in expansion of macro 'Predicate' here
        let failedDescriptor = FetchDescriptor<OfflineQueuedScan>(predicate: #Predicate { $0.scanStateRaw == ScanQueueState.failed.rawValue })
                                                                             ^~~~~~~~~~~~~~~~~~~~~~~~~~~~~~~~~~~~~~~~~~~~~~~~~~~~~~~~~~~~~~~~
/Users/emreerdener/Developer/merian/merianTests/Core/Data/OfflineQueueManagerTests.swift:142:78: note: in expansion of macro 'Predicate' here
        let failedDescriptor = FetchDescriptor<OfflineQueuedScan>(predicate: #Predicate { $0.scanStateRaw == ScanQueueState.failed.rawValue })
                                                                             ^~~~~~~~~~~~~~~~~~~~~~~~~~~~~~~~~~~~~~~~~~~~~~~~~~~~~~~~~~~~~~~~
@__swiftmacro_11merianTests0035OfflineQueueManagerTestsswift_IgGGkfMX145_78_9PredicatefMf0_.swift:10:28: error: key path cannot refer to enum case 'pending'
                keyPath: \.pending
                           ^
/Users/emreerdener/Developer/merian/merianTests/Core/Data/OfflineQueueManagerTests.swift:146:79: note: in expansion of macro 'Predicate' here
        let pendingDescriptor = FetchDescriptor<OfflineQueuedScan>(predicate: #Predicate { $0.scanStateRaw == ScanQueueState.pending.rawValue })
                                                                              ^~~~~~~~~~~~~~~~~~~~~~~~~~~~~~~~~~~~~~~~~~~~~~~~~~~~~~~~~~~~~~~~~
/Users/emreerdener/Developer/merian/merianTests/Core/Data/OfflineQueueManagerTests.swift:146:79: note: in expansion of macro 'Predicate' here
        let pendingDescriptor = FetchDescriptor<OfflineQueuedScan>(predicate: #Predicate { $0.scanStateRaw == ScanQueueState.pending.rawValue })
                                                                              ^~~~~~~~~~~~~~~~~~~~~~~~~~~~~~~~~~~~~~~~~~~~~~~~~~~~~~~~~~~~~~~~~

SwiftCompile normal arm64 /Users/emreerdener/Developer/merian/merianTests/Core/Data/OfflineQueueManagerTests.swift (in target 'merianTests' from project 'Merian')
    cd /Users/emreerdener/Developer/merian
    
/Users/emreerdener/Developer/merian/merianTests/Core/Data/OfflineQueueManagerTests.swift:21:25: error: extra arguments at positions #9, #10, #11, #12, #13 in call
        CaptureTelemetry(
                        ^
Merian.CaptureTelemetry.init:2:10: note: 'init(subjectDistanceInMeters:gpsLatitude:gpsLongitude:gpsElevation:locationName:weatherCondition:weatherTemperatureF:timeOfDay:timestamp:zoomFactor:estimatedSizeCm:)' declared here
internal init(subjectDistanceInMeters: Float?, gpsLatitude: Double?, gpsLongitude: Double?, gpsElevation: Double?, locationName: String?, weatherCondition: String?, weatherTemperatureF: Double?, timeOfDay: String?, timestamp: String?, zoomFactor: CGFloat? = nil, estimatedSizeCm: Double? = nil)}
         ^
/Users/emreerdener/Developer/merian/merianTests/Core/Data/OfflineQueueManagerTests.swift:21:25: error: missing arguments for parameters 'timeOfDay', 'timestamp' in call
        CaptureTelemetry(
                        ^
Merian.CaptureTelemetry.init:2:10: note: 'init(subjectDistanceInMeters:gpsLatitude:gpsLongitude:gpsElevation:locationName:weatherCondition:weatherTemperatureF:timeOfDay:timestamp:zoomFactor:estimatedSizeCm:)' declared here
internal init(subjectDistanceInMeters: Float?, gpsLatitude: Double?, gpsLongitude: Double?, gpsElevation: Double?, locationName: String?, weatherCondition: String?, weatherTemperatureF: Double?, timeOfDay: String?, timestamp: String?, zoomFactor: CGFloat? = nil, estimatedSizeCm: Double? = nil)}
         ^
/Users/emreerdener/Developer/merian/merianTests/Core/Data/OfflineQueueManagerTests.swift:57:26: error: value of type 'OfflineQueuedScan' has no member 'scanState'
        #expect(fetched?.scanState == .pending, "New capture scans must start in .pending state")
                ~~~~~~~~ ^~~~~~~~~
/Users/emreerdener/Developer/merian/merianTests/Core/Data/OfflineQueueManagerTests.swift:75:41: error: argument passed to call that takes no arguments
        let context = ObservationContext(color: "Red", size: "Small", tags: [], environment: "Forest")
                                        ^~~~~~~~~~~~~~~~~~~~~~~~~~~~~~~~~~~~~~~~~~~~~~~~~~~~~~~~~~~~~~
                                        
/Users/emreerdener/Developer/merian/merianTests/Core/Data/OfflineQueueManagerTests.swift:87:26: error: value of type 'OfflineQueuedScan' has no member 'scanState'
        #expect(fetched?.scanState == .staged, "Describe scans must start in .staged state because they bypass R2 uploads")
                ~~~~~~~~ ^~~~~~~~~
/Users/emreerdener/Developer/merian/merianTests/Core/Data/OfflineQueueManagerTests.swift:107:26: error: value of type 'OfflineQueuedScan' has no member 'scanState'
        #expect(fetched?.scanState == .failed, "Scan must transition to failed state")
                ~~~~~~~~ ^~~~~~~~~
@__swiftmacro_11merianTests0035OfflineQueueManagerTestsswift_IgGGkfMX141_77_9PredicatefMf_.swift:10:28: error: key path cannot refer to enum case 'failed'
                keyPath: \.failed
                           ^
/Users/emreerdener/Developer/merian/merianTests/Core/Data/OfflineQueueManagerTests.swift:142:78: note: in expansion of macro 'Predicate' here
        let failedDescriptor = FetchDescriptor<OfflineQueuedScan>(predicate: #Predicate { $0.scanStateRaw == ScanQueueState.failed.rawValue })
                                                                             ^~~~~~~~~~~~~~~~~~~~~~~~~~~~~~~~~~~~~~~~~~~~~~~~~~~~~~~~~~~~~~~~
/Users/emreerdener/Developer/merian/merianTests/Core/Data/OfflineQueueManagerTests.swift:142:78: note: in expansion of macro 'Predicate' here
        let failedDescriptor = FetchDescriptor<OfflineQueuedScan>(predicate: #Predicate { $0.scanStateRaw == ScanQueueState.failed.rawValue })
                                                                             ^~~~~~~~~~~~~~~~~~~~~~~~~~~~~~~~~~~~~~~~~~~~~~~~~~~~~~~~~~~~~~~~
@__swiftmacro_11merianTests0035OfflineQueueManagerTestsswift_IgGGkfMX145_78_9PredicatefMf0_.swift:10:28: error: key path cannot refer to enum case 'pending'
                keyPath: \.pending
                           ^
/Users/emreerdener/Developer/merian/merianTests/Core/Data/OfflineQueueManagerTests.swift:146:79: note: in expansion of macro 'Predicate' here
        let pendingDescriptor = FetchDescriptor<OfflineQueuedScan>(predicate: #Predicate { $0.scanStateRaw == ScanQueueState.pending.rawValue })
                                                                              ^~~~~~~~~~~~~~~~~~~~~~~~~~~~~~~~~~~~~~~~~~~~~~~~~~~~~~~~~~~~~~~~~
/Users/emreerdener/Developer/merian/merianTests/Core/Data/OfflineQueueManagerTests.swift:146:79: note: in expansion of macro 'Predicate' here
        let pendingDescriptor = FetchDescriptor<OfflineQueuedScan>(predicate: #Predicate { $0.scanStateRaw == ScanQueueState.pending.rawValue })
                                                                              ^~~~~~~~~~~~~~~~~~~~~~~~~~~~~~~~~~~~~~~~~~~~~~~~~~~~~~~~~~~~~~~~~

SwiftCompile normal arm64 Compiling\ MerianConfigTests.swift,\ MerianNetworkClientTests.swift,\ MigrationPlanTests.swift /Users/emreerdener/Developer/merian/merianTests/Core/Utilities/MerianConfigTests.swift /Users/emreerdener/Developer/merian/merianTests/Core/Network/MerianNetworkClientTests.swift /Users/emreerdener/Developer/merian/merianTests/Models/MigrationPlanTests.swift (in target 'merianTests' from project 'Merian')

SwiftCompile normal arm64 /Users/emreerdener/Developer/merian/merianTests/Core/Utilities/MerianConfigTests.swift (in target 'merianTests' from project 'Merian')
    cd /Users/emreerdener/Developer/merian
    

SwiftCompile normal arm64 /Users/emreerdener/Developer/merian/merianTests/Core/Network/MerianNetworkClientTests.swift (in target 'merianTests' from project 'Merian')
    cd /Users/emreerdener/Developer/merian
    

SwiftCompile normal arm64 /Users/emreerdener/Developer/merian/merianTests/Models/MigrationPlanTests.swift (in target 'merianTests' from project 'Merian')
    cd /Users/emreerdener/Developer/merian
    

SwiftEmitModule normal arm64 Emitting\ module\ for\ merianTests (in target 'merianTests' from project 'Merian')

EmitSwiftModule normal arm64 (in target 'merianTests' from project 'Merian')
    cd /Users/emreerdener/Developer/merian
    

SwiftCompile normal arm64 Compiling\ SizeEstimatorTests.swift,\ SocialGuardManagerTests.swift,\ SpeciesDataTests.swift /Users/emreerdener/Developer/merian/merianTests/Core/Utilities/SizeEstimatorTests.swift /Users/emreerdener/Developer/merian/merianTests/Core/Security/SocialGuardManagerTests.swift /Users/emreerdener/Developer/merian/merianTests/Models/SpeciesDataTests.swift (in target 'merianTests' from project 'Merian')

SwiftCompile normal arm64 /Users/emreerdener/Developer/merian/merianTests/Core/Utilities/SizeEstimatorTests.swift (in target 'merianTests' from project 'Merian')
    cd /Users/emreerdener/Developer/merian
    

SwiftCompile normal arm64 /Users/emreerdener/Developer/merian/merianTests/Core/Security/SocialGuardManagerTests.swift (in target 'merianTests' from project 'Merian')
    cd /Users/emreerdener/Developer/merian
    

SwiftCompile normal arm64 /Users/emreerdener/Developer/merian/merianTests/Models/SpeciesDataTests.swift (in target 'merianTests' from project 'Merian')
    cd /Users/emreerdener/Developer/merian
    

SwiftCompile normal arm64 Compiling\ DeviceIdentityManagerTests.swift,\ EnvironmentContextManagerTests.swift,\ FileIOActorTests.swift /Users/emreerdener/Developer/merian/merianTests/Core/Security/DeviceIdentityManagerTests.swift /Users/emreerdener/Developer/merian/merianTests/Core/Hardware/EnvironmentContextManagerTests.swift /Users/emreerdener/Developer/merian/merianTests/Core/Data/FileIOActorTests.swift (in target 'merianTests' from project 'Merian')


Test session results, code coverage, and logs:
	/Users/emreerdener/Library/Developer/Xcode/DerivedData/Merian-bsmebnfnhwnbdncricvwvveooidw/Logs/Test/Test-Merian-2026.04.24_00-36-10--0500.xcresult

Testing failed:
	Key path cannot refer to enum case 'failed'
	Key path cannot refer to enum case 'pending'
	Extra arguments at positions #9, #10, #11, #12, #13 in call
	Missing arguments for parameters 'timeOfDay', 'timestamp' in call
	Value of type 'OfflineQueuedScan' has no member 'scanState'
	Argument passed to call that takes no arguments
	Value of type 'OfflineQueuedScan' has no member 'scanState'
	Value of type 'OfflineQueuedScan' has no member 'scanState'
	Testing cancelled because the build failed.

** TEST FAILED **


The following build commands failed:
	SwiftCompile normal arm64 Compiling\ ObservationContextTests.swift,\ OfflineQueueManagerAudioTests.swift,\ OfflineQueueManagerTests.swift /Users/emreerdener/Developer/merian/merianTests/Models/ObservationContextTests.swift /Users/emreerdener/Developer/merian/merianTests/Core/Data/OfflineQueueManagerAudioTests.swift /Users/emreerdener/Developer/merian/merianTests/Core/Data/OfflineQueueManagerTests.swift (in target 'merianTests' from project 'Merian')
	SwiftCompile normal arm64 /Users/emreerdener/Developer/merian/merianTests/Models/ObservationContextTests.swift (in target 'merianTests' from project 'Merian')
	SwiftCompile normal arm64 /Users/emreerdener/Developer/merian/merianTests/Core/Data/OfflineQueueManagerAudioTests.swift (in target 'merianTests' from project 'Merian')
	SwiftCompile normal arm64 /Users/emreerdener/Developer/merian/merianTests/Core/Data/OfflineQueueManagerTests.swift (in target 'merianTests' from project 'Merian')
	Testing project Merian with scheme Merian
(5 failures)
